Microchip MPLAB XC8 Compiler V2.45

Linker command line:

-W-3 \
  --edf=C:\Program Files\Microchip\xc8\v2.45\pic\dat\20230818022343_en.msgs \
  -cn -h+dist/default/debug\final-project-kenton-thomas.X.debug.sym \
  --cmf=dist/default/debug\final-project-kenton-thomas.X.debug.cmf -z \
  -Q18F67K40 -oC:\Users\thoma\AppData\Local\Temp\xcAs13qc.\driver_tmp_3.o \
  --defsym=__MPLAB_BUILD=1 --fixupoverflow=error \
  -Mdist/default/debug/final-project-kenton-thomas.X.debug.map \
  --md=C:\Users\thoma\AppData\Local\Temp\xcAs13qc.\driver_tmp_0.dat -E1 \
  -ver=XC8 Compiler --acfsm=1493 -ACODE=00h-01FFFFh -ACONST=00h-01FFFFh \
  -ASMALLCONST=0E00h-0EFFhx498 -AMEDIUMCONST=0E00h-0FFFFh,010E00h-01FFFFh \
  -ACOMRAM=01h-05Fh -AABS1=00h-0DE9h -ABIGRAM=01h-0DE9h \
  -ARAM=060h-0FFh,0100h-01FFhx12,0D00h-0DE9h -ABANK0=060h-0FFh \
  -ABANK1=0100h-01FFh -ABANK2=0200h-02FFh -ABANK3=0300h-03FFh \
  -ABANK4=0400h-04FFh -ABANK5=0500h-05FFh -ABANK6=0600h-06FFh \
  -ABANK7=0700h-07FFh -ABANK8=0800h-08FFh -ABANK9=0900h-09FFh \
  -ABANK10=0A00h-0AFFh -ABANK11=0B00h-0BFFh -ABANK12=0C00h-0CFFh \
  -ABANK13=0D00h-0DE9h \
  -ASFR=0DEFh-0DFFh,0E00h-0EFFh,0F00h-0F5Fh,0F60h-0FFFh \
  -ABIGSFR=0DEFh-0FFFh -ACONFIG=0300000h-030000Bh -AIDLOC=0200000h-020000Fh \
  -AEEDATA=0310000h-03103FFh -peeprom_data=EEDATA \
  -preset_vec=00h,intcode=08h,intcodelo,powerup,init -pramtop=0E00h \
  -psmallconst=SMALLCONST -pmediumconst=MEDIUMCONST -pconst=CONST \
  -AFARRAM=00h-00h \
  -prdata=COMRAM,nvrram=COMRAM,nvbit=COMRAM,rbss=COMRAM,rbit=COMRAM \
  -pfarbss=FARRAM,fardata=FARRAM,nvFARRAM=FARRAM \
  -pintsave_regs=BIGRAM,bigbss=BIGRAM,bigdata=BIGRAM -pbss=RAM \
  -pidata=CODE,irdata=CODE,ibigdata=CODE,ifardata=CODE -prparam=COMRAM \
  C:\Users\thoma\AppData\Local\Temp\xcAs13qc.\driver_tmp_14.o \
  dist/default/debug\final-project-kenton-thomas.X.debug.o 

Object code version is 3.11

Machine type is 18F67K40



                Name                               Link     Load   Length Selector   Space Scale
C:\Users\thoma\AppData\Local\Temp\xcAs13qc.\driver_tmp_14.o
                config                           300000   300000        6        0       4
                init                                 8C       8C        4        4       0
                reset_vec                             0        0        4        0       0
dist/default/debug\final-project-kenton-thomas.X.debug.o
                intcode                               8        8       84        4       0
                config                           300000   300000        6        0       4
                temp                                 5A       5A        1        1       1
                smallconst                          E00      E00       38      700       0
                text51                             289C     289C       2C      71C       0
                text50                             2992     2992       26      71C       0
                text49                             2944     2944       28      71C       0
                text48                             2AE8     2AE8        A      71C       0
                text47                             2ADE     2ADE        A      71C       0
                text46                             2AB4     2AB4        C      71C       0
                text45                             2A7E     2A7E       18      71C       0
                text43                             27CC     27CC       36      71C       0
                text42                             2A96     2A96       12      71C       0
                text41                             28F2     28F2       2A      71C       0
                text40                             269C     269C       62      71C       0
                text39                             2A66     2A66       18      71C       0
                text38                             2A34     2A34       1A      71C       0
                text37                             2236     2236       C4      71C       0
                text36                             26FE     26FE       4E      71C       0
                text35                             2558     2558       74      71C       0
                text34                             296C     296C       26      71C       0
                text33                             1DC2     1DC2      154      71C       0
                text32                             1A9C     1A9C      1B6      71C       0
                text31                             18E6     18E6      1B6      71C       0
                text30                             1C52     1C52      170      71C       0
                text29                             28C8     28C8       2A      71C       0
                text28                             291C     291C       28      71C       0
                text27                             2AD4     2AD4        A      71C       0
                text26                             2ACA     2ACA        A      71C       0
                text25                             2AA8     2AA8        C      71C       0
                text24                             29DC     29DC       20      71C       0
                text23                             2636     2636       66      71C       0
                text22                             24E4     24E4       74      71C       0
                text21                             2058     2058      10C      71C       0
                text20                             25CC     25CC       6A      71C       0
                text19                             1F16     1F16      142      71C       0
                text18                             274C     274C       42      71C       0
                text17                             2AC0     2AC0        A      71C       0
                text16                             1394     1394      1D6      71C       0
                text15                             2454     2454       90      71C       0
                text14                             29FC     29FC       1E      71C       0
                text13                             2164     2164       D2      71C       0
                text12                             156A     156A      1C4      71C       0
                text11                              E38      E38      37A      71C       0
                text10                             2A4E     2A4E       18      71C       0
                text9                              2A1A     2A1A       1A      71C       0
                text8                              22FA     22FA       B0      71C       0
                text7                              2836     2836       34      71C       0
                text6                              2AF2     2AF2        2      71C       0
                text5                              23AA     23AA       AA      71C       0
                text4                              172E     172E      1B8      71C       0
                text3                              278E     278E       3E      71C       0
                text2                              2802     2802       34      71C       0
                text1                              29B8     29B8       24      71C       0
                text0                              11B2     11B2      1E2      71C       0
                cstackCOMRAM                          1        1       3C        1       1
                cstackBANK0                          60       60       55       60       1
                bssBANK1                            100      100       3C      100       1
                bssBANK0                             B5       B5       48       60       1
                bssCOMRAM                            3D       3D       1D        1       1
                cinit                              286A     286A       32      71C       0

TOTAL           Name                               Link     Load   Length     Space
        CLASS   CODE           
                intcode                               8        8       84         0
                init                                 8C       8C        4         0
                reset_vec                             0        0        4         0
                text51                             289C     289C       2C         0
                text50                             2992     2992       26         0
                text49                             2944     2944       28         0
                text48                             2AE8     2AE8        A         0
                text47                             2ADE     2ADE        A         0
                text46                             2AB4     2AB4        C         0
                text45                             2A7E     2A7E       18         0
                text43                             27CC     27CC       36         0
                text42                             2A96     2A96       12         0
                text41                             28F2     28F2       2A         0
                text40                             269C     269C       62         0
                text39                             2A66     2A66       18         0
                text38                             2A34     2A34       1A         0
                text37                             2236     2236       C4         0
                text36                             26FE     26FE       4E         0
                text35                             2558     2558       74         0
                text34                             296C     296C       26         0
                text33                             1DC2     1DC2      154         0
                text32                             1A9C     1A9C      1B6         0
                text31                             18E6     18E6      1B6         0
                text30                             1C52     1C52      170         0
                text29                             28C8     28C8       2A         0
                text28                             291C     291C       28         0
                text27                             2AD4     2AD4        A         0
                text26                             2ACA     2ACA        A         0
                text25                             2AA8     2AA8        C         0
                text24                             29DC     29DC       20         0
                text23                             2636     2636       66         0
                text22                             24E4     24E4       74         0
                text21                             2058     2058      10C         0
                text20                             25CC     25CC       6A         0
                text19                             1F16     1F16      142         0
                text18                             274C     274C       42         0
                text17                             2AC0     2AC0        A         0
                text16                             1394     1394      1D6         0
                text15                             2454     2454       90         0
                text14                             29FC     29FC       1E         0
                text13                             2164     2164       D2         0
                text12                             156A     156A      1C4         0
                text11                              E38      E38      37A         0
                text10                             2A4E     2A4E       18         0
                text9                              2A1A     2A1A       1A         0
                text8                              22FA     22FA       B0         0
                text7                              2836     2836       34         0
                text6                              2AF2     2AF2        2         0
                text5                              23AA     23AA       AA         0
                text4                              172E     172E      1B8         0
                text3                              278E     278E       3E         0
                text2                              2802     2802       34         0
                text1                              29B8     29B8       24         0
                text0                              11B2     11B2      1E2         0
                cinit                              286A     286A       32         0

        CLASS   CONST          

        CLASS   SMALLCONST     
                smallconst                          E00      E00       38         0

        CLASS   MEDIUMCONST    

        CLASS   COMRAM         
                temp                                 5A       5A        1         1
                cstackCOMRAM                          1        1       3C         1
                bssCOMRAM                            3D       3D       1D         1

        CLASS   ABS1           

        CLASS   BIGRAM         

        CLASS   RAM            

        CLASS   BANK0          
                cstackBANK0                          60       60       55         1
                bssBANK0                             B5       B5       48         1

        CLASS   BANK1          
                bssBANK1                            100      100       3C         1

        CLASS   BANK2          

        CLASS   BANK3          

        CLASS   BANK4          

        CLASS   BANK5          

        CLASS   BANK6          

        CLASS   BANK7          

        CLASS   BANK8          

        CLASS   BANK9          

        CLASS   BANK10         

        CLASS   BANK11         

        CLASS   BANK12         

        CLASS   BANK13         

        CLASS   SFR            

        CLASS   BIGSFR         

        CLASS   CONFIG         
                config                           300000   300000        6         4

        CLASS   IDLOC          

        CLASS   EEDATA         

        CLASS   FARRAM         

        CLASS   HEAP           

        CLASS   STACK          



SEGMENTS        Name                           Load    Length   Top    Selector   Space  Class

                reset_vec                      000000  000004  000004         0       0  CODE    
                cstackCOMRAM                   000001  00005A  00005B         1       1  COMRAM  
                intcode                        000008  000088  000090         4       0  CODE    
                cstackBANK0                    000060  00009D  0000FD        60       1  BANK0   
                bssBANK1                       000100  00003C  00013C       100       1  BANK1   
                smallconst                     000E00  000038  000E38       700       0  SMALLCON
                text11                         000E38  001CBC  002AF4       71C       0  CODE    


UNUSED ADDRESS RANGES

        Name                Unused          Largest block    Delta
        BANK0            0000FD-0000FF                3
        BANK1            00013C-0001FF               C4
        BANK10           000A00-000AFF              100
        BANK11           000B00-000BFF              100
        BANK12           000C00-000CFF              100
        BANK13           000D00-000DE9               EA
        BANK2            000200-0002FF              100
        BANK3            000300-0003FF              100
        BANK4            000400-0004FF              100
        BANK5            000500-0005FF              100
        BANK6            000600-0006FF              100
        BANK7            000700-0007FF              100
        BANK8            000800-0008FF              100
        BANK9            000900-0009FF              100
        BIGRAM           00005B-00005F                5
                         0000FD-0000FF                3
                         00013C-000DE9              CAE
        BIGSFR           000DEF-000FFF              211
        CODE             000004-000007                4
                         000090-000DFF              D70
                         002AF4-01FFFF            1D50C
        COMRAM           00005B-00005F                5
        CONFIG           300006-30000B                6
        CONST            000004-000007                4
                         000090-000DFF              D70
                         002AF4-01FFFF            1D50C
        EEDATA           310000-3103FF              400
        IDLOC            200000-20000F               10
        MEDIUMCONST      002AF4-00FFFF             D50C
                         010E00-01FFFF             F200
        RAM              0000FD-0000FF                3
                         00013C-000DE9              100
        SFR              000DEF-000FFF              100
        SMALLCONST       002AF4-01FFFF              100

                                  Symbol Table

?___aldiv                        cstackCOMRAM 000011
?___awdiv                        cstackCOMRAM 000005
?___awmod                        cstackCOMRAM 000005
?___lmul                         cstackCOMRAM 000005
?___lwdiv                        cstackCOMRAM 00000B
?___wmul                         cstackCOMRAM 000005
?_abs                            cstackCOMRAM 00000B
?_sprintf                        cstackCOMRAM 00001E
?_vfprintf                       cstackCOMRAM 00001A
ADC_getval@tmpval                cstackCOMRAM 000005
I2C_2_Master_Read@ack            cstackCOMRAM 000007
I2C_2_Master_Read@tmp            cstackCOMRAM 000008
I2C_2_Master_Write@data_byte     cstackCOMRAM 000006
TxBufferedString@string          cstackCOMRAM 000006
_ADCON0bits                      (abs)        000F60
_ADC_getval                      text39       002A66
_ADC_init                        text38       002A34
_ADPCH                           (abs)        000F5F
_ADREFbits                       (abs)        000F58
_ADRESH                          (abs)        000F64
_ANSELBbits                      (abs)        000E9A
_ANSELDbits                      (abs)        000EA7
_ANSELFbits                      (abs)        000EB4
_BAUD4CONbits                    (abs)        000EE9
_Buggy_init                      text43       0027CC
_CCP1CONbits                     (abs)        000FAB
_CCP2CONbits                     (abs)        000FA7
_CCP3CONbits                     (abs)        000F26
_CCP4CONbits                     (abs)        000F22
_CCPR1H                          (abs)        000FAA
_CCPR2H                          (abs)        000FA6
_CCPR3H                          (abs)        000F25
_CCPR4H                          (abs)        000F21
_CCPTMRS0bits                    (abs)        000FAD
_EUSART4RXbuf                    bssCOMRAM    00003D
_EUSART4TXbuf                    bssBANK1     000100
_HighISR                         intcode      000008
_I2C_2_Master_Idle               text28       00291C
_I2C_2_Master_Init               text29       0028C8
_I2C_2_Master_Read               text18       00274C
_I2C_2_Master_RepStart           text17       002AC0
_I2C_2_Master_Start              text27       002AD4
_I2C_2_Master_Stop               text26       002ACA
_I2C_2_Master_Write              text25       002AA8
_INTCONbits                      (abs)        000FF2
_IPR0bits                        (abs)        000E1F
_Interrupts_init                 text42       002A96
_LATAbits                        (abs)        000F79
_LATCbits                        (abs)        000F7B
_LATDbits                        (abs)        000F7C
_LATEbits                        (abs)        000F7D
_LATFbits                        (abs)        000F7E
_LATGbits                        (abs)        000F7F
_LATHbits                        (abs)        000F80
_PIE0bits                        (abs)        000E29
_PIE4bits                        (abs)        000E2D
_PIR0bits                        (abs)        000E33
_PIR4bits                        (abs)        000E37
_PORTFbits                       (abs)        000F8E
_RC0PPS                          (abs)        000E62
_RC4REG                          (abs)        000EE3
_RC4STAbits                      (abs)        000EE7
_RC7PPS                          (abs)        000E69
_RD5PPS                          (abs)        000E6F
_RD6PPS                          (abs)        000E70
_RE2PPS                          (abs)        000E74
_RE4PPS                          (abs)        000E76
_RG6PPS                          (abs)        000E88
_RX4PPS                          (abs)        000E15
_RxBufReadCnt                    bssCOMRAM    000058
_RxBufWriteCnt                   bssCOMRAM    000059
_SP4BRGH                         (abs)        000EE6
_SP4BRGL                         (abs)        000EE5
_SSP2ADD                         (abs)        000ED6
_SSP2BUF                         (abs)        000ED5
_SSP2CLKPPS                      (abs)        000E1C
_SSP2CON1bits                    (abs)        000ED9
_SSP2CON2                        (abs)        000EDA
_SSP2CON2bits                    (abs)        000EDA
_SSP2DATPPS                      (abs)        000E1D
_SSP2STAT                        (abs)        000ED8
_T2CLKCONbits                    (abs)        000FBF
_T2CONbits                       (abs)        000FBD
_T2HLTbits                       (abs)        000FBE
_T2PR                            (abs)        000FBC
_TRISAbits                       (abs)        000F81
_TRISBbits                       (abs)        000F82
_TRISCbits                       (abs)        000F83
_TRISDbits                       (abs)        000F84
_TRISEbits                       (abs)        000F85
_TRISFbits                       (abs)        000F86
_TRISGbits                       (abs)        000F87
_TRISHbits                       (abs)        000F88
_TX4REG                          (abs)        000EE4
_TX4STAbits                      (abs)        000EE8
_TxBufReadCnt                    bssCOMRAM    000056
_TxBufWriteCnt                   bssCOMRAM    000057
_TxBufferedString                text40       00269C
__HRAM                           (abs)        000000
__H__absolute__                  __absolute__ 000000
__Habs1                          abs1         000000
__Hbank0                         bank0        000000
__Hbank1                         bank1        000000
__Hbank10                        bank10       000000
__Hbank11                        bank11       000000
__Hbank12                        bank12       000000
__Hbank13                        bank13       000000
__Hbank2                         bank2        000000
__Hbank3                         bank3        000000
__Hbank4                         bank4        000000
__Hbank5                         bank5        000000
__Hbank6                         bank6        000000
__Hbank7                         bank7        000000
__Hbank8                         bank8        000000
__Hbank9                         bank9        000000
__Hbigbss                        bigbss       000000
__Hbigdata                       bigdata      000000
__Hbigram                        bigram       000000
__Hbigsfr                        bigsfr       000000
__Hbss                           bss          000000
__HbssBANK0                      bssBANK0     000000
__HbssBANK1                      bssBANK1     000000
__HbssCOMRAM                     bssCOMRAM    000000
__Hcinit                         cinit        000000
__Hclrtext                       clrtext      000000
__Hcomram                        comram       000000
__Hconfig                        config       300006
__Hconst                         const        000000
__HcstackBANK0                   cstackBANK0  000000
__HcstackCOMRAM                  cstackCOMRAM 000000
__Hdata                          data         000000
__Heeprom_data                   eeprom_data  000000
__Hfarbss                        farbss       000000
__Hfardata                       fardata      000000
__Hheap                          heap         000000
__Hibigdata                      ibigdata     000000
__Hidata                         idata        000000
__Hidloc                         idloc        000000
__Hifardata                      ifardata     000000
__Hinit                          init         000090
__Hintcode                       intcode      00008C
__Hintcode_body                  intcode_body 000000
__Hintcodelo                     intcodelo    00008C
__Hintentry                      intentry     000000
__Hintret                        intret       000000
__Hintsave_regs                  intsave_regs 000000
__Hirdata                        irdata       000000
__Hmediumconst                   mediumconst  000000
__HnvFARRAM                      nvFARRAM     000000
__Hnvbit                         nvbit        000000
__Hnvrram                        nvrram       000000
__Hparam                         rparam       000000
__Hpowerup                       powerup      00008C
__Hram                           ram          000000
__Hramtop                        ramtop       000E00
__Hrbit                          rbit         000000
__Hrbss                          rbss         000000
__Hrdata                         rdata        000000
__Hreset_vec                     reset_vec    000004
__Hrparam                        rparam       000000
__Hsfr                           sfr          000000
__Hsmallconst                    smallconst   000E38
__Hspace_0                       (abs)        002AF4
__Hspace_1                       (abs)        00013C
__Hspace_2                       (abs)        000000
__Hspace_4                       (abs)        600006
__Hstack                         stack        000000
__Hstruct                        struct       000000
__Htemp                          temp         00005B
__Htext                          text         000000
__Htext0                         text0        000000
__Htext1                         text1        000000
__Htext10                        text10       000000
__Htext11                        text11       000000
__Htext12                        text12       000000
__Htext13                        text13       000000
__Htext14                        text14       000000
__Htext15                        text15       000000
__Htext16                        text16       000000
__Htext17                        text17       000000
__Htext18                        text18       000000
__Htext19                        text19       000000
__Htext2                         text2        000000
__Htext20                        text20       000000
__Htext21                        text21       000000
__Htext22                        text22       000000
__Htext23                        text23       000000
__Htext24                        text24       000000
__Htext25                        text25       000000
__Htext26                        text26       000000
__Htext27                        text27       000000
__Htext28                        text28       000000
__Htext29                        text29       000000
__Htext3                         text3        000000
__Htext30                        text30       000000
__Htext31                        text31       000000
__Htext32                        text32       000000
__Htext33                        text33       000000
__Htext34                        text34       000000
__Htext35                        text35       000000
__Htext36                        text36       000000
__Htext37                        text37       000000
__Htext38                        text38       000000
__Htext39                        text39       000000
__Htext4                         text4        000000
__Htext40                        text40       000000
__Htext41                        text41       000000
__Htext42                        text42       000000
__Htext43                        text43       000000
__Htext45                        text45       000000
__Htext46                        text46       000000
__Htext47                        text47       000000
__Htext48                        text48       000000
__Htext49                        text49       000000
__Htext5                         text5        000000
__Htext50                        text50       000000
__Htext51                        text51       000000
__Htext6                         text6        000000
__Htext7                         text7        000000
__Htext8                         text8        000000
__Htext9                         text9        000000
__LRAM                           (abs)        000001
__L__absolute__                  __absolute__ 000000
__Labs1                          abs1         000000
__Lbank0                         bank0        000000
__Lbank1                         bank1        000000
__Lbank10                        bank10       000000
__Lbank11                        bank11       000000
__Lbank12                        bank12       000000
__Lbank13                        bank13       000000
__Lbank2                         bank2        000000
__Lbank3                         bank3        000000
__Lbank4                         bank4        000000
__Lbank5                         bank5        000000
__Lbank6                         bank6        000000
__Lbank7                         bank7        000000
__Lbank8                         bank8        000000
__Lbank9                         bank9        000000
__Lbigbss                        bigbss       000000
__Lbigdata                       bigdata      000000
__Lbigram                        bigram       000000
__Lbigsfr                        bigsfr       000000
__Lbss                           bss          000000
__LbssBANK0                      bssBANK0     000000
__LbssBANK1                      bssBANK1     000000
__LbssCOMRAM                     bssCOMRAM    000000
__Lcinit                         cinit        000000
__Lclrtext                       clrtext      000000
__Lcomram                        comram       000000
__Lconfig                        config       000000
__Lconst                         const        000000
__LcstackBANK0                   cstackBANK0  000000
__LcstackCOMRAM                  cstackCOMRAM 000000
__Ldata                          data         000000
__Leeprom_data                   eeprom_data  000000
__Lfarbss                        farbss       000000
__Lfardata                       fardata      000000
__Lheap                          heap         000000
__Libigdata                      ibigdata     000000
__Lidata                         idata        000000
__Lidloc                         idloc        000000
__Lifardata                      ifardata     000000
__Linit                          init         00008C
__Lintcode                       intcode      000008
__Lintcode_body                  intcode_body 000000
__Lintcodelo                     intcodelo    00008C
__Lintentry                      intentry     000000
__Lintret                        intret       000000
__Lintsave_regs                  intsave_regs 000000
__Lirdata                        irdata       000000
__Lmediumconst                   mediumconst  000000
__LnvFARRAM                      nvFARRAM     000000
__Lnvbit                         nvbit        000000
__Lnvrram                        nvrram       000000
__Lparam                         rparam       000000
__Lpowerup                       powerup      00008C
__Lram                           ram          000000
__Lramtop                        ramtop       000E00
__Lrbit                          rbit         000000
__Lrbss                          rbss         000000
__Lrdata                         rdata        000000
__Lreset_vec                     reset_vec    000000
__Lrparam                        rparam       000000
__Lsfr                           sfr          000000
__Lsmallconst                    smallconst   000E00
__Lspace_0                       (abs)        000000
__Lspace_1                       (abs)        000000
__Lspace_2                       (abs)        000000
__Lspace_4                       (abs)        000000
__Lstack                         stack        000000
__Lstruct                        struct       000000
__Ltemp                          temp         00005A
__Ltext                          text         000000
__Ltext0                         text0        000000
__Ltext1                         text1        000000
__Ltext10                        text10       000000
__Ltext11                        text11       000000
__Ltext12                        text12       000000
__Ltext13                        text13       000000
__Ltext14                        text14       000000
__Ltext15                        text15       000000
__Ltext16                        text16       000000
__Ltext17                        text17       000000
__Ltext18                        text18       000000
__Ltext19                        text19       000000
__Ltext2                         text2        000000
__Ltext20                        text20       000000
__Ltext21                        text21       000000
__Ltext22                        text22       000000
__Ltext23                        text23       000000
__Ltext24                        text24       000000
__Ltext25                        text25       000000
__Ltext26                        text26       000000
__Ltext27                        text27       000000
__Ltext28                        text28       000000
__Ltext29                        text29       000000
__Ltext3                         text3        000000
__Ltext30                        text30       000000
__Ltext31                        text31       000000
__Ltext32                        text32       000000
__Ltext33                        text33       000000
__Ltext34                        text34       000000
__Ltext35                        text35       000000
__Ltext36                        text36       000000
__Ltext37                        text37       000000
__Ltext38                        text38       000000
__Ltext39                        text39       000000
__Ltext4                         text4        000000
__Ltext40                        text40       000000
__Ltext41                        text41       000000
__Ltext42                        text42       000000
__Ltext43                        text43       000000
__Ltext45                        text45       000000
__Ltext46                        text46       000000
__Ltext47                        text47       000000
__Ltext48                        text48       000000
__Ltext49                        text49       000000
__Ltext5                         text5        000000
__Ltext50                        text50       000000
__Ltext51                        text51       000000
__Ltext6                         text6        000000
__Ltext7                         text7        000000
__Ltext8                         text8        000000
__Ltext9                         text9        000000
__S0                             (abs)        002AF4
__S1                             (abs)        00013C
__S4                             (abs)        000000
__S5                             (abs)        000000
___aldiv                         text21       002058
___aldiv@counter                 cstackCOMRAM 000019
___aldiv@dividend                cstackCOMRAM 000011
___aldiv@divisor                 cstackCOMRAM 000015
___aldiv@quotient                cstackCOMRAM 00001B
___aldiv@sign                    cstackCOMRAM 00001A
___awdiv                         text37       002236
___awdiv@counter                 cstackCOMRAM 000009
___awdiv@dividend                cstackCOMRAM 000005
___awdiv@divisor                 cstackCOMRAM 000007
___awdiv@quotient                cstackCOMRAM 00000B
___awdiv@sign                    cstackCOMRAM 00000A
___awmod                         text8        0022FA
___awmod@counter                 cstackCOMRAM 000009
___awmod@dividend                cstackCOMRAM 000005
___awmod@divisor                 cstackCOMRAM 000007
___awmod@sign                    cstackCOMRAM 00000A
___heap_hi                       (abs)        000000
___heap_lo                       (abs)        000000
___inthi_sp                      stack        000000
___inthi_stack_hi                stack        000000
___inthi_stack_lo                stack        000000
___intlo_sp                      stack        000000
___intlo_stack_hi                stack        000000
___intlo_stack_lo                stack        000000
___lmul                          text20       0025CC
___lmul@multiplicand             cstackCOMRAM 000009
___lmul@multiplier               cstackCOMRAM 000005
___lmul@product                  cstackCOMRAM 00000D
___lwdiv                         text35       002558
___lwdiv@counter                 cstackCOMRAM 000011
___lwdiv@dividend                cstackCOMRAM 00000B
___lwdiv@divisor                 cstackCOMRAM 00000D
___lwdiv@quotient                cstackCOMRAM 00000F
___param_bank                    (abs)        000000
___rparam_used                   (abs)        000001
___sp                            stack        000000
___stack_hi                      stack        000000
___stack_lo                      stack        000000
___wmul                          text34       00296C
___wmul@multiplicand             cstackCOMRAM 000007
___wmul@multiplier               cstackCOMRAM 000005
___wmul@product                  cstackCOMRAM 000009
__accesstop                      (abs)        000060
__activetblptr                   (abs)        000002
__end_of_ADC_getval              text39       002A7E
__end_of_ADC_init                text38       002A4E
__end_of_Buggy_init              text43       002802
__end_of_HighISR                 intcode      00008C
__end_of_I2C_2_Master_Idle       text28       002944
__end_of_I2C_2_Master_Init       text29       0028F2
__end_of_I2C_2_Master_Read       text18       00278E
__end_of_I2C_2_Master_RepStart   text17       002ACA
__end_of_I2C_2_Master_Start      text27       002ADE
__end_of_I2C_2_Master_Stop       text26       002AD4
__end_of_I2C_2_Master_Write      text25       002AB4
__end_of_Interrupts_init         text42       002AA8
__end_of_TxBufferedString        text40       0026FE
__end_of___aldiv                 text21       002164
__end_of___awdiv                 text37       0022FA
__end_of___awmod                 text8        0023AA
__end_of___lmul                  text20       002636
__end_of___lwdiv                 text35       0025CC
__end_of___wmul                  text34       002992
__end_of__initialization         cinit        00288E
__end_of_abs                     text7        00286A
__end_of_batteryLevel            text36       00274C
__end_of_calibration             text30       001DC2
__end_of_color_click_init        text23       00269C
__end_of_color_detect            text22       002558
__end_of_color_normalise         text19       002058
__end_of_color_read              text16       00156A
__end_of_color_writetoaddr       text24       0029FC
__end_of_fputc                   text5        002454
__end_of_fullSpeedAhead          text13       002236
__end_of_getCharFromTxBuf        text51       0028C8
__end_of_initDCmotorsPWM         text15       0024E4
__end_of_initUSART4              text14       002A1A
__end_of_isDataInTxBuf           text10       002A66
__end_of_main                    text0        001394
__end_of_move                    text11       0011B2
__end_of_putCharToRxBuf          text50       0029B8
__end_of_putCharToTxBuf          text41       00291C
__end_of_putch                   text6        002AF4
__end_of_reverseOneSquare        text12       00172E
__end_of_sendTxBuf               text9        002A34
__end_of_setMotorPWM             text33       001F16
__end_of_sprintf                 text2        002836
__end_of_turnLeft                text32       001C52
__end_of_turnRight               text31       001A9C
__end_of_vfpfcnvrt               text4        0018E6
__end_of_vfprintf                text3        0027CC
__end_of_white_Light             text1        0029DC
__end_ofi2_I2C_2_Master_Idle     text49       00296C
__end_ofi2_I2C_2_Master_Start    text48       002AF2
__end_ofi2_I2C_2_Master_Stop     text47       002AE8
__end_ofi2_I2C_2_Master_Write    text46       002AC0
__end_ofi2_isDataInTxBuf         text45       002A96
__initialization                 cinit        00286A
__mediumconst                    mediumconst  000000
__pbssBANK0                      bssBANK0     0000B5
__pbssBANK1                      bssBANK1     000100
__pbssCOMRAM                     bssCOMRAM    00003D
__pcinit                         cinit        00286A
__pcstackBANK0                   cstackBANK0  000060
__pcstackCOMRAM                  cstackCOMRAM 000001
__pintcode                       intcode      000008
__psmallconst                    smallconst   000E00
__ptext0                         text0        0011B2
__ptext1                         text1        0029B8
__ptext10                        text10       002A4E
__ptext11                        text11       000E38
__ptext12                        text12       00156A
__ptext13                        text13       002164
__ptext14                        text14       0029FC
__ptext15                        text15       002454
__ptext16                        text16       001394
__ptext17                        text17       002AC0
__ptext18                        text18       00274C
__ptext19                        text19       001F16
__ptext2                         text2        002802
__ptext20                        text20       0025CC
__ptext21                        text21       002058
__ptext22                        text22       0024E4
__ptext23                        text23       002636
__ptext24                        text24       0029DC
__ptext25                        text25       002AA8
__ptext26                        text26       002ACA
__ptext27                        text27       002AD4
__ptext28                        text28       00291C
__ptext29                        text29       0028C8
__ptext3                         text3        00278E
__ptext30                        text30       001C52
__ptext31                        text31       0018E6
__ptext32                        text32       001A9C
__ptext33                        text33       001DC2
__ptext34                        text34       00296C
__ptext35                        text35       002558
__ptext36                        text36       0026FE
__ptext37                        text37       002236
__ptext38                        text38       002A34
__ptext39                        text39       002A66
__ptext4                         text4        00172E
__ptext40                        text40       00269C
__ptext41                        text41       0028F2
__ptext42                        text42       002A96
__ptext43                        text43       0027CC
__ptext45                        text45       002A7E
__ptext46                        text46       002AB4
__ptext47                        text47       002ADE
__ptext48                        text48       002AE8
__ptext49                        text49       002944
__ptext5                         text5        0023AA
__ptext50                        text50       002992
__ptext51                        text51       00289C
__ptext6                         text6        002AF2
__ptext7                         text7        002836
__ptext8                         text8        0022FA
__ptext9                         text9        002A1A
__ramtop                         ramtop       000E00
__smallconst                     smallconst   000E00
_abs                             text7        002836
_batteryLevel                    text36       0026FE
_calibration                     text30       001C52
_color_click_init                text23       002636
_color_detect                    text22       0024E4
_color_normalise                 text19       001F16
_color_read                      text16       001394
_color_writetoaddr               text24       0029DC
_dbuf                            bssBANK0     0000DD
_flags                           bssCOMRAM    000055
_fputc                           text5        0023AA
_fullSpeedAhead                  text13       002164
_getCharFromTxBuf                text51       00289C
_initDCmotorsPWM                 text15       002454
_initUSART4                      text14       0029FC
_isDataInTxBuf                   text10       002A4E
_main                            text0        0011B2
_move                            text11       000E38
_prec                            bssCOMRAM    000053
_putCharToRxBuf                  text50       002992
_putCharToTxBuf                  text41       0028F2
_putch                           text6        002AF2
_reverseOneSquare                text12       00156A
_sendTxBuf                       text9        002A1A
_setMotorPWM                     text33       001DC2
_sprintf                         text2        002802
_turnLeft                        text32       001A9C
_turnRight                       text31       0018E6
_vfpfcnvrt                       text4        00172E
_vfprintf                        text3        00278E
_white_Light                     text1        0029B8
_width                           bssCOMRAM    000051
abs@a                            cstackCOMRAM 00000B
batteryLevel@batteryQuarter      cstackCOMRAM 00000E
batteryLevel@batteryVoltage      cstackCOMRAM 00000D
btemp                            temp         00005A
calibration@mL                   cstackCOMRAM 000023
calibration@mR                   cstackCOMRAM 000024
calibration@turnDuration         cstackCOMRAM 000026
calibration@turnRamp             cstackCOMRAM 000027
calibration@turnSpeed            cstackCOMRAM 000025
color_detect@RGBC_n              cstackCOMRAM 000005
color_detect@color               cstackCOMRAM 00000D
color_normalise@RGBC             cstackCOMRAM 00001F
color_normalise@RGBC_n           cstackCOMRAM 000027
color_read@RGBC                  cstackCOMRAM 000009
color_writetoaddr@address        cstackCOMRAM 000008
color_writetoaddr@value          cstackCOMRAM 000007
end_of_initialization            cinit        00288E
fputc@c                          cstackCOMRAM 000005
fputc@fp                         cstackCOMRAM 000007
fullSpeedAhead@cur_power         cstackCOMRAM 000020
fullSpeedAhead@i                 cstackCOMRAM 00001E
fullSpeedAhead@mL                cstackCOMRAM 000017
fullSpeedAhead@mR                cstackCOMRAM 000018
fullSpeedAhead@straightRamp      cstackCOMRAM 00001A
fullSpeedAhead@straightSpeed     cstackCOMRAM 000019
i2I2C_2_Master_Write@data_byte   cstackCOMRAM 000002
i2_I2C_2_Master_Idle             text49       002944
i2_I2C_2_Master_Start            text48       002AE8
i2_I2C_2_Master_Stop             text47       002ADE
i2_I2C_2_Master_Write            text46       002AB4
i2_isDataInTxBuf                 text45       002A7E
initDCmotorsPWM@PWMperiod        cstackCOMRAM 000005
int$flags                        temp         00005A
intlevel0                        text         000000
intlevel1                        text         000000
intlevel2                        text         000000
intlevel3                        text         000000
isa$std                          (abs)        000001
isa$xinst                        (abs)        000000
main@RGBC                        cstackBANK0  000099
main@RGBC_n                      cstackBANK0  000091
main@buf                         cstackBANK0  000062
main@color                       cstackBANK0  00008D
main@motorL                      cstackBANK0  0000A1
main@motorR                      cstackBANK0  0000AB
main@reverseDuration             cstackBANK0  00008C
main@straightRamp                cstackBANK0  00008B
main@straightSpeed               cstackBANK0  00008A
main@turnDuration                cstackBANK0  000090
main@turnRamp                    cstackBANK0  00008F
main@turnSpeed                   cstackBANK0  00008E
move@color                       cstackCOMRAM 000025
move@mL                          cstackCOMRAM 000023
move@mR                          cstackCOMRAM 000024
move@reverseDuration             cstackCOMRAM 000027
move@straightRamp                cstackCOMRAM 000028
move@straightSpeed               cstackCOMRAM 000026
move@turnDuration                cstackCOMRAM 00002A
move@turnRamp                    cstackCOMRAM 00002B
move@turnSpeed                   cstackCOMRAM 000029
putCharToRxBuf@byte              cstackCOMRAM 000001
putCharToTxBuf@byte              cstackCOMRAM 000005
reverseOneSquare@cur_power       cstackCOMRAM 000021
reverseOneSquare@i               cstackCOMRAM 00001F
reverseOneSquare@mL              cstackCOMRAM 000017
reverseOneSquare@mR              cstackCOMRAM 000018
reverseOneSquare@reverseDuration cstackCOMRAM 00001A
reverseOneSquare@straightRamp    cstackCOMRAM 00001B
reverseOneSquare@straightSpeed   cstackCOMRAM 000019
setMotorPWM@m                    cstackCOMRAM 000012
setMotorPWM@negDuty              cstackCOMRAM 000016
setMotorPWM@posDuty              cstackCOMRAM 000015
sprintf@ap                       cstackCOMRAM 000030
sprintf@f                        cstackCOMRAM 000031
sprintf@fmt                      cstackCOMRAM 00001F
sprintf@s                        cstackCOMRAM 00001E
stackhi                          (abs)        000000
stacklo                          (abs)        000000
start                            init         00008C
start_initialization             cinit        00286A
ttemp5                           temp         00005B
ttemp6                           temp         00005E
ttemp7                           temp         000062
turnLeft@cur_power               cstackCOMRAM 000021
turnLeft@i                       cstackCOMRAM 00001F
turnLeft@mL                      cstackCOMRAM 000017
turnLeft@mR                      cstackCOMRAM 000018
turnLeft@turnDuration            cstackCOMRAM 00001A
turnLeft@turnRamp                cstackCOMRAM 00001B
turnLeft@turnSpeed               cstackCOMRAM 000019
turnRight@cur_power              cstackCOMRAM 000021
turnRight@i                      cstackCOMRAM 00001F
turnRight@mL                     cstackCOMRAM 000017
turnRight@mR                     cstackCOMRAM 000018
turnRight@turnDuration           cstackCOMRAM 00001A
turnRight@turnRamp               cstackCOMRAM 00001B
turnRight@turnSpeed              cstackCOMRAM 000019
vfpfcnvrt@ap                     cstackCOMRAM 000011
vfpfcnvrt@c                      cstackCOMRAM 000019
vfpfcnvrt@convarg                cstackCOMRAM 000015
vfpfcnvrt@cp                     cstackCOMRAM 000014
vfpfcnvrt@done                   cstackCOMRAM 000013
vfpfcnvrt@fmt                    cstackCOMRAM 000010
vfpfcnvrt@fp                     cstackCOMRAM 00000F
vfprintf@ap                      cstackCOMRAM 00001C
vfprintf@cfmt                    cstackCOMRAM 00001D
vfprintf@fmt                     cstackCOMRAM 00001B
vfprintf@fp                      cstackCOMRAM 00001A
white_Light@state                cstackCOMRAM 000005
wtemp8                           temp         00005B


MODULE INFORMATION

Module		Function		Class		Link	Load	Size
C:\Program Files\Microchip\xc8\v2.45\pic\sources\c99\common\aldiv.c
		___aldiv       		CODE           	2058	0000	268

C:\Program Files\Microchip\xc8\v2.45\pic\sources\c99\common\aldiv.c estimated size: 268

C:\Program Files\Microchip\xc8\v2.45\pic\sources\c99\common\Umul16.c
		___wmul        		CODE           	296C	0000	38

C:\Program Files\Microchip\xc8\v2.45\pic\sources\c99\common\Umul16.c estimated size: 38

serial.c
		_putCharToRxBuf		CODE           	2992	0000	38
		_putCharToTxBuf		CODE           	28F2	0000	42
		_isDataInTxBuf 		CODE           	2A4E	0000	24
		_TxBufferedString		CODE           	269C	0000	98
		_getCharFromTxBuf		CODE           	289C	0000	44
		_sendTxBuf     		CODE           	2A1A	0000	26
		_initUSART4    		CODE           	29FC	0000	30

serial.c estimated size: 302

color.c
		_color_writetoaddr		CODE           	29DC	0000	32
		_color_normalise		CODE           	1F16	0000	322
		_color_click_init		CODE           	2636	0000	102
		_color_read    		CODE           	1394	0000	470
		_white_Light   		CODE           	29B8	0000	36
		_color_detect  		CODE           	24E4	0000	116

color.c estimated size: 1078

dc_motor.c
		_fullSpeedAhead		CODE           	2164	0000	210
		_turnLeft      		CODE           	1A9C	0000	438
		_initDCmotorsPWM		CODE           	2454	0000	144
		_turnRight     		CODE           	18E6	0000	438
		_move          		CODE           	0E38	0000	890
		_setMotorPWM   		CODE           	1DC2	0000	340
		_calibration   		CODE           	1C52	0000	368
		_reverseOneSquare		CODE           	156A	0000	452

dc_motor.c estimated size: 3280

interrupts.c
		_Interrupts_init		CODE           	2A96	0000	18
		_HighISR       		CODE           	0008	0000	132

interrupts.c estimated size: 150

i2c.c
		_I2C_2_Master_Start		CODE           	2AD4	0000	10
		_I2C_2_Master_Read		CODE           	274C	0000	66
		_I2C_2_Master_Idle		CODE           	291C	0000	40
		_I2C_2_Master_Init		CODE           	28C8	0000	42
		_I2C_2_Master_Stop		CODE           	2ACA	0000	10
		_I2C_2_Master_RepStart		CODE           	2AC0	0000	10
		_I2C_2_Master_Write		CODE           	2AA8	0000	12

i2c.c estimated size: 190

C:\Program Files\Microchip\xc8\v2.45\pic\sources\c99\common\Umul32.c
		___lmul        		CODE           	25CC	0000	106

C:\Program Files\Microchip\xc8\v2.45\pic\sources\c99\common\Umul32.c estimated size: 106

buggysetup.c
		_Buggy_init    		CODE           	27CC	0000	54

buggysetup.c estimated size: 54

C:\Program Files\Microchip\xc8\v2.45\pic\sources\c99\common\nf_sprintf.c
		_sprintf       		CODE           	2802	0000	52

C:\Program Files\Microchip\xc8\v2.45\pic\sources\c99\common\nf_sprintf.c estimated size: 52

C:\Program Files\Microchip\xc8\v2.45\pic\sources\c99\common\awmod.c
		___awmod       		CODE           	22FA	0000	176

C:\Program Files\Microchip\xc8\v2.45\pic\sources\c99\common\awmod.c estimated size: 176

C:\Program Files\Microchip\xc8\v2.45\pic\sources\c99\common\putch.c
		_putch         		CODE           	2AF2	0000	2

C:\Program Files\Microchip\xc8\v2.45\pic\sources\c99\common\putch.c estimated size: 2

battery.c
		_batteryLevel  		CODE           	26FE	0000	78

battery.c estimated size: 78

shared
		i2_I2C_2_Master_Stop		CODE           	2ADE	0000	10
		i2_I2C_2_Master_Idle		CODE           	2944	0000	40
		__initialization		CODE           	286A	0000	36
		i2_isDataInTxBuf		CODE           	2A7E	0000	24
		i2_I2C_2_Master_Write		CODE           	2AB4	0000	12
		i2_I2C_2_Master_Start		CODE           	2AE8	0000	10

shared estimated size: 132

C:\Program Files\Microchip\xc8\v2.45\pic\sources\c99\common\abs.c
		_abs           		CODE           	2836	0000	52

C:\Program Files\Microchip\xc8\v2.45\pic\sources\c99\common\abs.c estimated size: 52

ADC.c
		_ADC_init      		CODE           	2A34	0000	26
		_ADC_getval    		CODE           	2A66	0000	24

ADC.c estimated size: 50

main.c
		_main          		CODE           	11B2	0000	482

main.c estimated size: 482

C:\Program Files\Microchip\xc8\v2.45\pic\sources\c99\common\nf_fputc.c
		_fputc         		CODE           	23AA	0000	170

C:\Program Files\Microchip\xc8\v2.45\pic\sources\c99\common\nf_fputc.c estimated size: 170

C:\Program Files\Microchip\xc8\v2.45\pic\sources\c99\common\doprnt.c
		_vfpfcnvrt     		CODE           	172E	0000	440
		_vfprintf      		CODE           	278E	0000	62

C:\Program Files\Microchip\xc8\v2.45\pic\sources\c99\common\doprnt.c estimated size: 502

C:\Program Files\Microchip\xc8\v2.45\pic\sources\c99\common\lwdiv.c
		___lwdiv       		CODE           	2558	0000	116

C:\Program Files\Microchip\xc8\v2.45\pic\sources\c99\common\lwdiv.c estimated size: 116

C:\Program Files\Microchip\xc8\v2.45\pic\sources\c99\common\awdiv.c
		___awdiv       		CODE           	2236	0000	196

C:\Program Files\Microchip\xc8\v2.45\pic\sources\c99\common\awdiv.c estimated size: 196

