Microchip MPLAB XC8 Compiler V2.45

Linker command line:

-W-3 \
  --edf=C:\Program Files\Microchip\xc8\v2.45\pic\dat\20230818022343_en.msgs \
  -cn \
  -h+dist/default/production\final-project-kenton-thomas.X.production.sym \
  --cmf=dist/default/production\final-project-kenton-thomas.X.production.cmf \
  -z -Q18F67K40 -oC:\Users\wongk\AppData\Local\Temp\xcAs6js.\driver_tmp_3.o \
  --defsym=__MPLAB_BUILD=1 --fixupoverflow=error \
  -Mdist/default/production/final-project-kenton-thomas.X.production.map \
  --md=C:\Users\wongk\AppData\Local\Temp\xcAs6js.\driver_tmp_0.dat -E1 \
  -ver=XC8 Compiler --acfsm=1493 -ACODE=00h-01FFFFh -ACONST=00h-01FFFFh \
  -ASMALLCONST=0E00h-0EFFhx498 -AMEDIUMCONST=0E00h-0FFFFh,010E00h-01FFFFh \
  -ACOMRAM=01h-05Fh -AABS1=00h-0DE9h -ABIGRAM=01h-0DE9h \
  -ARAM=060h-0FFh,0100h-01FFhx12,0D00h-0DE9h -ABANK0=060h-0FFh \
  -ABANK1=0100h-01FFh -ABANK2=0200h-02FFh -ABANK3=0300h-03FFh \
  -ABANK4=0400h-04FFh -ABANK5=0500h-05FFh -ABANK6=0600h-06FFh \
  -ABANK7=0700h-07FFh -ABANK8=0800h-08FFh -ABANK9=0900h-09FFh \
  -ABANK10=0A00h-0AFFh -ABANK11=0B00h-0BFFh -ABANK12=0C00h-0CFFh \
  -ABANK13=0D00h-0DE9h \
  -ASFR=0DEFh-0DFFh,0E00h-0EFFh,0F00h-0F5Fh,0F60h-0FFFh \
  -ABIGSFR=0DEFh-0FFFh -ACONFIG=0300000h-030000Bh -AIDLOC=0200000h-020000Fh \
  -AEEDATA=0310000h-03103FFh -peeprom_data=EEDATA \
  -preset_vec=00h,intcode=08h,intcodelo,powerup,init -pramtop=0E00h \
  -psmallconst=SMALLCONST -pmediumconst=MEDIUMCONST -pconst=CONST \
  -AFARRAM=00h-00h \
  -prdata=COMRAM,nvrram=COMRAM,nvbit=COMRAM,rbss=COMRAM,rbit=COMRAM \
  -pfarbss=FARRAM,fardata=FARRAM,nvFARRAM=FARRAM \
  -pintsave_regs=BIGRAM,bigbss=BIGRAM,bigdata=BIGRAM -pbss=RAM \
  -pidata=CODE,irdata=CODE,ibigdata=CODE,ifardata=CODE -prparam=COMRAM \
  C:\Users\wongk\AppData\Local\Temp\xcAs6js.\driver_tmp_9.o \
  dist/default/production\final-project-kenton-thomas.X.production.o 

Object code version is 3.11

Machine type is 18F67K40



                Name                               Link     Load   Length Selector   Space Scale
C:\Users\wongk\AppData\Local\Temp\xcAs6js.\driver_tmp_9.o
                config                           300000   300000        6        0       4
                init                                 92       92        4        4       0
                reset_vec                             0        0        4        0       0
dist/default/production\final-project-kenton-thomas.X.production.o
                intcode                               8        8       8A        4       0
                config                           300000   300000        6        0       4
                temp                                 4F       4F        1        1       1
                smallconst                          E00      E00        2      700       0
                text52                             47D4     47D4       26      701       0
                text51                             48CE     48CE       18      701       0
                text50                             47AE     47AE       26      701       0
                text49                             4760     4760       28      701       0
                text48                             4930     4930        A      701       0
                text47                             4926     4926        A      701       0
                text46                             48F2     48F2        C      701       0
                text45                             485E     485E       20      701       0
                text44                             43D2     43D2       7A      701       0
                text42                             4658     4658       36      701       0
                text41                             483E     483E       20      701       0
                text40                             48B6     48B6       18      701       0
                text39                             489C     489C       1A      701       0
                text38                             4160     4160       C4      701       0
                text37                             4590     4590       4E      701       0
                text36                             444C     444C       74      701       0
                text35                             4788     4788       26      701       0
                text34                             3CFC     3CFC      16C      701       0
                text33                             3B28     3B28      1D4      701       0
                text32                             3954     3954      1D4      701       0
                text31                             307E     307E      29A      701       0
                text30                             4738     4738       28      701       0
                text29                             45DE     45DE       42      701       0
                text28                             491C     491C        A      701       0
                text27                             4912     4912        A      701       0
                text26                             4908     4908        A      701       0
                text25                             48E6     48E6        C      701       0
                text24                             3580     3580      1EE      701       0
                text23                             3E68     3E68      10C      701       0
                text22                             4224     4224       A4      701       0
                text21                             44C0     44C0       6A      701       0
                text20                             46BA     46BA       2C      701       0
                text19                             468E     468E       2C      701       0
                text18                             276E     276E      4DC      701       0
                text17                             47FA     47FA       24      701       0
                text16                             21B2     21B2      5BC      701       0
                text15                             46E6     46E6       2A      701       0
                text14                             481E     481E       20      701       0
                text13                             4358     4358       7A      701       0
                text12                             4620     4620       38      701       0
                text11                             3318     3318      268      701       0
                text10                             42C8     42C8       90      701       0
                text9                              487E     487E       1E      701       0
                text8                              407C     407C       E4      701       0
                text7                              4710     4710       28      701       0
                text6                              48FE     48FE        A      701       0
                text5                              376E     376E      1E6      701       0
                text4                              3F74     3F74      108      701       0
                text3                              14BE     14BE      69E      701       0
                text2                               E02      E02      6BC      701       0
                text1                              1B5C     1B5C      656      701       0
                text0                              2C4A     2C4A      434      701       0
                cstackCOMRAM                          1        1       46        1       1
                cstackBANK0                          D8       D8       16       60       1
                cstackBANK1                         100      100       14      100       1
                cstackBANK3                         300      300      100      300       1
                bssBANK2                            200      200       7A      200       1
                dataBANK0                            EE       EE        4       60       1
                bssBANK0                             60       60       78       60       1
                dataCOMRAM                           4D       4D        2        1       1
                bssCOMRAM                            47       47        6        1       1
                cinit                              452A     452A       66      701       0
                idataBANK0                         493A     493A        4      701       0
                idataCOMRAM                        493E     493E        2      701       0

TOTAL           Name                               Link     Load   Length     Space
        CLASS   CODE           
                intcode                               8        8       8A         0
                init                                 92       92        4         0
                reset_vec                             0        0        4         0
                text52                             47D4     47D4       26         0
                text51                             48CE     48CE       18         0
                text50                             47AE     47AE       26         0
                text49                             4760     4760       28         0
                text48                             4930     4930        A         0
                text47                             4926     4926        A         0
                text46                             48F2     48F2        C         0
                text45                             485E     485E       20         0
                text44                             43D2     43D2       7A         0
                text42                             4658     4658       36         0
                text41                             483E     483E       20         0
                text40                             48B6     48B6       18         0
                text39                             489C     489C       1A         0
                text38                             4160     4160       C4         0
                text37                             4590     4590       4E         0
                text36                             444C     444C       74         0
                text35                             4788     4788       26         0
                text34                             3CFC     3CFC      16C         0
                text33                             3B28     3B28      1D4         0
                text32                             3954     3954      1D4         0
                text31                             307E     307E      29A         0
                text30                             4738     4738       28         0
                text29                             45DE     45DE       42         0
                text28                             491C     491C        A         0
                text27                             4912     4912        A         0
                text26                             4908     4908        A         0
                text25                             48E6     48E6        C         0
                text24                             3580     3580      1EE         0
                text23                             3E68     3E68      10C         0
                text22                             4224     4224       A4         0
                text21                             44C0     44C0       6A         0
                text20                             46BA     46BA       2C         0
                text19                             468E     468E       2C         0
                text18                             276E     276E      4DC         0
                text17                             47FA     47FA       24         0
                text16                             21B2     21B2      5BC         0
                text15                             46E6     46E6       2A         0
                text14                             481E     481E       20         0
                text13                             4358     4358       7A         0
                text12                             4620     4620       38         0
                text11                             3318     3318      268         0
                text10                             42C8     42C8       90         0
                text9                              487E     487E       1E         0
                text8                              407C     407C       E4         0
                text7                              4710     4710       28         0
                text6                              48FE     48FE        A         0
                text5                              376E     376E      1E6         0
                text4                              3F74     3F74      108         0
                text3                              14BE     14BE      69E         0
                text2                               E02      E02      6BC         0
                text1                              1B5C     1B5C      656         0
                text0                              2C4A     2C4A      434         0
                cinit                              452A     452A       66         0
                idataBANK0                         493A     493A        4         0
                idataCOMRAM                        493E     493E        2         0

        CLASS   CONST          

        CLASS   SMALLCONST     
                smallconst                          E00      E00        2         0

        CLASS   MEDIUMCONST    

        CLASS   COMRAM         
                temp                                 4F       4F        1         1
                cstackCOMRAM                          1        1       46         1
                dataCOMRAM                           4D       4D        2         1
                bssCOMRAM                            47       47        6         1

        CLASS   ABS1           

        CLASS   BIGRAM         

        CLASS   RAM            

        CLASS   BANK0          
                cstackBANK0                          D8       D8       16         1
                dataBANK0                            EE       EE        4         1
                bssBANK0                             60       60       78         1

        CLASS   BANK1          
                cstackBANK1                         100      100       14         1

        CLASS   BANK2          
                bssBANK2                            200      200       7A         1

        CLASS   BANK3          
                cstackBANK3                         300      300      100         1

        CLASS   BANK4          

        CLASS   BANK5          

        CLASS   BANK6          

        CLASS   BANK7          

        CLASS   BANK8          

        CLASS   BANK9          

        CLASS   BANK10         

        CLASS   BANK11         

        CLASS   BANK12         

        CLASS   BANK13         

        CLASS   SFR            

        CLASS   BIGSFR         

        CLASS   CONFIG         
                config                           300000   300000        6         4

        CLASS   IDLOC          

        CLASS   EEDATA         

        CLASS   FARRAM         

        CLASS   HEAP           

        CLASS   STACK          



SEGMENTS        Name                           Load    Length   Top    Selector   Space  Class

                reset_vec                      000000  000004  000004         0       0  CODE    
                cstackCOMRAM                   000001  00004F  000050         1       1  COMRAM  
                intcode                        000008  00008E  000096         4       0  CODE    
                bssBANK0                       000060  000092  0000F2        60       1  BANK0   
                cstackBANK1                    000100  000014  000114       100       1  BANK1   
                bssBANK2                       000200  00007A  00027A       200       1  BANK2   
                cstackBANK3                    000300  000100  000400       300       1  BANK3   
                smallconst                     000E00  000002  000E02       700       0  SMALLCON
                text2                          000E02  003B3E  004940       701       0  CODE    


UNUSED ADDRESS RANGES

        Name                Unused          Largest block    Delta
        BANK0            0000F2-0000FF                E
        BANK1            000114-0001FF               EC
        BANK10           000A00-000AFF              100
        BANK11           000B00-000BFF              100
        BANK12           000C00-000CFF              100
        BANK13           000D00-000DE9               EA
        BANK2            00027A-0002FF               86
        BANK4            000400-0004FF              100
        BANK5            000500-0005FF              100
        BANK6            000600-0006FF              100
        BANK7            000700-0007FF              100
        BANK8            000800-0008FF              100
        BANK9            000900-0009FF              100
        BIGRAM           000050-00005F               10
                         0000F2-0000FF                E
                         000114-0001FF               EC
                         00027A-0002FF               86
                         000400-000DE9              9EA
        BIGSFR           000DEF-000FFF              211
        CODE             000004-000007                4
                         000096-000DFF              D6A
                         004940-01FFFF            1B6C0
        COMRAM           000050-00005F               10
        CONFIG           300006-30000B                6
        CONST            000004-000007                4
                         000096-000DFF              D6A
                         004940-01FFFF            1B6C0
        EEDATA           310000-3103FF              400
        IDLOC            200000-20000F               10
        MEDIUMCONST      004940-00FFFF             B6C0
                         010E00-01FFFF             F200
        RAM              0000F2-0000FF                E
                         000114-0001FF               EC
                         00027A-0002FF               86
                         000400-000DE9              100
        SFR              000DEF-000FFF              100
        SMALLCONST       004940-01FFFF              100

                                  Symbol Table

?___aldiv                                    cstackCOMRAM 000018
?___awdiv                                    cstackCOMRAM 00000C
?___lldiv                                    cstackCOMRAM 000018
?___lmul                                     cstackCOMRAM 00000C
?___lwdiv                                    cstackCOMRAM 000012
?___wmul                                     cstackCOMRAM 00000C
?_get16bitTMR0val                            cstackCOMRAM 00000C
?_max                                        cstackCOMRAM 00000C
?_min                                        cstackCOMRAM 00000C
ADC_getval@tmpval                            cstackCOMRAM 00000C
I2C_2_Master_Read@ack                        cstackCOMRAM 00000E
I2C_2_Master_Read@tmp                        cstackCOMRAM 00000F
I2C_2_Master_Write@data_byte                 cstackCOMRAM 00000D
_ADCON0bits                                  (abs)        000F60
_ADC_getval                                  text40       0048B6
_ADC_init                                    text39       00489C
_ADPCH                                       (abs)        000F5F
_ADREFbits                                   (abs)        000F58
_ADRESH                                      (abs)        000F64
_ANSELBbits                                  (abs)        000E9A
_ANSELDbits                                  (abs)        000EA7
_ANSELFbits                                  (abs)        000EB4
_BAUD4CONbits                                (abs)        000EE9
_Buggy_init                                  text42       004658
_CCP1CONbits                                 (abs)        000FAB
_CCP2CONbits                                 (abs)        000FA7
_CCP3CONbits                                 (abs)        000F26
_CCP4CONbits                                 (abs)        000F22
_CCPR1H                                      (abs)        000FAA
_CCPR2H                                      (abs)        000FA6
_CCPR3H                                      (abs)        000F25
_CCPR4H                                      (abs)        000F21
_CCPTMRS0bits                                (abs)        000FAD
_EUSART4RXbuf                                bssBANK0     0000C4
_EUSART4TXbuf                                bssBANK0     000060
_HighISR                                     intcode      000008
_I2C_2_Master_Idle                           text30       004738
_I2C_2_Master_Init                           text15       0046E6
_I2C_2_Master_Read                           text29       0045DE
_I2C_2_Master_RepStart                       text28       00491C
_I2C_2_Master_Start                          text27       004912
_I2C_2_Master_Stop                           text26       004908
_I2C_2_Master_Write                          text25       0048E6
_INTCONbits                                  (abs)        000FF2
_IPR0bits                                    (abs)        000E1F
_LATAbits                                    (abs)        000F79
_LATCbits                                    (abs)        000F7B
_LATDbits                                    (abs)        000F7C
_LATEbits                                    (abs)        000F7D
_LATFbits                                    (abs)        000F7E
_LATGbits                                    (abs)        000F7F
_LATHbits                                    (abs)        000F80
_PIE0bits                                    (abs)        000E29
_PIE4bits                                    (abs)        000E2D
_PIR0bits                                    (abs)        000E33
_PIR4bits                                    (abs)        000E37
_PORTFbits                                   (abs)        000F8E
_RC0PPS                                      (abs)        000E62
_RC4REG                                      (abs)        000EE3
_RC4STAbits                                  (abs)        000EE7
_RC7PPS                                      (abs)        000E69
_RD5PPS                                      (abs)        000E6F
_RD6PPS                                      (abs)        000E70
_RE2PPS                                      (abs)        000E74
_RE4PPS                                      (abs)        000E76
_RG6PPS                                      (abs)        000E88
_RX4PPS                                      (abs)        000E15
_RxBufReadCnt                                bssCOMRAM    00004B
_RxBufWriteCnt                               bssCOMRAM    00004C
_SP4BRGH                                     (abs)        000EE6
_SP4BRGL                                     (abs)        000EE5
_SSP2ADD                                     (abs)        000ED6
_SSP2BUF                                     (abs)        000ED5
_SSP2CLKPPS                                  (abs)        000E1C
_SSP2CON1bits                                (abs)        000ED9
_SSP2CON2                                    (abs)        000EDA
_SSP2CON2bits                                (abs)        000EDA
_SSP2DATPPS                                  (abs)        000E1D
_SSP2STAT                                    (abs)        000ED8
_T0CON0bits                                  (abs)        000FD5
_T0CON1bits                                  (abs)        000FD6
_T2CLKCONbits                                (abs)        000FBF
_T2CONbits                                   (abs)        000FBD
_T2HLTbits                                   (abs)        000FBE
_T2PR                                        (abs)        000FBC
_TMR0H                                       (abs)        000FD4
_TMR0IE                                      (abs)        00714D
_TMR0IF                                      (abs)        00719D
_TMR0L                                       (abs)        000FD3
_TRISAbits                                   (abs)        000F81
_TRISBbits                                   (abs)        000F82
_TRISCbits                                   (abs)        000F83
_TRISDbits                                   (abs)        000F84
_TRISEbits                                   (abs)        000F85
_TRISFbits                                   (abs)        000F86
_TRISGbits                                   (abs)        000F87
_TRISHbits                                   (abs)        000F88
_TX4REG                                      (abs)        000EE4
_TX4STAbits                                  (abs)        000EE8
_Timer0_init                                 text41       00483E
_TxBufReadCnt                                bssCOMRAM    000049
_TxBufWriteCnt                               bssCOMRAM    00004A
__HRAM                                       (abs)        000000
__H__absolute__                              __absolute__ 000000
__Habs1                                      abs1         000000
__Hbank0                                     bank0        000000
__Hbank1                                     bank1        000000
__Hbank10                                    bank10       000000
__Hbank11                                    bank11       000000
__Hbank12                                    bank12       000000
__Hbank13                                    bank13       000000
__Hbank2                                     bank2        000000
__Hbank3                                     bank3        000000
__Hbank4                                     bank4        000000
__Hbank5                                     bank5        000000
__Hbank6                                     bank6        000000
__Hbank7                                     bank7        000000
__Hbank8                                     bank8        000000
__Hbank9                                     bank9        000000
__Hbigbss                                    bigbss       000000
__Hbigdata                                   bigdata      000000
__Hbigram                                    bigram       000000
__Hbigsfr                                    bigsfr       000000
__Hbss                                       bss          000000
__HbssBANK0                                  bssBANK0     000000
__HbssBANK2                                  bssBANK2     000000
__HbssCOMRAM                                 bssCOMRAM    000000
__Hcinit                                     cinit        000000
__Hclrtext                                   clrtext      000000
__Hcomram                                    comram       000000
__Hconfig                                    config       300006
__Hconst                                     const        000000
__HcstackBANK0                               cstackBANK0  000000
__HcstackBANK1                               cstackBANK1  000000
__HcstackBANK3                               cstackBANK3  000000
__HcstackCOMRAM                              cstackCOMRAM 000000
__Hdata                                      data         000000
__HdataBANK0                                 dataBANK0    000000
__HdataCOMRAM                                dataCOMRAM   000000
__Heeprom_data                               eeprom_data  000000
__Hfarbss                                    farbss       000000
__Hfardata                                   fardata      000000
__Hheap                                      heap         000000
__Hibigdata                                  ibigdata     000000
__Hidata                                     idata        000000
__HidataBANK0                                idataBANK0   000000
__HidataCOMRAM                               idataCOMRAM  000000
__Hidloc                                     idloc        000000
__Hifardata                                  ifardata     000000
__Hinit                                      init         000096
__Hintcode                                   intcode      000092
__Hintcode_body                              intcode_body 000000
__Hintcodelo                                 intcodelo    000092
__Hintentry                                  intentry     000000
__Hintret                                    intret       000000
__Hintsave_regs                              intsave_regs 000000
__Hirdata                                    irdata       000000
__Hmediumconst                               mediumconst  000000
__HnvFARRAM                                  nvFARRAM     000000
__Hnvbit                                     nvbit        000000
__Hnvrram                                    nvrram       000000
__Hparam                                     rparam       000000
__Hpowerup                                   powerup      000092
__Hram                                       ram          000000
__Hramtop                                    ramtop       000E00
__Hrbit                                      rbit         000000
__Hrbss                                      rbss         000000
__Hrdata                                     rdata        000000
__Hreset_vec                                 reset_vec    000004
__Hrparam                                    rparam       000000
__Hsfr                                       sfr          000000
__Hsmallconst                                smallconst   000E02
__Hspace_0                                   (abs)        004940
__Hspace_1                                   (abs)        000400
__Hspace_2                                   (abs)        000000
__Hspace_4                                   (abs)        600006
__Hstack                                     stack        000000
__Hstruct                                    struct       000000
__Htemp                                      temp         000050
__Htext                                      text         000000
__Htext0                                     text0        000000
__Htext1                                     text1        000000
__Htext10                                    text10       000000
__Htext11                                    text11       000000
__Htext12                                    text12       000000
__Htext13                                    text13       000000
__Htext14                                    text14       000000
__Htext15                                    text15       000000
__Htext16                                    text16       000000
__Htext17                                    text17       000000
__Htext18                                    text18       000000
__Htext19                                    text19       000000
__Htext2                                     text2        000000
__Htext20                                    text20       000000
__Htext21                                    text21       000000
__Htext22                                    text22       000000
__Htext23                                    text23       000000
__Htext24                                    text24       000000
__Htext25                                    text25       000000
__Htext26                                    text26       000000
__Htext27                                    text27       000000
__Htext28                                    text28       000000
__Htext29                                    text29       000000
__Htext3                                     text3        000000
__Htext30                                    text30       000000
__Htext31                                    text31       000000
__Htext32                                    text32       000000
__Htext33                                    text33       000000
__Htext34                                    text34       000000
__Htext35                                    text35       000000
__Htext36                                    text36       000000
__Htext37                                    text37       000000
__Htext38                                    text38       000000
__Htext39                                    text39       000000
__Htext4                                     text4        000000
__Htext40                                    text40       000000
__Htext41                                    text41       000000
__Htext42                                    text42       000000
__Htext44                                    text44       000000
__Htext45                                    text45       000000
__Htext46                                    text46       000000
__Htext47                                    text47       000000
__Htext48                                    text48       000000
__Htext49                                    text49       000000
__Htext5                                     text5        000000
__Htext50                                    text50       000000
__Htext51                                    text51       000000
__Htext52                                    text52       000000
__Htext6                                     text6        000000
__Htext7                                     text7        000000
__Htext8                                     text8        000000
__Htext9                                     text9        000000
__LRAM                                       (abs)        000001
__L__absolute__                              __absolute__ 000000
__Labs1                                      abs1         000000
__Lbank0                                     bank0        000000
__Lbank1                                     bank1        000000
__Lbank10                                    bank10       000000
__Lbank11                                    bank11       000000
__Lbank12                                    bank12       000000
__Lbank13                                    bank13       000000
__Lbank2                                     bank2        000000
__Lbank3                                     bank3        000000
__Lbank4                                     bank4        000000
__Lbank5                                     bank5        000000
__Lbank6                                     bank6        000000
__Lbank7                                     bank7        000000
__Lbank8                                     bank8        000000
__Lbank9                                     bank9        000000
__Lbigbss                                    bigbss       000000
__Lbigdata                                   bigdata      000000
__Lbigram                                    bigram       000000
__Lbigsfr                                    bigsfr       000000
__Lbss                                       bss          000000
__LbssBANK0                                  bssBANK0     000000
__LbssBANK2                                  bssBANK2     000000
__LbssCOMRAM                                 bssCOMRAM    000000
__Lcinit                                     cinit        000000
__Lclrtext                                   clrtext      000000
__Lcomram                                    comram       000000
__Lconfig                                    config       000000
__Lconst                                     const        000000
__LcstackBANK0                               cstackBANK0  000000
__LcstackBANK1                               cstackBANK1  000000
__LcstackBANK3                               cstackBANK3  000000
__LcstackCOMRAM                              cstackCOMRAM 000000
__Ldata                                      data         000000
__LdataBANK0                                 dataBANK0    000000
__LdataCOMRAM                                dataCOMRAM   000000
__Leeprom_data                               eeprom_data  000000
__Lfarbss                                    farbss       000000
__Lfardata                                   fardata      000000
__Lheap                                      heap         000000
__Libigdata                                  ibigdata     000000
__Lidata                                     idata        000000
__LidataBANK0                                idataBANK0   000000
__LidataCOMRAM                               idataCOMRAM  000000
__Lidloc                                     idloc        000000
__Lifardata                                  ifardata     000000
__Linit                                      init         000092
__Lintcode                                   intcode      000008
__Lintcode_body                              intcode_body 000000
__Lintcodelo                                 intcodelo    000092
__Lintentry                                  intentry     000000
__Lintret                                    intret       000000
__Lintsave_regs                              intsave_regs 000000
__Lirdata                                    irdata       000000
__Lmediumconst                               mediumconst  000000
__LnvFARRAM                                  nvFARRAM     000000
__Lnvbit                                     nvbit        000000
__Lnvrram                                    nvrram       000000
__Lparam                                     rparam       000000
__Lpowerup                                   powerup      000092
__Lram                                       ram          000000
__Lramtop                                    ramtop       000E00
__Lrbit                                      rbit         000000
__Lrbss                                      rbss         000000
__Lrdata                                     rdata        000000
__Lreset_vec                                 reset_vec    000000
__Lrparam                                    rparam       000000
__Lsfr                                       sfr          000000
__Lsmallconst                                smallconst   000E00
__Lspace_0                                   (abs)        000000
__Lspace_1                                   (abs)        000000
__Lspace_2                                   (abs)        000000
__Lspace_4                                   (abs)        000000
__Lstack                                     stack        000000
__Lstruct                                    struct       000000
__Ltemp                                      temp         00004F
__Ltext                                      text         000000
__Ltext0                                     text0        000000
__Ltext1                                     text1        000000
__Ltext10                                    text10       000000
__Ltext11                                    text11       000000
__Ltext12                                    text12       000000
__Ltext13                                    text13       000000
__Ltext14                                    text14       000000
__Ltext15                                    text15       000000
__Ltext16                                    text16       000000
__Ltext17                                    text17       000000
__Ltext18                                    text18       000000
__Ltext19                                    text19       000000
__Ltext2                                     text2        000000
__Ltext20                                    text20       000000
__Ltext21                                    text21       000000
__Ltext22                                    text22       000000
__Ltext23                                    text23       000000
__Ltext24                                    text24       000000
__Ltext25                                    text25       000000
__Ltext26                                    text26       000000
__Ltext27                                    text27       000000
__Ltext28                                    text28       000000
__Ltext29                                    text29       000000
__Ltext3                                     text3        000000
__Ltext30                                    text30       000000
__Ltext31                                    text31       000000
__Ltext32                                    text32       000000
__Ltext33                                    text33       000000
__Ltext34                                    text34       000000
__Ltext35                                    text35       000000
__Ltext36                                    text36       000000
__Ltext37                                    text37       000000
__Ltext38                                    text38       000000
__Ltext39                                    text39       000000
__Ltext4                                     text4        000000
__Ltext40                                    text40       000000
__Ltext41                                    text41       000000
__Ltext42                                    text42       000000
__Ltext44                                    text44       000000
__Ltext45                                    text45       000000
__Ltext46                                    text46       000000
__Ltext47                                    text47       000000
__Ltext48                                    text48       000000
__Ltext49                                    text49       000000
__Ltext5                                     text5        000000
__Ltext50                                    text50       000000
__Ltext51                                    text51       000000
__Ltext52                                    text52       000000
__Ltext6                                     text6        000000
__Ltext7                                     text7        000000
__Ltext8                                     text8        000000
__Ltext9                                     text9        000000
__S0                                         (abs)        004940
__S1                                         (abs)        000400
__S4                                         (abs)        000000
__S5                                         (abs)        000000
___aldiv                                     text23       003E68
___aldiv@counter                             cstackCOMRAM 000020
___aldiv@dividend                            cstackCOMRAM 000018
___aldiv@divisor                             cstackCOMRAM 00001C
___aldiv@quotient                            cstackCOMRAM 000022
___aldiv@sign                                cstackCOMRAM 000021
___awdiv                                     text38       004160
___awdiv@counter                             cstackCOMRAM 000010
___awdiv@dividend                            cstackCOMRAM 00000C
___awdiv@divisor                             cstackCOMRAM 00000E
___awdiv@quotient                            cstackCOMRAM 000012
___awdiv@sign                                cstackCOMRAM 000011
___heap_hi                                   (abs)        000000
___heap_lo                                   (abs)        000000
___inthi_sp                                  stack        000000
___inthi_stack_hi                            stack        000000
___inthi_stack_lo                            stack        000000
___intlo_sp                                  stack        000000
___intlo_stack_hi                            stack        000000
___intlo_stack_lo                            stack        000000
___lldiv                                     text22       004224
___lldiv@counter                             cstackCOMRAM 000024
___lldiv@dividend                            cstackCOMRAM 000018
___lldiv@divisor                             cstackCOMRAM 00001C
___lldiv@quotient                            cstackCOMRAM 000020
___lmul                                      text21       0044C0
___lmul@multiplicand                         cstackCOMRAM 000010
___lmul@multiplier                           cstackCOMRAM 00000C
___lmul@product                              cstackCOMRAM 000014
___lwdiv                                     text36       00444C
___lwdiv@counter                             cstackCOMRAM 000016
___lwdiv@dividend                            cstackCOMRAM 000012
___lwdiv@divisor                             cstackCOMRAM 000014
___lwdiv@quotient                            cstackCOMRAM 000017
___param_bank                                (abs)        000000
___rparam_used                               (abs)        000001
___sp                                        stack        000000
___stack_hi                                  stack        000000
___stack_lo                                  stack        000000
___wmul                                      text35       004788
___wmul@multiplicand                         cstackCOMRAM 00000E
___wmul@multiplier                           cstackCOMRAM 00000C
___wmul@product                              cstackCOMRAM 000010
__accesstop                                  (abs)        000060
__activetblptr                               (abs)        000000
__end_of_ADC_getval                          text40       0048CE
__end_of_ADC_init                            text39       0048B6
__end_of_Buggy_init                          text42       00468E
__end_of_HighISR                             intcode      000092
__end_of_I2C_2_Master_Idle                   text30       004760
__end_of_I2C_2_Master_Init                   text15       004710
__end_of_I2C_2_Master_Read                   text29       004620
__end_of_I2C_2_Master_RepStart               text28       004926
__end_of_I2C_2_Master_Start                  text27       00491C
__end_of_I2C_2_Master_Stop                   text26       004912
__end_of_I2C_2_Master_Write                  text25       0048F2
__end_of_Timer0_init                         text41       00485E
__end_of___aldiv                             text23       003F74
__end_of___awdiv                             text38       004224
__end_of___lldiv                             text22       0042C8
__end_of___lmul                              text21       00452A
__end_of___lwdiv                             text36       0044C0
__end_of___wmul                              text35       0047AE
__end_of__initialization                     cinit        004586
__end_of_batteryLevel                        text37       0045DE
__end_of_calibration                         text31       003318
__end_of_color_calibration                   text16       00276E
__end_of_color_clear_init_interrupts         text13       0043D2
__end_of_color_click_init                    text12       004658
__end_of_color_detect                        text11       003580
__end_of_color_read                          text24       00376E
__end_of_color_writetoaddr                   text14       00483E
__end_of_fullSpeedAhead                      text8        004160
__end_of_get16bitTMR0val                     text7        004738
__end_of_getCharFromTxBuf                    text52       0047FA
__end_of_initDCmotorsPWM                     text10       004358
__end_of_initUSART4                          text9        00489C
__end_of_isDataInTxBuf                       text51       0048E6
__end_of_lostReturnHome                      text3        001B5C
__end_of_main                                text0        00307E
__end_of_max                                 text20       0046E6
__end_of_min                                 text19       0046BA
__end_of_move                                text1        0021B2
__end_of_putCharToRxBuf                      text50       0047D4
__end_of_resetTimer                          text6        004908
__end_of_returnHome                          text2        0014BE
__end_of_reverseOneSquare                    text5        003954
__end_of_rgb_2_hsv                           text18       002C4A
__end_of_setMotorPWM                         text34       003E68
__end_of_stop                                text4        00407C
__end_of_turnLeft                            text33       003CFC
__end_of_turnRight                           text32       003B28
__end_of_white_Light                         text17       00481E
__end_ofi2_I2C_2_Master_Idle                 text49       004788
__end_ofi2_I2C_2_Master_Start                text48       00493A
__end_ofi2_I2C_2_Master_Stop                 text47       004930
__end_ofi2_I2C_2_Master_Write                text46       0048FE
__end_ofi2_color_clear_init_interrupts       text44       00444C
__end_ofi2_color_writetoaddr                 text45       00487E
__initialization                             cinit        00452A
__mediumconst                                mediumconst  000000
__pbssBANK0                                  bssBANK0     000060
__pbssBANK2                                  bssBANK2     000200
__pbssCOMRAM                                 bssCOMRAM    000047
__pcinit                                     cinit        00452A
__pcstackBANK0                               cstackBANK0  0000D8
__pcstackBANK1                               cstackBANK1  000100
__pcstackBANK3                               cstackBANK3  000300
__pcstackCOMRAM                              cstackCOMRAM 000001
__pdataBANK0                                 dataBANK0    0000EE
__pdataCOMRAM                                dataCOMRAM   00004D
__pidataBANK0                                idataBANK0   00493A
__pidataCOMRAM                               idataCOMRAM  00493E
__pintcode                                   intcode      000008
__psmallconst                                smallconst   000E00
__ptext0                                     text0        002C4A
__ptext1                                     text1        001B5C
__ptext10                                    text10       0042C8
__ptext11                                    text11       003318
__ptext12                                    text12       004620
__ptext13                                    text13       004358
__ptext14                                    text14       00481E
__ptext15                                    text15       0046E6
__ptext16                                    text16       0021B2
__ptext17                                    text17       0047FA
__ptext18                                    text18       00276E
__ptext19                                    text19       00468E
__ptext2                                     text2        000E02
__ptext20                                    text20       0046BA
__ptext21                                    text21       0044C0
__ptext22                                    text22       004224
__ptext23                                    text23       003E68
__ptext24                                    text24       003580
__ptext25                                    text25       0048E6
__ptext26                                    text26       004908
__ptext27                                    text27       004912
__ptext28                                    text28       00491C
__ptext29                                    text29       0045DE
__ptext3                                     text3        0014BE
__ptext30                                    text30       004738
__ptext31                                    text31       00307E
__ptext32                                    text32       003954
__ptext33                                    text33       003B28
__ptext34                                    text34       003CFC
__ptext35                                    text35       004788
__ptext36                                    text36       00444C
__ptext37                                    text37       004590
__ptext38                                    text38       004160
__ptext39                                    text39       00489C
__ptext4                                     text4        003F74
__ptext40                                    text40       0048B6
__ptext41                                    text41       00483E
__ptext42                                    text42       004658
__ptext44                                    text44       0043D2
__ptext45                                    text45       00485E
__ptext46                                    text46       0048F2
__ptext47                                    text47       004926
__ptext48                                    text48       004930
__ptext49                                    text49       004760
__ptext5                                     text5        00376E
__ptext50                                    text50       0047AE
__ptext51                                    text51       0048CE
__ptext52                                    text52       0047D4
__ptext6                                     text6        0048FE
__ptext7                                     text7        004710
__ptext8                                     text8        00407C
__ptext9                                     text9        00487E
__ramtop                                     ramtop       000E00
__smallconst                                 smallconst   000E00
_ambient                                     dataCOMRAM   00004D
_batteryLevel                                text37       004590
_calibration                                 text31       00307E
_color_calibration                           text16       0021B2
_color_clear_init_interrupts                 text13       004358
_color_click_init                            text12       004620
_color_detect                                text11       003318
_color_read                                  text24       003580
_color_writetoaddr                           text14       00481E
_fullSpeedAhead                              text8        00407C
_get16bitTMR0val                             text7        004710
_getCharFromTxBuf                            text52       0047D4
_initDCmotorsPWM                             text10       0042C8
_initUSART4                                  text9        00487E
_isDataInTxBuf                               text51       0048CE
_lost                                        bssCOMRAM    000047
_lostReturnHome                              text3        0014BE
_main                                        text0        002C4A
_max                                         text20       0046BA
_min                                         text19       00468E
_move                                        text1        001B5C
_putCharToRxBuf                              text50       0047AE
_resetTimer                                  text6        0048FE
_returnHome                                  text2        000E02
_reverseOneSquare                            text5        00376E
_rgb_2_hsv                                   text18       00276E
_rgb_2_hsv$3530                              cstackBANK0  0000DE
_rgb_2_hsv$3531                              cstackBANK0  0000E0
_rgb_2_hsv$3532                              cstackBANK0  0000D8
_setMotorPWM                                 text34       003CFC
_stop                                        text4        003F74
_turnLeft                                    text33       003B28
_turnRight                                   text32       003954
_wall                                        bssCOMRAM    000048
_white_Light                                 text17       0047FA
batteryLevel@batteryQuarter                  cstackCOMRAM 000015
batteryLevel@batteryVoltage                  cstackCOMRAM 000014
btemp                                        temp         00004F
calibration@mL                               cstackCOMRAM 00002D
calibration@mR                               cstackCOMRAM 00002F
calibration@turnDuration                     cstackCOMRAM 000032
calibration@turnRamp                         cstackCOMRAM 000034
calibration@turnSpeed                        cstackCOMRAM 000031
color_calibration@HSV                        cstackBANK1  000102
color_calibration@RGBC                       cstackBANK1  000100
color_calibration@blue                       cstackBANK1  000108
color_calibration@green                      cstackBANK1  000106
color_calibration@lightblue                  cstackBANK1  000110
color_calibration@orange                     cstackBANK1  00010E
color_calibration@pink                       cstackBANK1  00010C
color_calibration@red                        cstackBANK1  000104
color_calibration@white                      cstackBANK1  000112
color_calibration@yellow                     cstackBANK1  00010A
color_clear_init_interrupts@high_threshold   cstackCOMRAM 000011
color_clear_init_interrupts@low_threshold    cstackCOMRAM 000013
color_detect@HSV                             cstackCOMRAM 00000C
color_detect@blue                            cstackCOMRAM 00001E
color_detect@color                           cstackCOMRAM 000044
color_detect@green                           cstackCOMRAM 000018
color_detect@lightblue                       cstackCOMRAM 000036
color_detect@orange                          cstackCOMRAM 000030
color_detect@pink                            cstackCOMRAM 00002A
color_detect@red                             cstackCOMRAM 000012
color_detect@white                           cstackCOMRAM 00003C
color_detect@yellow                          cstackCOMRAM 000024
color_read@RGBC                              cstackCOMRAM 000010
color_writetoaddr@address                    cstackCOMRAM 00000F
color_writetoaddr@value                      cstackCOMRAM 00000E
end_of_initialization                        cinit        004586
fullSpeedAhead@cur_power                     cstackCOMRAM 00002A
fullSpeedAhead@i                             cstackCOMRAM 000028
fullSpeedAhead@mL                            cstackCOMRAM 00001F
fullSpeedAhead@mR                            cstackCOMRAM 000021
fullSpeedAhead@straightRamp                  cstackCOMRAM 000024
fullSpeedAhead@straightSpeed                 cstackCOMRAM 000023
get16bitTMR0val@timer_high                   cstackCOMRAM 000012
get16bitTMR0val@timer_low                    cstackCOMRAM 000010
get16bitTMR0val@timer_val                    cstackCOMRAM 000014
i2I2C_2_Master_Write@data_byte               cstackCOMRAM 000002
i2_I2C_2_Master_Idle                         text49       004760
i2_I2C_2_Master_Start                        text48       004930
i2_I2C_2_Master_Stop                         text47       004926
i2_I2C_2_Master_Write                        text46       0048F2
i2_color_clear_init_interrupts               text44       0043D2
i2_color_writetoaddr                         text45       00485E
i2color_clear_init_interrupts@high_threshold cstackCOMRAM 000006
i2color_clear_init_interrupts@low_threshold  cstackCOMRAM 000008
i2color_writetoaddr@address                  cstackCOMRAM 000004
i2color_writetoaddr@value                    cstackCOMRAM 000003
initDCmotorsPWM@PWMperiod                    cstackCOMRAM 00000C
int$flags                                    temp         00004F
intlevel0                                    text         000000
intlevel1                                    text         000000
intlevel2                                    text         000000
intlevel3                                    text         000000
isa$std                                      (abs)        000001
isa$xinst                                    (abs)        000000
lostReturnHome@curMove                       cstackCOMRAM 000035
lostReturnHome@i                             cstackCOMRAM 000040
lostReturnHome@mL                            cstackCOMRAM 00002D
lostReturnHome@mR                            cstackCOMRAM 00002F
lostReturnHome@moveSequence                  cstackCOMRAM 000031
lostReturnHome@reverseDuration               cstackCOMRAM 000037
lostReturnHome@straightRamp                  cstackCOMRAM 000038
lostReturnHome@straightSpeed                 cstackCOMRAM 000036
lostReturnHome@straightTime                  cstackCOMRAM 000033
lostReturnHome@turnDuration                  cstackCOMRAM 00003A
lostReturnHome@turnRamp                      cstackCOMRAM 00003B
lostReturnHome@turnSpeed                     cstackCOMRAM 000039
main@F14649                                  dataBANK0    0000EE
main@HSV                                     cstackBANK3  0003DE
main@RGBC                                    cstackBANK3  0003E4
main@blue                                    cstackBANK3  0003B6
main@buf                                     cstackBANK3  000300
main@color                                   cstackBANK3  0003DA
main@curMove                                 cstackBANK3  0003DB
main@green                                   cstackBANK3  0003B0
main@lightblue                               cstackBANK3  0003CE
main@motorL                                  cstackBANK3  0003F6
main@motorR                                  cstackBANK3  0003EC
main@moveSequence                            cstackBANK3  00037E
main@orange                                  cstackBANK3  0003C8
main@pink                                    cstackBANK3  0003C2
main@red                                     cstackBANK3  0003AA
main@reverseDuration                         cstackBANK3  0003A6
main@straightRamp                            cstackBANK3  0003DC
main@straightSpeed                           cstackBANK3  0003A7
main@straightTime                            cstackBANK3  000328
main@testSequence                            cstackBANK3  00037A
main@turnDuration                            cstackBANK3  0003DD
main@turnRamp                                cstackBANK3  0003A9
main@turnSpeed                               cstackBANK3  0003A8
main@white                                   cstackBANK3  0003D4
main@yellow                                  cstackBANK3  0003BC
max@a                                        cstackCOMRAM 00000C
max@b                                        cstackCOMRAM 00000E
min@a                                        cstackCOMRAM 00000C
min@b                                        cstackCOMRAM 00000E
move@color                                   cstackBANK0  0000DC
move@curMove                                 cstackBANK0  0000E1
move@mL                                      cstackBANK0  0000D8
move@mR                                      cstackBANK0  0000DA
move@moveSequence                            cstackBANK0  0000DD
move@reverseDuration                         cstackBANK0  0000E3
move@straightRamp                            cstackBANK0  0000E4
move@straightSpeed                           cstackBANK0  0000E2
move@straightTime                            cstackBANK0  0000DF
move@turnDuration                            cstackBANK0  0000E6
move@turnRamp                                cstackBANK0  0000E7
move@turnSpeed                               cstackBANK0  0000E5
putCharToRxBuf@byte                          cstackCOMRAM 000001
returnHome@curMove                           cstackCOMRAM 000035
returnHome@i                                 cstackCOMRAM 000040
returnHome@mL                                cstackCOMRAM 00002D
returnHome@mR                                cstackCOMRAM 00002F
returnHome@moveSequence                      cstackCOMRAM 000031
returnHome@reverseDuration                   cstackCOMRAM 000037
returnHome@straightRamp                      cstackCOMRAM 000038
returnHome@straightSpeed                     cstackCOMRAM 000036
returnHome@straightTime                      cstackCOMRAM 000033
returnHome@turnDuration                      cstackCOMRAM 00003A
returnHome@turnRamp                          cstackCOMRAM 00003B
returnHome@turnSpeed                         cstackCOMRAM 000039
reverseOneSquare@cur_power                   cstackCOMRAM 00002B
reverseOneSquare@i                           cstackCOMRAM 000029
reverseOneSquare@mL                          cstackCOMRAM 00001F
reverseOneSquare@mR                          cstackCOMRAM 000021
reverseOneSquare@reverseDuration             cstackCOMRAM 000024
reverseOneSquare@straightRamp                cstackCOMRAM 000025
reverseOneSquare@straightSpeed               cstackCOMRAM 000023
rgb_2_hsv@HSV                                cstackCOMRAM 00002E
rgb_2_hsv@RGBC                               cstackCOMRAM 000026
rgb_2_hsv@b                                  cstackBANK0  0000EC
rgb_2_hsv@cmax                               cstackBANK0  0000E4
rgb_2_hsv@cmin                               cstackBANK0  0000DC
rgb_2_hsv@diff                               cstackBANK0  0000E6
rgb_2_hsv@g                                  cstackBANK0  0000EA
rgb_2_hsv@r                                  cstackBANK0  0000E2
setMotorPWM@m                                cstackCOMRAM 000019
setMotorPWM@negDuty                          cstackCOMRAM 00001E
setMotorPWM@posDuty                          cstackCOMRAM 00001D
stackhi                                      (abs)        000000
stacklo                                      (abs)        000000
start                                        init         000092
start_initialization                         cinit        00452A
stop@cur_power                               cstackCOMRAM 000029
stop@i                                       cstackCOMRAM 000027
stop@mL                                      cstackCOMRAM 00001F
stop@mR                                      cstackCOMRAM 000021
stop@straightRamp                            cstackCOMRAM 000023
ttemp5                                       temp         000050
ttemp6                                       temp         000053
ttemp7                                       temp         000057
turnLeft@cur_power                           cstackCOMRAM 00002B
turnLeft@i                                   cstackCOMRAM 000029
turnLeft@mL                                  cstackCOMRAM 00001F
turnLeft@mR                                  cstackCOMRAM 000021
turnLeft@turnDuration                        cstackCOMRAM 000024
turnLeft@turnRamp                            cstackCOMRAM 000025
turnLeft@turnSpeed                           cstackCOMRAM 000023
turnRight@cur_power                          cstackCOMRAM 00002B
turnRight@i                                  cstackCOMRAM 000029
turnRight@mL                                 cstackCOMRAM 00001F
turnRight@mR                                 cstackCOMRAM 000021
turnRight@turnDuration                       cstackCOMRAM 000024
turnRight@turnRamp                           cstackCOMRAM 000025
turnRight@turnSpeed                          cstackCOMRAM 000023
white_Light@state                            cstackCOMRAM 00000C
wtemp8                                       temp         000050


MODULE INFORMATION

Module		Function		Class		Link	Load	Size
C:\Program Files\Microchip\xc8\v2.45\pic\sources\c99\common\aldiv.c
		___aldiv       		CODE           	3E68	0000	268

C:\Program Files\Microchip\xc8\v2.45\pic\sources\c99\common\aldiv.c estimated size: 268

C:\Program Files\Microchip\xc8\v2.45\pic\sources\c99\common\Umul16.c
		___wmul        		CODE           	4788	0000	38

C:\Program Files\Microchip\xc8\v2.45\pic\sources\c99\common\Umul16.c estimated size: 38

serial.c
		_putCharToRxBuf		CODE           	47AE	0000	38
		_isDataInTxBuf 		CODE           	48CE	0000	24
		_getCharFromTxBuf		CODE           	47D4	0000	38
		_initUSART4    		CODE           	487E	0000	30

serial.c estimated size: 130

timers.c
		_Timer0_init   		CODE           	483E	0000	32
		_resetTimer    		CODE           	48FE	0000	10
		_get16bitTMR0val		CODE           	4710	0000	40

timers.c estimated size: 82

color.c
		_color_writetoaddr		CODE           	481E	0000	32
		_min           		CODE           	468E	0000	44
		_color_click_init		CODE           	4620	0000	56
		_color_clear_init_interrupts		CODE           	4358	0000	122
		_color_read    		CODE           	3580	0000	494
		_white_Light   		CODE           	47FA	0000	36
		_color_calibration		CODE           	21B2	0000	1468
		_max           		CODE           	46BA	0000	44
		_rgb_2_hsv     		CODE           	276E	0000	1244
		_color_detect  		CODE           	3318	0000	616

color.c estimated size: 4156

dc_motor.c
		_fullSpeedAhead		CODE           	407C	0000	228
		_turnLeft      		CODE           	3B28	0000	468
		_stop          		CODE           	3F74	0000	264
		_initDCmotorsPWM		CODE           	42C8	0000	144
		_turnRight     		CODE           	3954	0000	468
		_move          		CODE           	1B5C	0000	1622
		_lostReturnHome		CODE           	14BE	0000	1694
		_setMotorPWM   		CODE           	3CFC	0000	364
		_returnHome    		CODE           	0E02	0000	1724
		_calibration   		CODE           	307E	0000	666
		_reverseOneSquare		CODE           	376E	0000	486

dc_motor.c estimated size: 8128

interrupts.c
		_HighISR       		CODE           	0008	0000	138

interrupts.c estimated size: 138

i2c.c
		_I2C_2_Master_Start		CODE           	4912	0000	10
		_I2C_2_Master_Read		CODE           	45DE	0000	66
		_I2C_2_Master_Idle		CODE           	4738	0000	40
		_I2C_2_Master_Init		CODE           	46E6	0000	42
		_I2C_2_Master_Stop		CODE           	4908	0000	10
		_I2C_2_Master_RepStart		CODE           	491C	0000	10
		_I2C_2_Master_Write		CODE           	48E6	0000	12

i2c.c estimated size: 190

C:\Program Files\Microchip\xc8\v2.45\pic\sources\c99\common\Umul32.c
		___lmul        		CODE           	44C0	0000	106

C:\Program Files\Microchip\xc8\v2.45\pic\sources\c99\common\Umul32.c estimated size: 106

buggysetup.c
		_Buggy_init    		CODE           	4658	0000	54

buggysetup.c estimated size: 54

battery.c
		_batteryLevel  		CODE           	4590	0000	78

battery.c estimated size: 78

shared
		i2_color_clear_init_interrupts		CODE           	43D2	0000	122
		i2_I2C_2_Master_Stop		CODE           	4926	0000	10
		i2_I2C_2_Master_Idle		CODE           	4760	0000	40
		__initialization		CODE           	452A	0000	92
		i2_I2C_2_Master_Write		CODE           	48F2	0000	12
		i2_color_writetoaddr		CODE           	485E	0000	32
		i2_I2C_2_Master_Start		CODE           	4930	0000	10

shared estimated size: 318

ADC.c
		_ADC_init      		CODE           	489C	0000	26
		_ADC_getval    		CODE           	48B6	0000	24

ADC.c estimated size: 50

C:\Program Files\Microchip\xc8\v2.45\pic\sources\c99\common\__lldiv.c
		___lldiv       		CODE           	4224	0000	164

C:\Program Files\Microchip\xc8\v2.45\pic\sources\c99\common\__lldiv.c estimated size: 164

main.c
		_main          		CODE           	2C4A	0000	1076

main.c estimated size: 1076

C:\Program Files\Microchip\xc8\v2.45\pic\sources\c99\common\lwdiv.c
		___lwdiv       		CODE           	444C	0000	116

C:\Program Files\Microchip\xc8\v2.45\pic\sources\c99\common\lwdiv.c estimated size: 116

C:\Program Files\Microchip\xc8\v2.45\pic\sources\c99\common\awdiv.c
		___awdiv       		CODE           	4160	0000	196

C:\Program Files\Microchip\xc8\v2.45\pic\sources\c99\common\awdiv.c estimated size: 196

