Microchip MPLAB XC8 Compiler V2.45

Linker command line:

-W-3 \
  --edf=C:\Program Files\Microchip\xc8\v2.45\pic\dat\20230818022343_en.msgs \
  -cn \
  -h+dist/default/production\final-project-kenton-thomas.X.production.sym \
  --cmf=dist/default/production\final-project-kenton-thomas.X.production.cmf \
  -z -Q18F67K40 \
  -oC:\Users\thoma\AppData\Local\Temp\xcAs13i8.\driver_tmp_3.o \
  --defsym=__MPLAB_BUILD=1 --fixupoverflow=error \
  -Mdist/default/production/final-project-kenton-thomas.X.production.map \
  --md=C:\Users\thoma\AppData\Local\Temp\xcAs13i8.\driver_tmp_0.dat -E1 \
  -ver=XC8 Compiler --acfsm=1493 -ACODE=00h-01FFFFh -ACONST=00h-01FFFFh \
  -ASMALLCONST=0E00h-0EFFhx498 -AMEDIUMCONST=0E00h-0FFFFh,010E00h-01FFFFh \
  -ACOMRAM=01h-05Fh -AABS1=00h-0DE9h -ABIGRAM=01h-0DE9h \
  -ARAM=060h-0FFh,0100h-01FFhx12,0D00h-0DE9h -ABANK0=060h-0FFh \
  -ABANK1=0100h-01FFh -ABANK2=0200h-02FFh -ABANK3=0300h-03FFh \
  -ABANK4=0400h-04FFh -ABANK5=0500h-05FFh -ABANK6=0600h-06FFh \
  -ABANK7=0700h-07FFh -ABANK8=0800h-08FFh -ABANK9=0900h-09FFh \
  -ABANK10=0A00h-0AFFh -ABANK11=0B00h-0BFFh -ABANK12=0C00h-0CFFh \
  -ABANK13=0D00h-0DE9h \
  -ASFR=0DEFh-0DFFh,0E00h-0EFFh,0F00h-0F5Fh,0F60h-0FFFh \
  -ABIGSFR=0DEFh-0FFFh -ACONFIG=0300000h-030000Bh -AIDLOC=0200000h-020000Fh \
  -AEEDATA=0310000h-03103FFh -peeprom_data=EEDATA \
  -preset_vec=00h,intcode=08h,intcodelo,powerup,init -pramtop=0E00h \
  -psmallconst=SMALLCONST -pmediumconst=MEDIUMCONST -pconst=CONST \
  -AFARRAM=00h-00h \
  -prdata=COMRAM,nvrram=COMRAM,nvbit=COMRAM,rbss=COMRAM,rbit=COMRAM \
  -pfarbss=FARRAM,fardata=FARRAM,nvFARRAM=FARRAM \
  -pintsave_regs=BIGRAM,bigbss=BIGRAM,bigdata=BIGRAM -pbss=RAM \
  -pidata=CODE,irdata=CODE,ibigdata=CODE,ifardata=CODE -prparam=COMRAM \
  C:\Users\thoma\AppData\Local\Temp\xcAs13i8.\driver_tmp_9.o \
  dist/default/production\final-project-kenton-thomas.X.production.o 

Object code version is 3.11

Machine type is 18F67K40



                Name                               Link     Load   Length Selector   Space Scale
C:\Users\thoma\AppData\Local\Temp\xcAs13i8.\driver_tmp_9.o
                config                           300000   300000        6        0       4
                init                                 BE       BE        4        4       0
                reset_vec                             0        0        4        0       0
dist/default/production\final-project-kenton-thomas.X.production.o
                intcode                               8        8       B6        4       0
                config                           300000   300000        6        0       4
                temp                                 4D       4D        1        1       1
                smallconst                          E00      E00        2      700       0
                text54                             47B6     47B6       26      701       0
                text53                             48B0     48B0       18      701       0
                text52                             4790     4790       26      701       0
                text51                             4444     4444       74      701       0
                text50                             4742     4742       28      701       0
                text49                             4928     4928        A      701       0
                text48                             491E     491E        A      701       0
                text47                             48EA     48EA        C      701       0
                text46                             4840     4840       20      701       0
                text45                             41F6     41F6       A6      701       0
                text43                             463A     463A       36      701       0
                text42                             48C8     48C8       16      701       0
                text41                             4820     4820       20      701       0
                text40                             4898     4898       18      701       0
                text39                             487E     487E       1A      701       0
                text38                             408C     408C       C4      701       0
                text37                             4572     4572       4E      701       0
                text36                             43D0     43D0       74      701       0
                text35                             476A     476A       26      701       0
                text34                             3C26     3C26      16C      701       0
                text33                             3A4C     3A4C      1DA      701       0
                text32                             3872     3872      1DA      701       0
                text31                             300E     300E      29A      701       0
                text30                             46C8     46C8       2A      701       0
                text29                             471A     471A       28      701       0
                text28                             4914     4914        A      701       0
                text27                             490A     490A        A      701       0
                text26                             48DE     48DE        C      701       0
                text25                             4800     4800       20      701       0
                text24                             4150     4150       A6      701       0
                text23                             4602     4602       38      701       0
                text22                             45C0     45C0       42      701       0
                text21                             4900     4900        A      701       0
                text20                             3498     3498      1EE      701       0
                text19                             4340     4340       90      701       0
                text18                             4860     4860       1E      701       0
                text17                             3FA6     3FA6       E6      701       0
                text16                             46F2     46F2       28      701       0
                text15                             48F6     48F6        A      701       0
                text14                             3686     3686      1EC      701       0
                text13                             3E9E     3E9E      108      701       0
                text12                             1CE8     1CE8      6A4      701       0
                text11                             162C     162C      6BC      701       0
                text10                             32A8     32A8      1F0      701       0
                text9                               E02      E02      82A      701       0
                text8                              3D92     3D92      10C      701       0
                text7                              429C     429C       A4      701       0
                text6                              44B8     44B8       6A      701       0
                text5                              469C     469C       2C      701       0
                text4                              4670     4670       2C      701       0
                text3                              238C     238C      4DC      701       0
                text2                              2C40     2C40      3CE      701       0
                text1                              47DC     47DC       24      701       0
                text0                              2868     2868      3D8      701       0
                cstackCOMRAM                          1        1       48        1       1
                cstackBANK0                          D8       D8       16       60       1
                cstackBANK1                         100      100       D3      100       1
                bssBANK2                            200      200       7A      200       1
                dataBANK1                           1D3      1D3        6      100       1
                bssBANK1                            1D9      1D9        2      100       1
                bssBANK0                             60       60       78       60       1
                bssCOMRAM                            49       49        4        1       1
                cinit                              4522     4522       50      701       0
                idataBANK1                         4932     4932        6      701       0

TOTAL           Name                               Link     Load   Length     Space
        CLASS   CODE           
                intcode                               8        8       B6         0
                init                                 BE       BE        4         0
                reset_vec                             0        0        4         0
                text54                             47B6     47B6       26         0
                text53                             48B0     48B0       18         0
                text52                             4790     4790       26         0
                text51                             4444     4444       74         0
                text50                             4742     4742       28         0
                text49                             4928     4928        A         0
                text48                             491E     491E        A         0
                text47                             48EA     48EA        C         0
                text46                             4840     4840       20         0
                text45                             41F6     41F6       A6         0
                text43                             463A     463A       36         0
                text42                             48C8     48C8       16         0
                text41                             4820     4820       20         0
                text40                             4898     4898       18         0
                text39                             487E     487E       1A         0
                text38                             408C     408C       C4         0
                text37                             4572     4572       4E         0
                text36                             43D0     43D0       74         0
                text35                             476A     476A       26         0
                text34                             3C26     3C26      16C         0
                text33                             3A4C     3A4C      1DA         0
                text32                             3872     3872      1DA         0
                text31                             300E     300E      29A         0
                text30                             46C8     46C8       2A         0
                text29                             471A     471A       28         0
                text28                             4914     4914        A         0
                text27                             490A     490A        A         0
                text26                             48DE     48DE        C         0
                text25                             4800     4800       20         0
                text24                             4150     4150       A6         0
                text23                             4602     4602       38         0
                text22                             45C0     45C0       42         0
                text21                             4900     4900        A         0
                text20                             3498     3498      1EE         0
                text19                             4340     4340       90         0
                text18                             4860     4860       1E         0
                text17                             3FA6     3FA6       E6         0
                text16                             46F2     46F2       28         0
                text15                             48F6     48F6        A         0
                text14                             3686     3686      1EC         0
                text13                             3E9E     3E9E      108         0
                text12                             1CE8     1CE8      6A4         0
                text11                             162C     162C      6BC         0
                text10                             32A8     32A8      1F0         0
                text9                               E02      E02      82A         0
                text8                              3D92     3D92      10C         0
                text7                              429C     429C       A4         0
                text6                              44B8     44B8       6A         0
                text5                              469C     469C       2C         0
                text4                              4670     4670       2C         0
                text3                              238C     238C      4DC         0
                text2                              2C40     2C40      3CE         0
                text1                              47DC     47DC       24         0
                text0                              2868     2868      3D8         0
                cinit                              4522     4522       50         0
                idataBANK1                         4932     4932        6         0

        CLASS   CONST          

        CLASS   SMALLCONST     
                smallconst                          E00      E00        2         0

        CLASS   MEDIUMCONST    

        CLASS   COMRAM         
                temp                                 4D       4D        1         1
                cstackCOMRAM                          1        1       48         1
                bssCOMRAM                            49       49        4         1

        CLASS   ABS1           

        CLASS   BIGRAM         

        CLASS   RAM            

        CLASS   BANK0          
                cstackBANK0                          D8       D8       16         1
                bssBANK0                             60       60       78         1

        CLASS   BANK1          
                cstackBANK1                         100      100       D3         1
                dataBANK1                           1D3      1D3        6         1
                bssBANK1                            1D9      1D9        2         1

        CLASS   BANK2          
                bssBANK2                            200      200       7A         1

        CLASS   BANK3          

        CLASS   BANK4          

        CLASS   BANK5          

        CLASS   BANK6          

        CLASS   BANK7          

        CLASS   BANK8          

        CLASS   BANK9          

        CLASS   BANK10         

        CLASS   BANK11         

        CLASS   BANK12         

        CLASS   BANK13         

        CLASS   SFR            

        CLASS   BIGSFR         

        CLASS   CONFIG         
                config                           300000   300000        6         4

        CLASS   IDLOC          

        CLASS   EEDATA         

        CLASS   FARRAM         

        CLASS   HEAP           

        CLASS   STACK          



SEGMENTS        Name                           Load    Length   Top    Selector   Space  Class

                reset_vec                      000000  000004  000004         0       0  CODE    
                cstackCOMRAM                   000001  00004D  00004E         1       1  COMRAM  
                intcode                        000008  0000BA  0000C2         4       0  CODE    
                bssBANK0                       000060  00008E  0000EE        60       1  BANK0   
                cstackBANK1                    000100  0000DB  0001DB       100       1  BANK1   
                bssBANK2                       000200  00007A  00027A       200       1  BANK2   
                smallconst                     000E00  000002  000E02       700       0  SMALLCON
                text9                          000E02  003B36  004938       701       0  CODE    


UNUSED ADDRESS RANGES

        Name                Unused          Largest block    Delta
        BANK0            0000EE-0000FF               12
        BANK1            0001DB-0001FF               25
        BANK10           000A00-000AFF              100
        BANK11           000B00-000BFF              100
        BANK12           000C00-000CFF              100
        BANK13           000D00-000DE9               EA
        BANK2            00027A-0002FF               86
        BANK3            000300-0003FF              100
        BANK4            000400-0004FF              100
        BANK5            000500-0005FF              100
        BANK6            000600-0006FF              100
        BANK7            000700-0007FF              100
        BANK8            000800-0008FF              100
        BANK9            000900-0009FF              100
        BIGRAM           00004E-00005F               12
                         0000EE-0000FF               12
                         0001DB-0001FF               25
                         00027A-000DE9              B70
        BIGSFR           000DEF-000FFF              211
        CODE             000004-000007                4
                         0000C2-000DFF              D3E
                         004938-01FFFF            1B6C8
        COMRAM           00004E-00005F               12
        CONFIG           300006-30000B                6
        CONST            000004-000007                4
                         0000C2-000DFF              D3E
                         004938-01FFFF            1B6C8
        EEDATA           310000-3103FF              400
        IDLOC            200000-20000F               10
        MEDIUMCONST      004938-00FFFF             B6C8
                         010E00-01FFFF             F200
        RAM              0000EE-0000FF               12
                         0001DB-0001FF               25
                         00027A-000DE9              100
        SFR              000DEF-000FFF              100
        SMALLCONST       004938-01FFFF              100

                                  Symbol Table

?___aldiv                                    cstackCOMRAM 00001C
?___awdiv                                    cstackCOMRAM 000010
?___lldiv                                    cstackCOMRAM 00001C
?___lmul                                     cstackCOMRAM 000010
?___lwdiv                                    cstackCOMRAM 000016
?___wmul                                     cstackCOMRAM 000010
?_get16bitTMR0val                            cstackCOMRAM 000010
?_max                                        cstackCOMRAM 000010
?_min                                        cstackCOMRAM 000010
?i2___lwdiv                                  cstackCOMRAM 000001
ADC_getval@tmpval                            cstackCOMRAM 000010
I2C_2_Master_Read@ack                        cstackCOMRAM 000012
I2C_2_Master_Read@tmp                        cstackCOMRAM 000013
I2C_2_Master_Write@data_byte                 cstackCOMRAM 000011
_ADCON0bits                                  (abs)        000F60
_ADC_getval                                  text40       004898
_ADC_init                                    text39       00487E
_ADPCH                                       (abs)        000F5F
_ADREFbits                                   (abs)        000F58
_ADRESH                                      (abs)        000F64
_ANSELBbits                                  (abs)        000E9A
_ANSELDbits                                  (abs)        000EA7
_ANSELFbits                                  (abs)        000EB4
_BAUD4CONbits                                (abs)        000EE9
_Buggy_init                                  text43       00463A
_CCP1CONbits                                 (abs)        000FAB
_CCP2CONbits                                 (abs)        000FA7
_CCP3CONbits                                 (abs)        000F26
_CCP4CONbits                                 (abs)        000F22
_CCPR1H                                      (abs)        000FAA
_CCPR2H                                      (abs)        000FA6
_CCPR3H                                      (abs)        000F25
_CCPR4H                                      (abs)        000F21
_CCPTMRS0bits                                (abs)        000FAD
_EUSART4RXbuf                                bssBANK0     0000C4
_EUSART4TXbuf                                bssBANK0     000060
_HighISR                                     intcode      000008
_I2C_2_Master_Idle                           text29       00471A
_I2C_2_Master_Init                           text30       0046C8
_I2C_2_Master_Read                           text22       0045C0
_I2C_2_Master_RepStart                       text21       004900
_I2C_2_Master_Start                          text28       004914
_I2C_2_Master_Stop                           text27       00490A
_I2C_2_Master_Write                          text26       0048DE
_INTCONbits                                  (abs)        000FF2
_IPR0bits                                    (abs)        000E1F
_Interrupts_init                             text42       0048C8
_LATAbits                                    (abs)        000F79
_LATCbits                                    (abs)        000F7B
_LATDbits                                    (abs)        000F7C
_LATEbits                                    (abs)        000F7D
_LATFbits                                    (abs)        000F7E
_LATGbits                                    (abs)        000F7F
_LATHbits                                    (abs)        000F80
_PIE0bits                                    (abs)        000E29
_PIE4bits                                    (abs)        000E2D
_PIR0bits                                    (abs)        000E33
_PIR4bits                                    (abs)        000E37
_PORTFbits                                   (abs)        000F8E
_RC0PPS                                      (abs)        000E62
_RC4REG                                      (abs)        000EE3
_RC4STAbits                                  (abs)        000EE7
_RC7PPS                                      (abs)        000E69
_RD5PPS                                      (abs)        000E6F
_RD6PPS                                      (abs)        000E70
_RE2PPS                                      (abs)        000E74
_RE4PPS                                      (abs)        000E76
_RG6PPS                                      (abs)        000E88
_RX4PPS                                      (abs)        000E15
_RxBufReadCnt                                bssCOMRAM    00004B
_RxBufWriteCnt                               bssCOMRAM    00004C
_SP4BRGH                                     (abs)        000EE6
_SP4BRGL                                     (abs)        000EE5
_SSP2ADD                                     (abs)        000ED6
_SSP2BUF                                     (abs)        000ED5
_SSP2CLKPPS                                  (abs)        000E1C
_SSP2CON1bits                                (abs)        000ED9
_SSP2CON2                                    (abs)        000EDA
_SSP2CON2bits                                (abs)        000EDA
_SSP2DATPPS                                  (abs)        000E1D
_SSP2STAT                                    (abs)        000ED8
_T0CON0bits                                  (abs)        000FD5
_T0CON1bits                                  (abs)        000FD6
_T2CLKCONbits                                (abs)        000FBF
_T2CONbits                                   (abs)        000FBD
_T2HLTbits                                   (abs)        000FBE
_T2PR                                        (abs)        000FBC
_TMR0H                                       (abs)        000FD4
_TMR0IE                                      (abs)        00714D
_TMR0IF                                      (abs)        00719D
_TMR0L                                       (abs)        000FD3
_TRISAbits                                   (abs)        000F81
_TRISBbits                                   (abs)        000F82
_TRISCbits                                   (abs)        000F83
_TRISDbits                                   (abs)        000F84
_TRISEbits                                   (abs)        000F85
_TRISFbits                                   (abs)        000F86
_TRISGbits                                   (abs)        000F87
_TRISHbits                                   (abs)        000F88
_TX4REG                                      (abs)        000EE4
_TX4STAbits                                  (abs)        000EE8
_Timer0_init                                 text41       004820
_TxBufReadCnt                                bssCOMRAM    000049
_TxBufWriteCnt                               bssCOMRAM    00004A
__HRAM                                       (abs)        000000
__H__absolute__                              __absolute__ 000000
__Habs1                                      abs1         000000
__Hbank0                                     bank0        000000
__Hbank1                                     bank1        000000
__Hbank10                                    bank10       000000
__Hbank11                                    bank11       000000
__Hbank12                                    bank12       000000
__Hbank13                                    bank13       000000
__Hbank2                                     bank2        000000
__Hbank3                                     bank3        000000
__Hbank4                                     bank4        000000
__Hbank5                                     bank5        000000
__Hbank6                                     bank6        000000
__Hbank7                                     bank7        000000
__Hbank8                                     bank8        000000
__Hbank9                                     bank9        000000
__Hbigbss                                    bigbss       000000
__Hbigdata                                   bigdata      000000
__Hbigram                                    bigram       000000
__Hbigsfr                                    bigsfr       000000
__Hbss                                       bss          000000
__HbssBANK0                                  bssBANK0     000000
__HbssBANK1                                  bssBANK1     000000
__HbssBANK2                                  bssBANK2     000000
__HbssCOMRAM                                 bssCOMRAM    000000
__Hcinit                                     cinit        000000
__Hclrtext                                   clrtext      000000
__Hcomram                                    comram       000000
__Hconfig                                    config       300006
__Hconst                                     const        000000
__HcstackBANK0                               cstackBANK0  000000
__HcstackBANK1                               cstackBANK1  000000
__HcstackCOMRAM                              cstackCOMRAM 000000
__Hdata                                      data         000000
__HdataBANK1                                 dataBANK1    000000
__Heeprom_data                               eeprom_data  000000
__Hfarbss                                    farbss       000000
__Hfardata                                   fardata      000000
__Hheap                                      heap         000000
__Hibigdata                                  ibigdata     000000
__Hidata                                     idata        000000
__HidataBANK1                                idataBANK1   000000
__Hidloc                                     idloc        000000
__Hifardata                                  ifardata     000000
__Hinit                                      init         0000C2
__Hintcode                                   intcode      0000BE
__Hintcode_body                              intcode_body 000000
__Hintcodelo                                 intcodelo    0000BE
__Hintentry                                  intentry     000000
__Hintret                                    intret       000000
__Hintsave_regs                              intsave_regs 000000
__Hirdata                                    irdata       000000
__Hmediumconst                               mediumconst  000000
__HnvFARRAM                                  nvFARRAM     000000
__Hnvbit                                     nvbit        000000
__Hnvrram                                    nvrram       000000
__Hparam                                     rparam       000000
__Hpowerup                                   powerup      0000BE
__Hram                                       ram          000000
__Hramtop                                    ramtop       000E00
__Hrbit                                      rbit         000000
__Hrbss                                      rbss         000000
__Hrdata                                     rdata        000000
__Hreset_vec                                 reset_vec    000004
__Hrparam                                    rparam       000000
__Hsfr                                       sfr          000000
__Hsmallconst                                smallconst   000E02
__Hspace_0                                   (abs)        004938
__Hspace_1                                   (abs)        00027A
__Hspace_2                                   (abs)        000000
__Hspace_4                                   (abs)        600006
__Hstack                                     stack        000000
__Hstruct                                    struct       000000
__Htemp                                      temp         00004E
__Htext                                      text         000000
__Htext0                                     text0        000000
__Htext1                                     text1        000000
__Htext10                                    text10       000000
__Htext11                                    text11       000000
__Htext12                                    text12       000000
__Htext13                                    text13       000000
__Htext14                                    text14       000000
__Htext15                                    text15       000000
__Htext16                                    text16       000000
__Htext17                                    text17       000000
__Htext18                                    text18       000000
__Htext19                                    text19       000000
__Htext2                                     text2        000000
__Htext20                                    text20       000000
__Htext21                                    text21       000000
__Htext22                                    text22       000000
__Htext23                                    text23       000000
__Htext24                                    text24       000000
__Htext25                                    text25       000000
__Htext26                                    text26       000000
__Htext27                                    text27       000000
__Htext28                                    text28       000000
__Htext29                                    text29       000000
__Htext3                                     text3        000000
__Htext30                                    text30       000000
__Htext31                                    text31       000000
__Htext32                                    text32       000000
__Htext33                                    text33       000000
__Htext34                                    text34       000000
__Htext35                                    text35       000000
__Htext36                                    text36       000000
__Htext37                                    text37       000000
__Htext38                                    text38       000000
__Htext39                                    text39       000000
__Htext4                                     text4        000000
__Htext40                                    text40       000000
__Htext41                                    text41       000000
__Htext42                                    text42       000000
__Htext43                                    text43       000000
__Htext45                                    text45       000000
__Htext46                                    text46       000000
__Htext47                                    text47       000000
__Htext48                                    text48       000000
__Htext49                                    text49       000000
__Htext5                                     text5        000000
__Htext50                                    text50       000000
__Htext51                                    text51       000000
__Htext52                                    text52       000000
__Htext53                                    text53       000000
__Htext54                                    text54       000000
__Htext6                                     text6        000000
__Htext7                                     text7        000000
__Htext8                                     text8        000000
__Htext9                                     text9        000000
__LRAM                                       (abs)        000001
__L__absolute__                              __absolute__ 000000
__Labs1                                      abs1         000000
__Lbank0                                     bank0        000000
__Lbank1                                     bank1        000000
__Lbank10                                    bank10       000000
__Lbank11                                    bank11       000000
__Lbank12                                    bank12       000000
__Lbank13                                    bank13       000000
__Lbank2                                     bank2        000000
__Lbank3                                     bank3        000000
__Lbank4                                     bank4        000000
__Lbank5                                     bank5        000000
__Lbank6                                     bank6        000000
__Lbank7                                     bank7        000000
__Lbank8                                     bank8        000000
__Lbank9                                     bank9        000000
__Lbigbss                                    bigbss       000000
__Lbigdata                                   bigdata      000000
__Lbigram                                    bigram       000000
__Lbigsfr                                    bigsfr       000000
__Lbss                                       bss          000000
__LbssBANK0                                  bssBANK0     000000
__LbssBANK1                                  bssBANK1     000000
__LbssBANK2                                  bssBANK2     000000
__LbssCOMRAM                                 bssCOMRAM    000000
__Lcinit                                     cinit        000000
__Lclrtext                                   clrtext      000000
__Lcomram                                    comram       000000
__Lconfig                                    config       000000
__Lconst                                     const        000000
__LcstackBANK0                               cstackBANK0  000000
__LcstackBANK1                               cstackBANK1  000000
__LcstackCOMRAM                              cstackCOMRAM 000000
__Ldata                                      data         000000
__LdataBANK1                                 dataBANK1    000000
__Leeprom_data                               eeprom_data  000000
__Lfarbss                                    farbss       000000
__Lfardata                                   fardata      000000
__Lheap                                      heap         000000
__Libigdata                                  ibigdata     000000
__Lidata                                     idata        000000
__LidataBANK1                                idataBANK1   000000
__Lidloc                                     idloc        000000
__Lifardata                                  ifardata     000000
__Linit                                      init         0000BE
__Lintcode                                   intcode      000008
__Lintcode_body                              intcode_body 000000
__Lintcodelo                                 intcodelo    0000BE
__Lintentry                                  intentry     000000
__Lintret                                    intret       000000
__Lintsave_regs                              intsave_regs 000000
__Lirdata                                    irdata       000000
__Lmediumconst                               mediumconst  000000
__LnvFARRAM                                  nvFARRAM     000000
__Lnvbit                                     nvbit        000000
__Lnvrram                                    nvrram       000000
__Lparam                                     rparam       000000
__Lpowerup                                   powerup      0000BE
__Lram                                       ram          000000
__Lramtop                                    ramtop       000E00
__Lrbit                                      rbit         000000
__Lrbss                                      rbss         000000
__Lrdata                                     rdata        000000
__Lreset_vec                                 reset_vec    000000
__Lrparam                                    rparam       000000
__Lsfr                                       sfr          000000
__Lsmallconst                                smallconst   000E00
__Lspace_0                                   (abs)        000000
__Lspace_1                                   (abs)        000000
__Lspace_2                                   (abs)        000000
__Lspace_4                                   (abs)        000000
__Lstack                                     stack        000000
__Lstruct                                    struct       000000
__Ltemp                                      temp         00004D
__Ltext                                      text         000000
__Ltext0                                     text0        000000
__Ltext1                                     text1        000000
__Ltext10                                    text10       000000
__Ltext11                                    text11       000000
__Ltext12                                    text12       000000
__Ltext13                                    text13       000000
__Ltext14                                    text14       000000
__Ltext15                                    text15       000000
__Ltext16                                    text16       000000
__Ltext17                                    text17       000000
__Ltext18                                    text18       000000
__Ltext19                                    text19       000000
__Ltext2                                     text2        000000
__Ltext20                                    text20       000000
__Ltext21                                    text21       000000
__Ltext22                                    text22       000000
__Ltext23                                    text23       000000
__Ltext24                                    text24       000000
__Ltext25                                    text25       000000
__Ltext26                                    text26       000000
__Ltext27                                    text27       000000
__Ltext28                                    text28       000000
__Ltext29                                    text29       000000
__Ltext3                                     text3        000000
__Ltext30                                    text30       000000
__Ltext31                                    text31       000000
__Ltext32                                    text32       000000
__Ltext33                                    text33       000000
__Ltext34                                    text34       000000
__Ltext35                                    text35       000000
__Ltext36                                    text36       000000
__Ltext37                                    text37       000000
__Ltext38                                    text38       000000
__Ltext39                                    text39       000000
__Ltext4                                     text4        000000
__Ltext40                                    text40       000000
__Ltext41                                    text41       000000
__Ltext42                                    text42       000000
__Ltext43                                    text43       000000
__Ltext45                                    text45       000000
__Ltext46                                    text46       000000
__Ltext47                                    text47       000000
__Ltext48                                    text48       000000
__Ltext49                                    text49       000000
__Ltext5                                     text5        000000
__Ltext50                                    text50       000000
__Ltext51                                    text51       000000
__Ltext52                                    text52       000000
__Ltext53                                    text53       000000
__Ltext54                                    text54       000000
__Ltext6                                     text6        000000
__Ltext7                                     text7        000000
__Ltext8                                     text8        000000
__Ltext9                                     text9        000000
__S0                                         (abs)        004938
__S1                                         (abs)        00027A
__S4                                         (abs)        000000
__S5                                         (abs)        000000
___aldiv                                     text8        003D92
___aldiv@counter                             cstackCOMRAM 000024
___aldiv@dividend                            cstackCOMRAM 00001C
___aldiv@divisor                             cstackCOMRAM 000020
___aldiv@quotient                            cstackCOMRAM 000026
___aldiv@sign                                cstackCOMRAM 000025
___awdiv                                     text38       00408C
___awdiv@counter                             cstackCOMRAM 000014
___awdiv@dividend                            cstackCOMRAM 000010
___awdiv@divisor                             cstackCOMRAM 000012
___awdiv@quotient                            cstackCOMRAM 000016
___awdiv@sign                                cstackCOMRAM 000015
___heap_hi                                   (abs)        000000
___heap_lo                                   (abs)        000000
___inthi_sp                                  stack        000000
___inthi_stack_hi                            stack        000000
___inthi_stack_lo                            stack        000000
___intlo_sp                                  stack        000000
___intlo_stack_hi                            stack        000000
___intlo_stack_lo                            stack        000000
___lldiv                                     text7        00429C
___lldiv@counter                             cstackCOMRAM 000028
___lldiv@dividend                            cstackCOMRAM 00001C
___lldiv@divisor                             cstackCOMRAM 000020
___lldiv@quotient                            cstackCOMRAM 000024
___lmul                                      text6        0044B8
___lmul@multiplicand                         cstackCOMRAM 000014
___lmul@multiplier                           cstackCOMRAM 000010
___lmul@product                              cstackCOMRAM 000018
___lwdiv                                     text36       0043D0
___lwdiv@counter                             cstackCOMRAM 00001C
___lwdiv@dividend                            cstackCOMRAM 000016
___lwdiv@divisor                             cstackCOMRAM 000018
___lwdiv@quotient                            cstackCOMRAM 00001A
___param_bank                                (abs)        000000
___rparam_used                               (abs)        000001
___sp                                        stack        000000
___stack_hi                                  stack        000000
___stack_lo                                  stack        000000
___wmul                                      text35       00476A
___wmul@multiplicand                         cstackCOMRAM 000012
___wmul@multiplier                           cstackCOMRAM 000010
___wmul@product                              cstackCOMRAM 000014
__accesstop                                  (abs)        000060
__activetblptr                               (abs)        000000
__end_of_ADC_getval                          text40       0048B0
__end_of_ADC_init                            text39       004898
__end_of_Buggy_init                          text43       004670
__end_of_HighISR                             intcode      0000BE
__end_of_I2C_2_Master_Idle                   text29       004742
__end_of_I2C_2_Master_Init                   text30       0046F2
__end_of_I2C_2_Master_Read                   text22       004602
__end_of_I2C_2_Master_RepStart               text21       00490A
__end_of_I2C_2_Master_Start                  text28       00491E
__end_of_I2C_2_Master_Stop                   text27       004914
__end_of_I2C_2_Master_Write                  text26       0048EA
__end_of_Interrupts_init                     text42       0048DE
__end_of_Timer0_init                         text41       004840
__end_of___aldiv                             text8        003E9E
__end_of___awdiv                             text38       004150
__end_of___lldiv                             text7        004340
__end_of___lmul                              text6        004522
__end_of___lwdiv                             text36       004444
__end_of___wmul                              text35       004790
__end_of__initialization                     cinit        004568
__end_of_batteryLevel                        text37       0045C0
__end_of_calibration                         text31       0032A8
__end_of_color_clear_init_interrupts         text24       0041F6
__end_of_color_click_init                    text23       00463A
__end_of_color_read                          text20       003686
__end_of_color_writetoaddr                   text25       004820
__end_of_fullSpeedAhead                      text17       00408C
__end_of_get16bitTMR0val                     text16       00471A
__end_of_getCharFromTxBuf                    text54       0047DC
__end_of_initDCmotorsPWM                     text19       0043D0
__end_of_initUSART4                          text18       00487E
__end_of_isDataInTxBuf                       text53       0048C8
__end_of_lostReturnHome                      text12       00238C
__end_of_main                                text0        002C40
__end_of_max                                 text5        0046C8
__end_of_min                                 text4        00469C
__end_of_move                                text9        00162C
__end_of_putCharToRxBuf                      text52       0047B6
__end_of_resetTimer                          text15       004900
__end_of_returnHome                          text11       001CE8
__end_of_reverseOneSquare                    text14       003872
__end_of_reverseShort                        text10       003498
__end_of_rgb_2_hsv                           text3        002868
__end_of_setMotorPWM                         text34       003D92
__end_of_stop                                text13       003FA6
__end_of_turnLeft                            text33       003C26
__end_of_turnRight                           text32       003A4C
__end_of_wallAdjust                          text2        00300E
__end_of_white_Light                         text1        004800
__end_ofi2_I2C_2_Master_Idle                 text50       00476A
__end_ofi2_I2C_2_Master_Start                text49       004932
__end_ofi2_I2C_2_Master_Stop                 text48       004928
__end_ofi2_I2C_2_Master_Write                text47       0048F6
__end_ofi2___lwdiv                           text51       0044B8
__end_ofi2_color_clear_init_interrupts       text45       00429C
__end_ofi2_color_writetoaddr                 text46       004860
__initialization                             cinit        004522
__mediumconst                                mediumconst  000000
__pbssBANK0                                  bssBANK0     000060
__pbssBANK1                                  bssBANK1     0001D9
__pbssBANK2                                  bssBANK2     000200
__pbssCOMRAM                                 bssCOMRAM    000049
__pcinit                                     cinit        004522
__pcstackBANK0                               cstackBANK0  0000D8
__pcstackBANK1                               cstackBANK1  000100
__pcstackCOMRAM                              cstackCOMRAM 000001
__pdataBANK1                                 dataBANK1    0001D3
__pidataBANK1                                idataBANK1   004932
__pintcode                                   intcode      000008
__psmallconst                                smallconst   000E00
__ptext0                                     text0        002868
__ptext1                                     text1        0047DC
__ptext10                                    text10       0032A8
__ptext11                                    text11       00162C
__ptext12                                    text12       001CE8
__ptext13                                    text13       003E9E
__ptext14                                    text14       003686
__ptext15                                    text15       0048F6
__ptext16                                    text16       0046F2
__ptext17                                    text17       003FA6
__ptext18                                    text18       004860
__ptext19                                    text19       004340
__ptext2                                     text2        002C40
__ptext20                                    text20       003498
__ptext21                                    text21       004900
__ptext22                                    text22       0045C0
__ptext23                                    text23       004602
__ptext24                                    text24       004150
__ptext25                                    text25       004800
__ptext26                                    text26       0048DE
__ptext27                                    text27       00490A
__ptext28                                    text28       004914
__ptext29                                    text29       00471A
__ptext3                                     text3        00238C
__ptext30                                    text30       0046C8
__ptext31                                    text31       00300E
__ptext32                                    text32       003872
__ptext33                                    text33       003A4C
__ptext34                                    text34       003C26
__ptext35                                    text35       00476A
__ptext36                                    text36       0043D0
__ptext37                                    text37       004572
__ptext38                                    text38       00408C
__ptext39                                    text39       00487E
__ptext4                                     text4        004670
__ptext40                                    text40       004898
__ptext41                                    text41       004820
__ptext42                                    text42       0048C8
__ptext43                                    text43       00463A
__ptext45                                    text45       0041F6
__ptext46                                    text46       004840
__ptext47                                    text47       0048EA
__ptext48                                    text48       00491E
__ptext49                                    text49       004928
__ptext5                                     text5        00469C
__ptext50                                    text50       004742
__ptext51                                    text51       004444
__ptext52                                    text52       004790
__ptext53                                    text53       0048B0
__ptext54                                    text54       0047B6
__ptext6                                     text6        0044B8
__ptext7                                     text7        00429C
__ptext8                                     text8        003D92
__ptext9                                     text9        000E02
__ramtop                                     ramtop       000E00
__smallconst                                 smallconst   000E00
_ambient                                     dataBANK1    0001D7
_batteryLevel                                text37       004572
_brightnessChange                            bssBANK1     0001DA
_calibration                                 text31       00300E
_color_clear_init_interrupts                 text24       004150
_color_click_init                            text23       004602
_color_read                                  text20       003498
_color_writetoaddr                           text25       004800
_fullSpeedAhead                              text17       003FA6
_get16bitTMR0val                             text16       0046F2
_getCharFromTxBuf                            text54       0047B6
_initDCmotorsPWM                             text19       004340
_initUSART4                                  text18       004860
_isDataInTxBuf                               text53       0048B0
_lost                                        bssBANK1     0001D9
_lostReturnHome                              text12       001CE8
_main                                        text0        002868
_max                                         text5        00469C
_min                                         text4        004670
_move                                        text9        000E02
_putCharToRxBuf                              text52       004790
_resetTimer                                  text15       0048F6
_returnHome                                  text11       00162C
_reverseOneSquare                            text14       003686
_reverseShort                                text10       0032A8
_rgb_2_hsv                                   text3        00238C
_rgb_2_hsv$3604                              cstackBANK0  0000DE
_rgb_2_hsv$3605                              cstackBANK0  0000E0
_rgb_2_hsv$3606                              cstackBANK0  0000D8
_setMotorPWM                                 text34       003C26
_stop                                        text13       003E9E
_turnLeft                                    text33       003A4C
_turnRight                                   text32       003872
_wallAdjust                                  text2        002C40
_white_Light                                 text1        0047DC
batteryLevel@batteryQuarter                  cstackCOMRAM 000019
batteryLevel@batteryVoltage                  cstackCOMRAM 000018
btemp                                        temp         00004D
calibration@mL                               cstackCOMRAM 000031
calibration@mR                               cstackCOMRAM 000033
calibration@turnDuration                     cstackCOMRAM 000036
calibration@turnRamp                         cstackCOMRAM 000038
calibration@turnSpeed                        cstackCOMRAM 000035
color_clear_init_interrupts@high_threshold   cstackCOMRAM 00001E
color_clear_init_interrupts@low_threshold    cstackCOMRAM 000020
color_read@RGBC                              cstackCOMRAM 000014
color_writetoaddr@address                    cstackCOMRAM 000013
color_writetoaddr@value                      cstackCOMRAM 000012
end_of_initialization                        cinit        004568
fullSpeedAhead@cur_power                     cstackCOMRAM 00002E
fullSpeedAhead@i                             cstackCOMRAM 00002C
fullSpeedAhead@mL                            cstackCOMRAM 000023
fullSpeedAhead@mR                            cstackCOMRAM 000025
fullSpeedAhead@straightRamp                  cstackCOMRAM 000028
fullSpeedAhead@straightSpeed                 cstackCOMRAM 000027
get16bitTMR0val@timer_high                   cstackCOMRAM 000016
get16bitTMR0val@timer_low                    cstackCOMRAM 000014
get16bitTMR0val@timer_val                    cstackCOMRAM 000018
i2I2C_2_Master_Write@data_byte               cstackCOMRAM 000002
i2_I2C_2_Master_Idle                         text50       004742
i2_I2C_2_Master_Start                        text49       004928
i2_I2C_2_Master_Stop                         text48       00491E
i2_I2C_2_Master_Write                        text47       0048EA
i2___lwdiv                                   text51       004444
i2___lwdiv@counter                           cstackCOMRAM 000007
i2___lwdiv@dividend                          cstackCOMRAM 000001
i2___lwdiv@divisor                           cstackCOMRAM 000003
i2___lwdiv@quotient                          cstackCOMRAM 000005
i2_color_clear_init_interrupts               text45       0041F6
i2_color_writetoaddr                         text46       004840
i2color_clear_init_interrupts@high_threshold cstackCOMRAM 000009
i2color_clear_init_interrupts@low_threshold  cstackCOMRAM 00000B
i2color_writetoaddr@address                  cstackCOMRAM 000004
i2color_writetoaddr@value                    cstackCOMRAM 000003
initDCmotorsPWM@PWMperiod                    cstackCOMRAM 000010
int$flags                                    temp         00004D
intlevel0                                    text         000000
intlevel1                                    text         000000
intlevel2                                    text         000000
intlevel3                                    text         000000
isa$std                                      (abs)        000001
isa$xinst                                    (abs)        000000
lostReturnHome@curMove                       cstackCOMRAM 000039
lostReturnHome@i                             cstackCOMRAM 000044
lostReturnHome@mL                            cstackCOMRAM 000031
lostReturnHome@mR                            cstackCOMRAM 000033
lostReturnHome@moveSequence                  cstackCOMRAM 000035
lostReturnHome@reverseDuration               cstackCOMRAM 00003B
lostReturnHome@straightRamp                  cstackCOMRAM 00003C
lostReturnHome@straightSpeed                 cstackCOMRAM 00003A
lostReturnHome@straightTime                  cstackCOMRAM 000037
lostReturnHome@turnDuration                  cstackCOMRAM 00003E
lostReturnHome@turnRamp                      cstackCOMRAM 00003F
lostReturnHome@turnSpeed                     cstackCOMRAM 00003D
main@F14661                                  dataBANK1    0001D3
main@HSV                                     cstackBANK1  0001AC
main@RGBC                                    cstackBANK1  0001B7
main@ambientNew                              cstackBANK1  0001A7
main@buf                                     cstackBANK1  000100
main@color                                   cstackBANK1  0001B3
main@curMove                                 cstackBANK1  0001B4
main@motorL                                  cstackBANK1  0001C9
main@motorR                                  cstackBANK1  0001BF
main@moveSequence                            cstackBANK1  00017A
main@reverseDuration                         cstackBANK1  0001A9
main@straightRamp                            cstackBANK1  0001B5
main@straightSpeed                           cstackBANK1  0001B2
main@straightTime                            cstackBANK1  000128
main@testSequence                            cstackBANK1  0001A2
main@turnDuration                            cstackBANK1  0001B6
main@turnRamp                                cstackBANK1  0001AB
main@turnSpeed                               cstackBANK1  0001AA
main@wall                                    cstackBANK1  0001A6
max@a                                        cstackCOMRAM 000010
max@b                                        cstackCOMRAM 000012
min@a                                        cstackCOMRAM 000010
min@b                                        cstackCOMRAM 000012
move@color                                   cstackBANK0  0000DC
move@curMove                                 cstackBANK0  0000E1
move@mL                                      cstackBANK0  0000D8
move@mR                                      cstackBANK0  0000DA
move@moveSequence                            cstackBANK0  0000DD
move@reverseDuration                         cstackBANK0  0000E3
move@straightRamp                            cstackBANK0  0000E4
move@straightSpeed                           cstackBANK0  0000E2
move@straightTime                            cstackBANK0  0000DF
move@turnDuration                            cstackBANK0  0000E6
move@turnRamp                                cstackBANK0  0000E7
move@turnSpeed                               cstackBANK0  0000E5
putCharToRxBuf@byte                          cstackCOMRAM 000001
returnHome@curMove                           cstackCOMRAM 000039
returnHome@i                                 cstackCOMRAM 000044
returnHome@mL                                cstackCOMRAM 000031
returnHome@mR                                cstackCOMRAM 000033
returnHome@moveSequence                      cstackCOMRAM 000035
returnHome@reverseDuration                   cstackCOMRAM 00003B
returnHome@straightRamp                      cstackCOMRAM 00003C
returnHome@straightSpeed                     cstackCOMRAM 00003A
returnHome@straightTime                      cstackCOMRAM 000037
returnHome@turnDuration                      cstackCOMRAM 00003E
returnHome@turnRamp                          cstackCOMRAM 00003F
returnHome@turnSpeed                         cstackCOMRAM 00003D
reverseOneSquare@cur_power                   cstackCOMRAM 00002F
reverseOneSquare@i                           cstackCOMRAM 00002D
reverseOneSquare@mL                          cstackCOMRAM 000023
reverseOneSquare@mR                          cstackCOMRAM 000025
reverseOneSquare@reverseDuration             cstackCOMRAM 000028
reverseOneSquare@straightRamp                cstackCOMRAM 000029
reverseOneSquare@straightSpeed               cstackCOMRAM 000027
reverseShort@cur_power                       cstackCOMRAM 00002F
reverseShort@i                               cstackCOMRAM 00002D
reverseShort@mL                              cstackCOMRAM 000023
reverseShort@mR                              cstackCOMRAM 000025
reverseShort@reverseDuration                 cstackCOMRAM 00002C
reverseShort@straightRamp                    cstackCOMRAM 000028
reverseShort@straightSpeed                   cstackCOMRAM 000027
rgb_2_hsv@HSV                                cstackCOMRAM 000032
rgb_2_hsv@RGBC                               cstackCOMRAM 00002A
rgb_2_hsv@b                                  cstackBANK0  0000EC
rgb_2_hsv@cmax                               cstackBANK0  0000E4
rgb_2_hsv@cmin                               cstackBANK0  0000DC
rgb_2_hsv@diff                               cstackBANK0  0000E6
rgb_2_hsv@g                                  cstackBANK0  0000EA
rgb_2_hsv@r                                  cstackBANK0  0000E2
setMotorPWM@m                                cstackCOMRAM 00001D
setMotorPWM@negDuty                          cstackCOMRAM 000022
setMotorPWM@posDuty                          cstackCOMRAM 000021
stackhi                                      (abs)        000000
stacklo                                      (abs)        000000
start                                        init         0000BE
start_initialization                         cinit        004522
stop@cur_power                               cstackCOMRAM 00002D
stop@i                                       cstackCOMRAM 00002B
stop@mL                                      cstackCOMRAM 000023
stop@mR                                      cstackCOMRAM 000025
stop@straightRamp                            cstackCOMRAM 000027
ttemp5                                       temp         00004E
ttemp6                                       temp         000051
ttemp7                                       temp         000055
turnLeft@cur_power                           cstackCOMRAM 00002F
turnLeft@i                                   cstackCOMRAM 00002D
turnLeft@mL                                  cstackCOMRAM 000023
turnLeft@mR                                  cstackCOMRAM 000025
turnLeft@turnDuration                        cstackCOMRAM 000028
turnLeft@turnRamp                            cstackCOMRAM 000029
turnLeft@turnSpeed                           cstackCOMRAM 000027
turnRight@cur_power                          cstackCOMRAM 00002F
turnRight@i                                  cstackCOMRAM 00002D
turnRight@mL                                 cstackCOMRAM 000023
turnRight@mR                                 cstackCOMRAM 000025
turnRight@turnDuration                       cstackCOMRAM 000028
turnRight@turnRamp                           cstackCOMRAM 000029
turnRight@turnSpeed                          cstackCOMRAM 000027
wallAdjust@adjustDuration                    cstackCOMRAM 00002C
wallAdjust@cur_power                         cstackCOMRAM 000030
wallAdjust@i                                 cstackCOMRAM 00002E
wallAdjust@mL                                cstackCOMRAM 000023
wallAdjust@mR                                cstackCOMRAM 000025
wallAdjust@straightRamp                      cstackCOMRAM 000028
wallAdjust@straightSpeed                     cstackCOMRAM 000027
wallAdjust@wallReverseDuration               cstackCOMRAM 00002D
white_Light@state                            cstackCOMRAM 000010
wtemp8                                       temp         00004E


MODULE INFORMATION

Module		Function		Class		Link	Load	Size
C:\Program Files\Microchip\xc8\v2.45\pic\sources\c99\common\aldiv.c
		___aldiv       		CODE           	3D92	0000	268

C:\Program Files\Microchip\xc8\v2.45\pic\sources\c99\common\aldiv.c estimated size: 268

C:\Program Files\Microchip\xc8\v2.45\pic\sources\c99\common\Umul16.c
		___wmul        		CODE           	476A	0000	38

C:\Program Files\Microchip\xc8\v2.45\pic\sources\c99\common\Umul16.c estimated size: 38

serial.c
		_putCharToRxBuf		CODE           	4790	0000	38
		_isDataInTxBuf 		CODE           	48B0	0000	24
		_getCharFromTxBuf		CODE           	47B6	0000	38
		_initUSART4    		CODE           	4860	0000	30

serial.c estimated size: 130

timers.c
		_Timer0_init   		CODE           	4820	0000	32
		_resetTimer    		CODE           	48F6	0000	10
		_get16bitTMR0val		CODE           	46F2	0000	40

timers.c estimated size: 82

color.c
		_color_writetoaddr		CODE           	4800	0000	32
		_min           		CODE           	4670	0000	44
		_color_click_init		CODE           	4602	0000	56
		_color_clear_init_interrupts		CODE           	4150	0000	166
		_color_read    		CODE           	3498	0000	494
		_white_Light   		CODE           	47DC	0000	36
		_max           		CODE           	469C	0000	44
		_rgb_2_hsv     		CODE           	238C	0000	1244

color.c estimated size: 2116

dc_motor.c
		_fullSpeedAhead		CODE           	3FA6	0000	230
		_turnLeft      		CODE           	3A4C	0000	474
		_stop          		CODE           	3E9E	0000	264
		_initDCmotorsPWM		CODE           	4340	0000	144
		_turnRight     		CODE           	3872	0000	474
		_move          		CODE           	0E02	0000	2090
		_lostReturnHome		CODE           	1CE8	0000	1700
		_setMotorPWM   		CODE           	3C26	0000	364
		_returnHome    		CODE           	162C	0000	1724
		_calibration   		CODE           	300E	0000	666
		_wallAdjust    		CODE           	2C40	0000	974
		_reverseShort  		CODE           	32A8	0000	496
		_reverseOneSquare		CODE           	3686	0000	492

dc_motor.c estimated size: 10092

interrupts.c
		_Interrupts_init		CODE           	48C8	0000	22
		_HighISR       		CODE           	0008	0000	182

interrupts.c estimated size: 204

i2c.c
		_I2C_2_Master_Start		CODE           	4914	0000	10
		_I2C_2_Master_Read		CODE           	45C0	0000	66
		_I2C_2_Master_Idle		CODE           	471A	0000	40
		_I2C_2_Master_Init		CODE           	46C8	0000	42
		_I2C_2_Master_Stop		CODE           	490A	0000	10
		_I2C_2_Master_RepStart		CODE           	4900	0000	10
		_I2C_2_Master_Write		CODE           	48DE	0000	12

i2c.c estimated size: 190

C:\Program Files\Microchip\xc8\v2.45\pic\sources\c99\common\Umul32.c
		___lmul        		CODE           	44B8	0000	106

C:\Program Files\Microchip\xc8\v2.45\pic\sources\c99\common\Umul32.c estimated size: 106

buggysetup.c
		_Buggy_init    		CODE           	463A	0000	54

buggysetup.c estimated size: 54

battery.c
		_batteryLevel  		CODE           	4572	0000	78

battery.c estimated size: 78

shared
		i2_color_clear_init_interrupts		CODE           	41F6	0000	166
		i2_I2C_2_Master_Stop		CODE           	491E	0000	10
		i2___lwdiv     		CODE           	4444	0000	116
		i2_I2C_2_Master_Idle		CODE           	4742	0000	40
		__initialization		CODE           	4522	0000	70
		i2_I2C_2_Master_Write		CODE           	48EA	0000	12
		i2_color_writetoaddr		CODE           	4840	0000	32
		i2_I2C_2_Master_Start		CODE           	4928	0000	10

shared estimated size: 456

ADC.c
		_ADC_init      		CODE           	487E	0000	26
		_ADC_getval    		CODE           	4898	0000	24

ADC.c estimated size: 50

C:\Program Files\Microchip\xc8\v2.45\pic\sources\c99\common\__lldiv.c
		___lldiv       		CODE           	429C	0000	164

C:\Program Files\Microchip\xc8\v2.45\pic\sources\c99\common\__lldiv.c estimated size: 164

main.c
		_main          		CODE           	2868	0000	984

main.c estimated size: 984

C:\Program Files\Microchip\xc8\v2.45\pic\sources\c99\common\lwdiv.c
		___lwdiv       		CODE           	43D0	0000	116

C:\Program Files\Microchip\xc8\v2.45\pic\sources\c99\common\lwdiv.c estimated size: 116

C:\Program Files\Microchip\xc8\v2.45\pic\sources\c99\common\awdiv.c
		___awdiv       		CODE           	408C	0000	196

C:\Program Files\Microchip\xc8\v2.45\pic\sources\c99\common\awdiv.c estimated size: 196

