Microchip MPLAB XC8 Compiler V2.45

Linker command line:

-W-3 \
  --edf=C:\Program Files\Microchip\xc8\v2.45\pic\dat\20230818022343_en.msgs \
  -cn \
  -h+dist/default/production\final-project-kenton-thomas.X.production.sym \
  --cmf=dist/default/production\final-project-kenton-thomas.X.production.cmf \
  -z -Q18F67K40 -oC:\Users\wongk\AppData\Local\Temp\xcAshag.\driver_tmp_3.o \
  --defsym=__MPLAB_BUILD=1 --fixupoverflow=error \
  -Mdist/default/production/final-project-kenton-thomas.X.production.map \
  --md=C:\Users\wongk\AppData\Local\Temp\xcAshag.\driver_tmp_0.dat -E1 \
  -ver=XC8 Compiler --acfsm=1493 -ACODE=00h-01FFFFh -ACONST=00h-01FFFFh \
  -ASMALLCONST=0E00h-0EFFhx498 -AMEDIUMCONST=0E00h-0FFFFh,010E00h-01FFFFh \
  -ACOMRAM=01h-05Fh -AABS1=00h-0DE9h -ABIGRAM=01h-0DE9h \
  -ARAM=060h-0FFh,0100h-01FFhx12,0D00h-0DE9h -ABANK0=060h-0FFh \
  -ABANK1=0100h-01FFh -ABANK2=0200h-02FFh -ABANK3=0300h-03FFh \
  -ABANK4=0400h-04FFh -ABANK5=0500h-05FFh -ABANK6=0600h-06FFh \
  -ABANK7=0700h-07FFh -ABANK8=0800h-08FFh -ABANK9=0900h-09FFh \
  -ABANK10=0A00h-0AFFh -ABANK11=0B00h-0BFFh -ABANK12=0C00h-0CFFh \
  -ABANK13=0D00h-0DE9h \
  -ASFR=0DEFh-0DFFh,0E00h-0EFFh,0F00h-0F5Fh,0F60h-0FFFh \
  -ABIGSFR=0DEFh-0FFFh -ACONFIG=0300000h-030000Bh -AIDLOC=0200000h-020000Fh \
  -AEEDATA=0310000h-03103FFh -peeprom_data=EEDATA \
  -preset_vec=00h,intcode=08h,intcodelo,powerup,init -pramtop=0E00h \
  -psmallconst=SMALLCONST -pmediumconst=MEDIUMCONST -pconst=CONST \
  -AFARRAM=00h-00h \
  -prdata=COMRAM,nvrram=COMRAM,nvbit=COMRAM,rbss=COMRAM,rbit=COMRAM \
  -pfarbss=FARRAM,fardata=FARRAM,nvFARRAM=FARRAM \
  -pintsave_regs=BIGRAM,bigbss=BIGRAM,bigdata=BIGRAM -pbss=RAM \
  -pidata=CODE,irdata=CODE,ibigdata=CODE,ifardata=CODE -prparam=COMRAM \
  C:\Users\wongk\AppData\Local\Temp\xcAshag.\driver_tmp_9.o \
  dist/default/production\final-project-kenton-thomas.X.production.o 

Object code version is 3.11

Machine type is 18F67K40



                Name                               Link     Load   Length Selector   Space Scale
C:\Users\wongk\AppData\Local\Temp\xcAshag.\driver_tmp_9.o
                config                           300000   300000        6        0       4
                init                                 98       98        4        4       0
                reset_vec                             0        0        4        0       0
dist/default/production\final-project-kenton-thomas.X.production.o
                intcode                               8        8       90        4       0
                config                           300000   300000        6        0       4
                temp                                 50       50        1        1       1
                smallconst                          E00      E00        2      700       0
                text49                             403E     403E       26      701       0
                text48                             4138     4138       18      701       0
                text47                             4018     4018       26      701       0
                text46                             3FCA     3FCA       28      701       0
                text45                             41B0     41B0        A      701       0
                text44                             41A6     41A6        A      701       0
                text43                             4172     4172        C      701       0
                text42                             40C8     40C8       20      701       0
                text41                             3C98     3C98       7A      701       0
                text39                             3F1A     3F1A       36      701       0
                text38                             4150     4150       16      701       0
                text37                             40A8     40A8       20      701       0
                text36                             4120     4120       18      701       0
                text35                             4106     4106       1A      701       0
                text34                             3ACA     3ACA       C4      701       0
                text33                             3E52     3E52       4E      701       0
                text32                             3D12     3D12       74      701       0
                text31                             3FF2     3FF2       26      701       0
                text30                             351C     351C      16C      701       0
                text29                             3348     3348      1D4      701       0
                text28                             3174     3174      1D4      701       0
                text27                             2B06     2B06      29A      701       0
                text26                             37D2     37D2      10C      701       0
                text25                             3D86     3D86       6A      701       0
                text24                             3688     3688      14A      701       0
                text23                             3FA2     3FA2       28      701       0
                text22                             3EA0     3EA0       42      701       0
                text21                             419C     419C        A      701       0
                text20                             4192     4192        A      701       0
                text19                             4188     4188        A      701       0
                text18                             4166     4166        C      701       0
                text17                             2DA0     2DA0      1EE      701       0
                text16                             4064     4064       24      701       0
                text15                             21B4     21B4      5AC      701       0
                text14                             3F50     3F50       2A      701       0
                text13                             4088     4088       20      701       0
                text12                             3C1E     3C1E       7A      701       0
                text11                             3EE2     3EE2       38      701       0
                text10                             3B8E     3B8E       90      701       0
                text9                              40E8     40E8       1E      701       0
                text8                              39E6     39E6       E4      701       0
                text7                              3F7A     3F7A       28      701       0
                text6                              417E     417E        A      701       0
                text5                              2F8E     2F8E      1E6      701       0
                text4                              38DE     38DE      108      701       0
                text3                              14BE     14BE      6A0      701       0
                text2                               E02      E02      6BC      701       0
                text1                              1B5E     1B5E      656      701       0
                text0                              2760     2760      3A6      701       0
                cstackCOMRAM                          1        1       49        1       1
                cstackBANK0                          B2       B2       38       60       1
                cstackBANK1                         100      100       DA      100       1
                bssBANK2                            200      200       A2      200       1
                dataBANK0                            EA       EA        4       60       1
                bssBANK0                             60       60       52       60       1
                dataCOMRAM                           4E       4E        2        1       1
                bssCOMRAM                            4A       4A        4        1       1
                cinit                              3DF0     3DF0       62      701       0
                idataBANK0                         41BA     41BA        4      701       0
                idataCOMRAM                        41BE     41BE        2      701       0

TOTAL           Name                               Link     Load   Length     Space
        CLASS   CODE           
                intcode                               8        8       90         0
                init                                 98       98        4         0
                reset_vec                             0        0        4         0
                text49                             403E     403E       26         0
                text48                             4138     4138       18         0
                text47                             4018     4018       26         0
                text46                             3FCA     3FCA       28         0
                text45                             41B0     41B0        A         0
                text44                             41A6     41A6        A         0
                text43                             4172     4172        C         0
                text42                             40C8     40C8       20         0
                text41                             3C98     3C98       7A         0
                text39                             3F1A     3F1A       36         0
                text38                             4150     4150       16         0
                text37                             40A8     40A8       20         0
                text36                             4120     4120       18         0
                text35                             4106     4106       1A         0
                text34                             3ACA     3ACA       C4         0
                text33                             3E52     3E52       4E         0
                text32                             3D12     3D12       74         0
                text31                             3FF2     3FF2       26         0
                text30                             351C     351C      16C         0
                text29                             3348     3348      1D4         0
                text28                             3174     3174      1D4         0
                text27                             2B06     2B06      29A         0
                text26                             37D2     37D2      10C         0
                text25                             3D86     3D86       6A         0
                text24                             3688     3688      14A         0
                text23                             3FA2     3FA2       28         0
                text22                             3EA0     3EA0       42         0
                text21                             419C     419C        A         0
                text20                             4192     4192        A         0
                text19                             4188     4188        A         0
                text18                             4166     4166        C         0
                text17                             2DA0     2DA0      1EE         0
                text16                             4064     4064       24         0
                text15                             21B4     21B4      5AC         0
                text14                             3F50     3F50       2A         0
                text13                             4088     4088       20         0
                text12                             3C1E     3C1E       7A         0
                text11                             3EE2     3EE2       38         0
                text10                             3B8E     3B8E       90         0
                text9                              40E8     40E8       1E         0
                text8                              39E6     39E6       E4         0
                text7                              3F7A     3F7A       28         0
                text6                              417E     417E        A         0
                text5                              2F8E     2F8E      1E6         0
                text4                              38DE     38DE      108         0
                text3                              14BE     14BE      6A0         0
                text2                               E02      E02      6BC         0
                text1                              1B5E     1B5E      656         0
                text0                              2760     2760      3A6         0
                cinit                              3DF0     3DF0       62         0
                idataBANK0                         41BA     41BA        4         0
                idataCOMRAM                        41BE     41BE        2         0

        CLASS   CONST          

        CLASS   SMALLCONST     
                smallconst                          E00      E00        2         0

        CLASS   MEDIUMCONST    

        CLASS   COMRAM         
                temp                                 50       50        1         1
                cstackCOMRAM                          1        1       49         1
                dataCOMRAM                           4E       4E        2         1
                bssCOMRAM                            4A       4A        4         1

        CLASS   ABS1           

        CLASS   BIGRAM         

        CLASS   RAM            

        CLASS   BANK0          
                cstackBANK0                          B2       B2       38         1
                dataBANK0                            EA       EA        4         1
                bssBANK0                             60       60       52         1

        CLASS   BANK1          
                cstackBANK1                         100      100       DA         1

        CLASS   BANK2          
                bssBANK2                            200      200       A2         1

        CLASS   BANK3          

        CLASS   BANK4          

        CLASS   BANK5          

        CLASS   BANK6          

        CLASS   BANK7          

        CLASS   BANK8          

        CLASS   BANK9          

        CLASS   BANK10         

        CLASS   BANK11         

        CLASS   BANK12         

        CLASS   BANK13         

        CLASS   SFR            

        CLASS   BIGSFR         

        CLASS   CONFIG         
                config                           300000   300000        6         4

        CLASS   IDLOC          

        CLASS   EEDATA         

        CLASS   FARRAM         

        CLASS   HEAP           

        CLASS   STACK          



SEGMENTS        Name                           Load    Length   Top    Selector   Space  Class

                reset_vec                      000000  000004  000004         0       0  CODE    
                cstackCOMRAM                   000001  000050  000051         1       1  COMRAM  
                intcode                        000008  000094  00009C         4       0  CODE    
                bssBANK0                       000060  00008E  0000EE        60       1  BANK0   
                cstackBANK1                    000100  0000DA  0001DA       100       1  BANK1   
                bssBANK2                       000200  0000A2  0002A2       200       1  BANK2   
                smallconst                     000E00  000002  000E02       700       0  SMALLCON
                text2                          000E02  0033BE  0041C0       701       0  CODE    


UNUSED ADDRESS RANGES

        Name                Unused          Largest block    Delta
        BANK0            0000EE-0000FF               12
        BANK1            0001DA-0001FF               26
        BANK10           000A00-000AFF              100
        BANK11           000B00-000BFF              100
        BANK12           000C00-000CFF              100
        BANK13           000D00-000DE9               EA
        BANK2            0002A2-0002FF               5E
        BANK3            000300-0003FF              100
        BANK4            000400-0004FF              100
        BANK5            000500-0005FF              100
        BANK6            000600-0006FF              100
        BANK7            000700-0007FF              100
        BANK8            000800-0008FF              100
        BANK9            000900-0009FF              100
        BIGRAM           000051-00005F                F
                         0000EE-0000FF               12
                         0001DA-0001FF               26
                         0002A2-000DE9              B48
        BIGSFR           000DEF-000FFF              211
        CODE             000004-000007                4
                         00009C-000DFF              D64
                         0041C0-01FFFF            1BE40
        COMRAM           000051-00005F                F
        CONFIG           300006-30000B                6
        CONST            000004-000007                4
                         00009C-000DFF              D64
                         0041C0-01FFFF            1BE40
        EEDATA           310000-3103FF              400
        IDLOC            200000-20000F               10
        MEDIUMCONST      0041C0-00FFFF             BE40
                         010E00-01FFFF             F200
        RAM              0000EE-0000FF               12
                         0001DA-0001FF               26
                         0002A2-000DE9              100
        SFR              000DEF-000FFF              100
        SMALLCONST       0041C0-01FFFF              100

                                  Symbol Table

?___aldiv                                    cstackCOMRAM 000018
?___awdiv                                    cstackCOMRAM 00000C
?___lmul                                     cstackCOMRAM 00000C
?___lwdiv                                    cstackCOMRAM 000012
?___wmul                                     cstackCOMRAM 00000C
?_get16bitTMR0val                            cstackCOMRAM 00000C
ADC_getval@tmpval                            cstackCOMRAM 00000C
I2C_2_Master_Read@ack                        cstackCOMRAM 00000E
I2C_2_Master_Read@tmp                        cstackCOMRAM 00000F
I2C_2_Master_Write@data_byte                 cstackCOMRAM 00000D
_ADCON0bits                                  (abs)        000F60
_ADC_getval                                  text36       004120
_ADC_init                                    text35       004106
_ADPCH                                       (abs)        000F5F
_ADREFbits                                   (abs)        000F58
_ADRESH                                      (abs)        000F64
_ANSELBbits                                  (abs)        000E9A
_ANSELDbits                                  (abs)        000EA7
_ANSELFbits                                  (abs)        000EB4
_BAUD4CONbits                                (abs)        000EE9
_Buggy_init                                  text39       003F1A
_CCP1CONbits                                 (abs)        000FAB
_CCP2CONbits                                 (abs)        000FA7
_CCP3CONbits                                 (abs)        000F26
_CCP4CONbits                                 (abs)        000F22
_CCPR1H                                      (abs)        000FAA
_CCPR2H                                      (abs)        000FA6
_CCPR3H                                      (abs)        000F25
_CCPR4H                                      (abs)        000F21
_CCPTMRS0bits                                (abs)        000FAD
_EUSART4RXbuf                                bssBANK0     00009C
_EUSART4TXbuf                                bssBANK0     000060
_HighISR                                     intcode      000008
_I2C_2_Master_Idle                           text23       003FA2
_I2C_2_Master_Init                           text14       003F50
_I2C_2_Master_Read                           text22       003EA0
_I2C_2_Master_RepStart                       text21       00419C
_I2C_2_Master_Start                          text20       004192
_I2C_2_Master_Stop                           text19       004188
_I2C_2_Master_Write                          text18       004166
_INTCONbits                                  (abs)        000FF2
_IPR0bits                                    (abs)        000E1F
_Interrupts_init                             text38       004150
_LATAbits                                    (abs)        000F79
_LATCbits                                    (abs)        000F7B
_LATDbits                                    (abs)        000F7C
_LATEbits                                    (abs)        000F7D
_LATFbits                                    (abs)        000F7E
_LATGbits                                    (abs)        000F7F
_LATHbits                                    (abs)        000F80
_PIE0bits                                    (abs)        000E29
_PIE4bits                                    (abs)        000E2D
_PIR0bits                                    (abs)        000E33
_PIR4bits                                    (abs)        000E37
_PORTFbits                                   (abs)        000F8E
_RC0PPS                                      (abs)        000E62
_RC4REG                                      (abs)        000EE3
_RC4STAbits                                  (abs)        000EE7
_RC7PPS                                      (abs)        000E69
_RD5PPS                                      (abs)        000E6F
_RD6PPS                                      (abs)        000E70
_RE2PPS                                      (abs)        000E74
_RE4PPS                                      (abs)        000E76
_RG6PPS                                      (abs)        000E88
_RX4PPS                                      (abs)        000E15
_RxBufReadCnt                                bssCOMRAM    00004C
_RxBufWriteCnt                               bssCOMRAM    00004D
_SP4BRGH                                     (abs)        000EE6
_SP4BRGL                                     (abs)        000EE5
_SSP2ADD                                     (abs)        000ED6
_SSP2BUF                                     (abs)        000ED5
_SSP2CLKPPS                                  (abs)        000E1C
_SSP2CON1bits                                (abs)        000ED9
_SSP2CON2                                    (abs)        000EDA
_SSP2CON2bits                                (abs)        000EDA
_SSP2DATPPS                                  (abs)        000E1D
_SSP2STAT                                    (abs)        000ED8
_T0CON0bits                                  (abs)        000FD5
_T0CON1bits                                  (abs)        000FD6
_T2CLKCONbits                                (abs)        000FBF
_T2CONbits                                   (abs)        000FBD
_T2HLTbits                                   (abs)        000FBE
_T2PR                                        (abs)        000FBC
_TMR0H                                       (abs)        000FD4
_TMR0IE                                      (abs)        00714D
_TMR0IF                                      (abs)        00719D
_TMR0L                                       (abs)        000FD3
_TRISAbits                                   (abs)        000F81
_TRISBbits                                   (abs)        000F82
_TRISCbits                                   (abs)        000F83
_TRISDbits                                   (abs)        000F84
_TRISEbits                                   (abs)        000F85
_TRISFbits                                   (abs)        000F86
_TRISGbits                                   (abs)        000F87
_TRISHbits                                   (abs)        000F88
_TX4REG                                      (abs)        000EE4
_TX4STAbits                                  (abs)        000EE8
_Timer0_init                                 text37       0040A8
_TxBufReadCnt                                bssCOMRAM    00004A
_TxBufWriteCnt                               bssCOMRAM    00004B
__HRAM                                       (abs)        000000
__H__absolute__                              __absolute__ 000000
__Habs1                                      abs1         000000
__Hbank0                                     bank0        000000
__Hbank1                                     bank1        000000
__Hbank10                                    bank10       000000
__Hbank11                                    bank11       000000
__Hbank12                                    bank12       000000
__Hbank13                                    bank13       000000
__Hbank2                                     bank2        000000
__Hbank3                                     bank3        000000
__Hbank4                                     bank4        000000
__Hbank5                                     bank5        000000
__Hbank6                                     bank6        000000
__Hbank7                                     bank7        000000
__Hbank8                                     bank8        000000
__Hbank9                                     bank9        000000
__Hbigbss                                    bigbss       000000
__Hbigdata                                   bigdata      000000
__Hbigram                                    bigram       000000
__Hbigsfr                                    bigsfr       000000
__Hbss                                       bss          000000
__HbssBANK0                                  bssBANK0     000000
__HbssBANK2                                  bssBANK2     000000
__HbssCOMRAM                                 bssCOMRAM    000000
__Hcinit                                     cinit        000000
__Hclrtext                                   clrtext      000000
__Hcomram                                    comram       000000
__Hconfig                                    config       300006
__Hconst                                     const        000000
__HcstackBANK0                               cstackBANK0  000000
__HcstackBANK1                               cstackBANK1  000000
__HcstackCOMRAM                              cstackCOMRAM 000000
__Hdata                                      data         000000
__HdataBANK0                                 dataBANK0    000000
__HdataCOMRAM                                dataCOMRAM   000000
__Heeprom_data                               eeprom_data  000000
__Hfarbss                                    farbss       000000
__Hfardata                                   fardata      000000
__Hheap                                      heap         000000
__Hibigdata                                  ibigdata     000000
__Hidata                                     idata        000000
__HidataBANK0                                idataBANK0   000000
__HidataCOMRAM                               idataCOMRAM  000000
__Hidloc                                     idloc        000000
__Hifardata                                  ifardata     000000
__Hinit                                      init         00009C
__Hintcode                                   intcode      000098
__Hintcode_body                              intcode_body 000000
__Hintcodelo                                 intcodelo    000098
__Hintentry                                  intentry     000000
__Hintret                                    intret       000000
__Hintsave_regs                              intsave_regs 000000
__Hirdata                                    irdata       000000
__Hmediumconst                               mediumconst  000000
__HnvFARRAM                                  nvFARRAM     000000
__Hnvbit                                     nvbit        000000
__Hnvrram                                    nvrram       000000
__Hparam                                     rparam       000000
__Hpowerup                                   powerup      000098
__Hram                                       ram          000000
__Hramtop                                    ramtop       000E00
__Hrbit                                      rbit         000000
__Hrbss                                      rbss         000000
__Hrdata                                     rdata        000000
__Hreset_vec                                 reset_vec    000004
__Hrparam                                    rparam       000000
__Hsfr                                       sfr          000000
__Hsmallconst                                smallconst   000E02
__Hspace_0                                   (abs)        0041C0
__Hspace_1                                   (abs)        0002A2
__Hspace_2                                   (abs)        000000
__Hspace_4                                   (abs)        600006
__Hstack                                     stack        000000
__Hstruct                                    struct       000000
__Htemp                                      temp         000051
__Htext                                      text         000000
__Htext0                                     text0        000000
__Htext1                                     text1        000000
__Htext10                                    text10       000000
__Htext11                                    text11       000000
__Htext12                                    text12       000000
__Htext13                                    text13       000000
__Htext14                                    text14       000000
__Htext15                                    text15       000000
__Htext16                                    text16       000000
__Htext17                                    text17       000000
__Htext18                                    text18       000000
__Htext19                                    text19       000000
__Htext2                                     text2        000000
__Htext20                                    text20       000000
__Htext21                                    text21       000000
__Htext22                                    text22       000000
__Htext23                                    text23       000000
__Htext24                                    text24       000000
__Htext25                                    text25       000000
__Htext26                                    text26       000000
__Htext27                                    text27       000000
__Htext28                                    text28       000000
__Htext29                                    text29       000000
__Htext3                                     text3        000000
__Htext30                                    text30       000000
__Htext31                                    text31       000000
__Htext32                                    text32       000000
__Htext33                                    text33       000000
__Htext34                                    text34       000000
__Htext35                                    text35       000000
__Htext36                                    text36       000000
__Htext37                                    text37       000000
__Htext38                                    text38       000000
__Htext39                                    text39       000000
__Htext4                                     text4        000000
__Htext41                                    text41       000000
__Htext42                                    text42       000000
__Htext43                                    text43       000000
__Htext44                                    text44       000000
__Htext45                                    text45       000000
__Htext46                                    text46       000000
__Htext47                                    text47       000000
__Htext48                                    text48       000000
__Htext49                                    text49       000000
__Htext5                                     text5        000000
__Htext6                                     text6        000000
__Htext7                                     text7        000000
__Htext8                                     text8        000000
__Htext9                                     text9        000000
__LRAM                                       (abs)        000001
__L__absolute__                              __absolute__ 000000
__Labs1                                      abs1         000000
__Lbank0                                     bank0        000000
__Lbank1                                     bank1        000000
__Lbank10                                    bank10       000000
__Lbank11                                    bank11       000000
__Lbank12                                    bank12       000000
__Lbank13                                    bank13       000000
__Lbank2                                     bank2        000000
__Lbank3                                     bank3        000000
__Lbank4                                     bank4        000000
__Lbank5                                     bank5        000000
__Lbank6                                     bank6        000000
__Lbank7                                     bank7        000000
__Lbank8                                     bank8        000000
__Lbank9                                     bank9        000000
__Lbigbss                                    bigbss       000000
__Lbigdata                                   bigdata      000000
__Lbigram                                    bigram       000000
__Lbigsfr                                    bigsfr       000000
__Lbss                                       bss          000000
__LbssBANK0                                  bssBANK0     000000
__LbssBANK2                                  bssBANK2     000000
__LbssCOMRAM                                 bssCOMRAM    000000
__Lcinit                                     cinit        000000
__Lclrtext                                   clrtext      000000
__Lcomram                                    comram       000000
__Lconfig                                    config       000000
__Lconst                                     const        000000
__LcstackBANK0                               cstackBANK0  000000
__LcstackBANK1                               cstackBANK1  000000
__LcstackCOMRAM                              cstackCOMRAM 000000
__Ldata                                      data         000000
__LdataBANK0                                 dataBANK0    000000
__LdataCOMRAM                                dataCOMRAM   000000
__Leeprom_data                               eeprom_data  000000
__Lfarbss                                    farbss       000000
__Lfardata                                   fardata      000000
__Lheap                                      heap         000000
__Libigdata                                  ibigdata     000000
__Lidata                                     idata        000000
__LidataBANK0                                idataBANK0   000000
__LidataCOMRAM                               idataCOMRAM  000000
__Lidloc                                     idloc        000000
__Lifardata                                  ifardata     000000
__Linit                                      init         000098
__Lintcode                                   intcode      000008
__Lintcode_body                              intcode_body 000000
__Lintcodelo                                 intcodelo    000098
__Lintentry                                  intentry     000000
__Lintret                                    intret       000000
__Lintsave_regs                              intsave_regs 000000
__Lirdata                                    irdata       000000
__Lmediumconst                               mediumconst  000000
__LnvFARRAM                                  nvFARRAM     000000
__Lnvbit                                     nvbit        000000
__Lnvrram                                    nvrram       000000
__Lparam                                     rparam       000000
__Lpowerup                                   powerup      000098
__Lram                                       ram          000000
__Lramtop                                    ramtop       000E00
__Lrbit                                      rbit         000000
__Lrbss                                      rbss         000000
__Lrdata                                     rdata        000000
__Lreset_vec                                 reset_vec    000000
__Lrparam                                    rparam       000000
__Lsfr                                       sfr          000000
__Lsmallconst                                smallconst   000E00
__Lspace_0                                   (abs)        000000
__Lspace_1                                   (abs)        000000
__Lspace_2                                   (abs)        000000
__Lspace_4                                   (abs)        000000
__Lstack                                     stack        000000
__Lstruct                                    struct       000000
__Ltemp                                      temp         000050
__Ltext                                      text         000000
__Ltext0                                     text0        000000
__Ltext1                                     text1        000000
__Ltext10                                    text10       000000
__Ltext11                                    text11       000000
__Ltext12                                    text12       000000
__Ltext13                                    text13       000000
__Ltext14                                    text14       000000
__Ltext15                                    text15       000000
__Ltext16                                    text16       000000
__Ltext17                                    text17       000000
__Ltext18                                    text18       000000
__Ltext19                                    text19       000000
__Ltext2                                     text2        000000
__Ltext20                                    text20       000000
__Ltext21                                    text21       000000
__Ltext22                                    text22       000000
__Ltext23                                    text23       000000
__Ltext24                                    text24       000000
__Ltext25                                    text25       000000
__Ltext26                                    text26       000000
__Ltext27                                    text27       000000
__Ltext28                                    text28       000000
__Ltext29                                    text29       000000
__Ltext3                                     text3        000000
__Ltext30                                    text30       000000
__Ltext31                                    text31       000000
__Ltext32                                    text32       000000
__Ltext33                                    text33       000000
__Ltext34                                    text34       000000
__Ltext35                                    text35       000000
__Ltext36                                    text36       000000
__Ltext37                                    text37       000000
__Ltext38                                    text38       000000
__Ltext39                                    text39       000000
__Ltext4                                     text4        000000
__Ltext41                                    text41       000000
__Ltext42                                    text42       000000
__Ltext43                                    text43       000000
__Ltext44                                    text44       000000
__Ltext45                                    text45       000000
__Ltext46                                    text46       000000
__Ltext47                                    text47       000000
__Ltext48                                    text48       000000
__Ltext49                                    text49       000000
__Ltext5                                     text5        000000
__Ltext6                                     text6        000000
__Ltext7                                     text7        000000
__Ltext8                                     text8        000000
__Ltext9                                     text9        000000
__S0                                         (abs)        0041C0
__S1                                         (abs)        0002A2
__S4                                         (abs)        000000
__S5                                         (abs)        000000
___aldiv                                     text26       0037D2
___aldiv@counter                             cstackCOMRAM 000020
___aldiv@dividend                            cstackCOMRAM 000018
___aldiv@divisor                             cstackCOMRAM 00001C
___aldiv@quotient                            cstackCOMRAM 000022
___aldiv@sign                                cstackCOMRAM 000021
___awdiv                                     text34       003ACA
___awdiv@counter                             cstackCOMRAM 000010
___awdiv@dividend                            cstackCOMRAM 00000C
___awdiv@divisor                             cstackCOMRAM 00000E
___awdiv@quotient                            cstackCOMRAM 000012
___awdiv@sign                                cstackCOMRAM 000011
___heap_hi                                   (abs)        000000
___heap_lo                                   (abs)        000000
___inthi_sp                                  stack        000000
___inthi_stack_hi                            stack        000000
___inthi_stack_lo                            stack        000000
___intlo_sp                                  stack        000000
___intlo_stack_hi                            stack        000000
___intlo_stack_lo                            stack        000000
___lmul                                      text25       003D86
___lmul@multiplicand                         cstackCOMRAM 000010
___lmul@multiplier                           cstackCOMRAM 00000C
___lmul@product                              cstackCOMRAM 000014
___lwdiv                                     text32       003D12
___lwdiv@counter                             cstackCOMRAM 000018
___lwdiv@dividend                            cstackCOMRAM 000012
___lwdiv@divisor                             cstackCOMRAM 000014
___lwdiv@quotient                            cstackCOMRAM 000016
___param_bank                                (abs)        000000
___rparam_used                               (abs)        000001
___sp                                        stack        000000
___stack_hi                                  stack        000000
___stack_lo                                  stack        000000
___wmul                                      text31       003FF2
___wmul@multiplicand                         cstackCOMRAM 00000E
___wmul@multiplier                           cstackCOMRAM 00000C
___wmul@product                              cstackCOMRAM 000010
__accesstop                                  (abs)        000060
__activetblptr                               (abs)        000000
__end_of_ADC_getval                          text36       004138
__end_of_ADC_init                            text35       004120
__end_of_Buggy_init                          text39       003F50
__end_of_HighISR                             intcode      000098
__end_of_I2C_2_Master_Idle                   text23       003FCA
__end_of_I2C_2_Master_Init                   text14       003F7A
__end_of_I2C_2_Master_Read                   text22       003EE2
__end_of_I2C_2_Master_RepStart               text21       0041A6
__end_of_I2C_2_Master_Start                  text20       00419C
__end_of_I2C_2_Master_Stop                   text19       004192
__end_of_I2C_2_Master_Write                  text18       004172
__end_of_Interrupts_init                     text38       004166
__end_of_Timer0_init                         text37       0040C8
__end_of___aldiv                             text26       0038DE
__end_of___awdiv                             text34       003B8E
__end_of___lmul                              text25       003DF0
__end_of___lwdiv                             text32       003D86
__end_of___wmul                              text31       004018
__end_of__initialization                     cinit        003E48
__end_of_batteryLevel                        text33       003EA0
__end_of_calibration                         text27       002DA0
__end_of_color_calibration                   text15       002760
__end_of_color_clear_init_interrupts         text12       003C98
__end_of_color_click_init                    text11       003F1A
__end_of_color_normalise                     text24       0037D2
__end_of_color_read                          text17       002F8E
__end_of_color_writetoaddr                   text13       0040A8
__end_of_fullSpeedAhead                      text8        003ACA
__end_of_get16bitTMR0val                     text7        003FA2
__end_of_getCharFromTxBuf                    text49       004064
__end_of_initDCmotorsPWM                     text10       003C1E
__end_of_initUSART4                          text9        004106
__end_of_isDataInTxBuf                       text48       004150
__end_of_lostReturnHome                      text3        001B5E
__end_of_main                                text0        002B06
__end_of_move                                text1        0021B4
__end_of_putCharToRxBuf                      text47       00403E
__end_of_resetTimer                          text6        004188
__end_of_returnHome                          text2        0014BE
__end_of_reverseOneSquare                    text5        003174
__end_of_setMotorPWM                         text30       003688
__end_of_stop                                text4        0039E6
__end_of_turnLeft                            text29       00351C
__end_of_turnRight                           text28       003348
__end_of_white_Light                         text16       004088
__end_ofi2_I2C_2_Master_Idle                 text46       003FF2
__end_ofi2_I2C_2_Master_Start                text45       0041BA
__end_ofi2_I2C_2_Master_Stop                 text44       0041B0
__end_ofi2_I2C_2_Master_Write                text43       00417E
__end_ofi2_color_clear_init_interrupts       text41       003D12
__end_ofi2_color_writetoaddr                 text42       0040E8
__initialization                             cinit        003DF0
__mediumconst                                mediumconst  000000
__pbssBANK0                                  bssBANK0     000060
__pbssBANK2                                  bssBANK2     000200
__pbssCOMRAM                                 bssCOMRAM    00004A
__pcinit                                     cinit        003DF0
__pcstackBANK0                               cstackBANK0  0000B2
__pcstackBANK1                               cstackBANK1  000100
__pcstackCOMRAM                              cstackCOMRAM 000001
__pdataBANK0                                 dataBANK0    0000EA
__pdataCOMRAM                                dataCOMRAM   00004E
__pidataBANK0                                idataBANK0   0041BA
__pidataCOMRAM                               idataCOMRAM  0041BE
__pintcode                                   intcode      000008
__psmallconst                                smallconst   000E00
__ptext0                                     text0        002760
__ptext1                                     text1        001B5E
__ptext10                                    text10       003B8E
__ptext11                                    text11       003EE2
__ptext12                                    text12       003C1E
__ptext13                                    text13       004088
__ptext14                                    text14       003F50
__ptext15                                    text15       0021B4
__ptext16                                    text16       004064
__ptext17                                    text17       002DA0
__ptext18                                    text18       004166
__ptext19                                    text19       004188
__ptext2                                     text2        000E02
__ptext20                                    text20       004192
__ptext21                                    text21       00419C
__ptext22                                    text22       003EA0
__ptext23                                    text23       003FA2
__ptext24                                    text24       003688
__ptext25                                    text25       003D86
__ptext26                                    text26       0037D2
__ptext27                                    text27       002B06
__ptext28                                    text28       003174
__ptext29                                    text29       003348
__ptext3                                     text3        0014BE
__ptext30                                    text30       00351C
__ptext31                                    text31       003FF2
__ptext32                                    text32       003D12
__ptext33                                    text33       003E52
__ptext34                                    text34       003ACA
__ptext35                                    text35       004106
__ptext36                                    text36       004120
__ptext37                                    text37       0040A8
__ptext38                                    text38       004150
__ptext39                                    text39       003F1A
__ptext4                                     text4        0038DE
__ptext41                                    text41       003C98
__ptext42                                    text42       0040C8
__ptext43                                    text43       004172
__ptext44                                    text44       0041A6
__ptext45                                    text45       0041B0
__ptext46                                    text46       003FCA
__ptext47                                    text47       004018
__ptext48                                    text48       004138
__ptext49                                    text49       00403E
__ptext5                                     text5        002F8E
__ptext6                                     text6        00417E
__ptext7                                     text7        003F7A
__ptext8                                     text8        0039E6
__ptext9                                     text9        0040E8
__ramtop                                     ramtop       000E00
__smallconst                                 smallconst   000E00
_ambient                                     dataCOMRAM   00004E
_batteryLevel                                text33       003E52
_calibration                                 text27       002B06
_color_calibration                           text15       0021B4
_color_clear_init_interrupts                 text12       003C1E
_color_click_init                            text11       003EE2
_color_normalise                             text24       003688
_color_read                                  text17       002DA0
_color_writetoaddr                           text13       004088
_fullSpeedAhead                              text8        0039E6
_get16bitTMR0val                             text7        003F7A
_getCharFromTxBuf                            text49       00403E
_initDCmotorsPWM                             text10       003B8E
_initUSART4                                  text9        0040E8
_isDataInTxBuf                               text48       004138
_lost                                        bssBANK0     0000B0
_lostReturnHome                              text3        0014BE
_main                                        text0        002760
_move                                        text1        001B5E
_putCharToRxBuf                              text47       004018
_resetTimer                                  text6        00417E
_returnHome                                  text2        000E02
_reverseOneSquare                            text5        002F8E
_setMotorPWM                                 text30       00351C
_stop                                        text4        0038DE
_turnLeft                                    text29       003348
_turnRight                                   text28       003174
_wall                                        bssBANK0     0000B1
_white_Light                                 text16       004064
batteryLevel@batteryQuarter                  cstackCOMRAM 000015
batteryLevel@batteryVoltage                  cstackCOMRAM 000014
btemp                                        temp         000050
calibration@mL                               cstackCOMRAM 00002D
calibration@mR                               cstackCOMRAM 00002F
calibration@turnDuration                     cstackCOMRAM 000032
calibration@turnRamp                         cstackCOMRAM 000034
calibration@turnSpeed                        cstackCOMRAM 000031
color_calibration@RGBC                       cstackCOMRAM 000032
color_calibration@RGBC_n                     cstackCOMRAM 000034
color_calibration@blue                       cstackCOMRAM 00003A
color_calibration@green                      cstackCOMRAM 000038
color_calibration@lightblue                  cstackCOMRAM 000042
color_calibration@orange                     cstackCOMRAM 000040
color_calibration@pink                       cstackCOMRAM 00003E
color_calibration@red                        cstackCOMRAM 000036
color_calibration@white                      cstackCOMRAM 000044
color_calibration@yellow                     cstackCOMRAM 00003C
color_clear_init_interrupts@high_threshold   cstackCOMRAM 000011
color_clear_init_interrupts@low_threshold    cstackCOMRAM 000013
color_normalise@RGBC                         cstackCOMRAM 000026
color_normalise@RGBC_n                       cstackCOMRAM 00002E
color_read@RGBC                              cstackCOMRAM 000010
color_writetoaddr@address                    cstackCOMRAM 00000F
color_writetoaddr@value                      cstackCOMRAM 00000E
end_of_initialization                        cinit        003E48
fullSpeedAhead@cur_power                     cstackCOMRAM 00002A
fullSpeedAhead@i                             cstackCOMRAM 000028
fullSpeedAhead@mL                            cstackCOMRAM 00001F
fullSpeedAhead@mR                            cstackCOMRAM 000021
fullSpeedAhead@straightRamp                  cstackCOMRAM 000024
fullSpeedAhead@straightSpeed                 cstackCOMRAM 000023
get16bitTMR0val@timer_high                   cstackCOMRAM 000012
get16bitTMR0val@timer_low                    cstackCOMRAM 000010
get16bitTMR0val@timer_val                    cstackCOMRAM 000014
i2I2C_2_Master_Write@data_byte               cstackCOMRAM 000002
i2_I2C_2_Master_Idle                         text46       003FCA
i2_I2C_2_Master_Start                        text45       0041B0
i2_I2C_2_Master_Stop                         text44       0041A6
i2_I2C_2_Master_Write                        text43       004172
i2_color_clear_init_interrupts               text41       003C98
i2_color_writetoaddr                         text42       0040C8
i2color_clear_init_interrupts@high_threshold cstackCOMRAM 000006
i2color_clear_init_interrupts@low_threshold  cstackCOMRAM 000008
i2color_writetoaddr@address                  cstackCOMRAM 000004
i2color_writetoaddr@value                    cstackCOMRAM 000003
initDCmotorsPWM@PWMperiod                    cstackCOMRAM 00000C
int$flags                                    temp         000050
intlevel0                                    text         000000
intlevel1                                    text         000000
intlevel2                                    text         000000
intlevel3                                    text         000000
isa$std                                      (abs)        000001
isa$xinst                                    (abs)        000000
lostReturnHome@curMove                       cstackCOMRAM 000035
lostReturnHome@i                             cstackCOMRAM 000040
lostReturnHome@mL                            cstackCOMRAM 00002D
lostReturnHome@mR                            cstackCOMRAM 00002F
lostReturnHome@moveSequence                  cstackCOMRAM 000031
lostReturnHome@reverseDuration               cstackCOMRAM 000037
lostReturnHome@straightRamp                  cstackCOMRAM 000038
lostReturnHome@straightSpeed                 cstackCOMRAM 000036
lostReturnHome@straightTime                  cstackCOMRAM 000033
lostReturnHome@turnDuration                  cstackCOMRAM 00003A
lostReturnHome@turnRamp                      cstackCOMRAM 00003B
lostReturnHome@turnSpeed                     cstackCOMRAM 000039
main@F14627                                  dataBANK0    0000EA
main@RGBC                                    cstackBANK1  0001BE
main@RGBC_n                                  cstackBANK1  0001B6
main@blue                                    cstackBANK1  00018A
main@buf                                     cstackBANK0  0000C2
main@color                                   cstackBANK1  0001B2
main@curMove                                 cstackBANK1  0001B4
main@green                                   cstackBANK1  000184
main@lightblue                               cstackBANK1  0001A2
main@motorL                                  cstackBANK1  0001D0
main@motorR                                  cstackBANK1  0001C6
main@moveSequence                            cstackBANK1  000152
main@orange                                  cstackBANK1  00019C
main@pink                                    cstackBANK1  000196
main@red                                     cstackBANK1  00017E
main@reverseDuration                         cstackBANK1  0001AE
main@straightRamp                            cstackBANK1  0001B3
main@straightSpeed                           cstackBANK1  0001AF
main@straightTime                            cstackBANK1  000100
main@testSequence                            cstackBANK1  00017A
main@turnDuration                            cstackBANK1  0001B5
main@turnRamp                                cstackBANK1  0001B1
main@turnSpeed                               cstackBANK1  0001B0
main@white                                   cstackBANK1  0001A8
main@yellow                                  cstackBANK1  000190
move@color                                   cstackBANK0  0000B6
move@curMove                                 cstackBANK0  0000BB
move@mL                                      cstackBANK0  0000B2
move@mR                                      cstackBANK0  0000B4
move@moveSequence                            cstackBANK0  0000B7
move@reverseDuration                         cstackBANK0  0000BD
move@straightRamp                            cstackBANK0  0000BE
move@straightSpeed                           cstackBANK0  0000BC
move@straightTime                            cstackBANK0  0000B9
move@turnDuration                            cstackBANK0  0000C0
move@turnRamp                                cstackBANK0  0000C1
move@turnSpeed                               cstackBANK0  0000BF
putCharToRxBuf@byte                          cstackCOMRAM 000001
returnHome@curMove                           cstackCOMRAM 000035
returnHome@i                                 cstackCOMRAM 000040
returnHome@mL                                cstackCOMRAM 00002D
returnHome@mR                                cstackCOMRAM 00002F
returnHome@moveSequence                      cstackCOMRAM 000031
returnHome@reverseDuration                   cstackCOMRAM 000037
returnHome@straightRamp                      cstackCOMRAM 000038
returnHome@straightSpeed                     cstackCOMRAM 000036
returnHome@straightTime                      cstackCOMRAM 000033
returnHome@turnDuration                      cstackCOMRAM 00003A
returnHome@turnRamp                          cstackCOMRAM 00003B
returnHome@turnSpeed                         cstackCOMRAM 000039
reverseOneSquare@cur_power                   cstackCOMRAM 00002B
reverseOneSquare@i                           cstackCOMRAM 000029
reverseOneSquare@mL                          cstackCOMRAM 00001F
reverseOneSquare@mR                          cstackCOMRAM 000021
reverseOneSquare@reverseDuration             cstackCOMRAM 000024
reverseOneSquare@straightRamp                cstackCOMRAM 000025
reverseOneSquare@straightSpeed               cstackCOMRAM 000023
setMotorPWM@m                                cstackCOMRAM 000019
setMotorPWM@negDuty                          cstackCOMRAM 00001E
setMotorPWM@posDuty                          cstackCOMRAM 00001D
stackhi                                      (abs)        000000
stacklo                                      (abs)        000000
start                                        init         000098
start_initialization                         cinit        003DF0
stop@cur_power                               cstackCOMRAM 000029
stop@i                                       cstackCOMRAM 000027
stop@mL                                      cstackCOMRAM 00001F
stop@mR                                      cstackCOMRAM 000021
stop@straightRamp                            cstackCOMRAM 000023
ttemp5                                       temp         000051
ttemp6                                       temp         000054
ttemp7                                       temp         000058
turnLeft@cur_power                           cstackCOMRAM 00002B
turnLeft@i                                   cstackCOMRAM 000029
turnLeft@mL                                  cstackCOMRAM 00001F
turnLeft@mR                                  cstackCOMRAM 000021
turnLeft@turnDuration                        cstackCOMRAM 000024
turnLeft@turnRamp                            cstackCOMRAM 000025
turnLeft@turnSpeed                           cstackCOMRAM 000023
turnRight@cur_power                          cstackCOMRAM 00002B
turnRight@i                                  cstackCOMRAM 000029
turnRight@mL                                 cstackCOMRAM 00001F
turnRight@mR                                 cstackCOMRAM 000021
turnRight@turnDuration                       cstackCOMRAM 000024
turnRight@turnRamp                           cstackCOMRAM 000025
turnRight@turnSpeed                          cstackCOMRAM 000023
white_Light@state                            cstackCOMRAM 00000C
wtemp8                                       temp         000051


MODULE INFORMATION

Module		Function		Class		Link	Load	Size
C:\Program Files\Microchip\xc8\v2.45\pic\sources\c99\common\aldiv.c
		___aldiv       		CODE           	37D2	0000	268

C:\Program Files\Microchip\xc8\v2.45\pic\sources\c99\common\aldiv.c estimated size: 268

C:\Program Files\Microchip\xc8\v2.45\pic\sources\c99\common\Umul16.c
		___wmul        		CODE           	3FF2	0000	38

C:\Program Files\Microchip\xc8\v2.45\pic\sources\c99\common\Umul16.c estimated size: 38

serial.c
		_putCharToRxBuf		CODE           	4018	0000	38
		_isDataInTxBuf 		CODE           	4138	0000	24
		_getCharFromTxBuf		CODE           	403E	0000	38
		_initUSART4    		CODE           	40E8	0000	30

serial.c estimated size: 130

timers.c
		_Timer0_init   		CODE           	40A8	0000	32
		_resetTimer    		CODE           	417E	0000	10
		_get16bitTMR0val		CODE           	3F7A	0000	40

timers.c estimated size: 82

color.c
		_color_writetoaddr		CODE           	4088	0000	32
		_color_normalise		CODE           	3688	0000	330
		_color_click_init		CODE           	3EE2	0000	56
		_color_clear_init_interrupts		CODE           	3C1E	0000	122
		_color_read    		CODE           	2DA0	0000	494
		_white_Light   		CODE           	4064	0000	36
		_color_calibration		CODE           	21B4	0000	1452

color.c estimated size: 2522

dc_motor.c
		_fullSpeedAhead		CODE           	39E6	0000	228
		_turnLeft      		CODE           	3348	0000	468
		_stop          		CODE           	38DE	0000	264
		_initDCmotorsPWM		CODE           	3B8E	0000	144
		_turnRight     		CODE           	3174	0000	468
		_move          		CODE           	1B5E	0000	1622
		_lostReturnHome		CODE           	14BE	0000	1696
		_setMotorPWM   		CODE           	351C	0000	364
		_returnHome    		CODE           	0E02	0000	1724
		_calibration   		CODE           	2B06	0000	666
		_reverseOneSquare		CODE           	2F8E	0000	486

dc_motor.c estimated size: 8130

interrupts.c
		_Interrupts_init		CODE           	4150	0000	22
		_HighISR       		CODE           	0008	0000	144

interrupts.c estimated size: 166

i2c.c
		_I2C_2_Master_Start		CODE           	4192	0000	10
		_I2C_2_Master_Read		CODE           	3EA0	0000	66
		_I2C_2_Master_Idle		CODE           	3FA2	0000	40
		_I2C_2_Master_Init		CODE           	3F50	0000	42
		_I2C_2_Master_Stop		CODE           	4188	0000	10
		_I2C_2_Master_RepStart		CODE           	419C	0000	10
		_I2C_2_Master_Write		CODE           	4166	0000	12

i2c.c estimated size: 190

C:\Program Files\Microchip\xc8\v2.45\pic\sources\c99\common\Umul32.c
		___lmul        		CODE           	3D86	0000	106

C:\Program Files\Microchip\xc8\v2.45\pic\sources\c99\common\Umul32.c estimated size: 106

buggysetup.c
		_Buggy_init    		CODE           	3F1A	0000	54

buggysetup.c estimated size: 54

battery.c
		_batteryLevel  		CODE           	3E52	0000	78

battery.c estimated size: 78

shared
		i2_color_clear_init_interrupts		CODE           	3C98	0000	122
		i2_I2C_2_Master_Stop		CODE           	41A6	0000	10
		i2_I2C_2_Master_Idle		CODE           	3FCA	0000	40
		__initialization		CODE           	3DF0	0000	88
		i2_I2C_2_Master_Write		CODE           	4172	0000	12
		i2_color_writetoaddr		CODE           	40C8	0000	32
		i2_I2C_2_Master_Start		CODE           	41B0	0000	10

shared estimated size: 314

ADC.c
		_ADC_init      		CODE           	4106	0000	26
		_ADC_getval    		CODE           	4120	0000	24

ADC.c estimated size: 50

main.c
		_main          		CODE           	2760	0000	934

main.c estimated size: 934

C:\Program Files\Microchip\xc8\v2.45\pic\sources\c99\common\lwdiv.c
		___lwdiv       		CODE           	3D12	0000	116

C:\Program Files\Microchip\xc8\v2.45\pic\sources\c99\common\lwdiv.c estimated size: 116

C:\Program Files\Microchip\xc8\v2.45\pic\sources\c99\common\awdiv.c
		___awdiv       		CODE           	3ACA	0000	196

C:\Program Files\Microchip\xc8\v2.45\pic\sources\c99\common\awdiv.c estimated size: 196

