Microchip MPLAB XC8 Compiler V2.45

Linker command line:

-W-3 \
  --edf=C:\Program Files\Microchip\xc8\v2.45\pic\dat\20230818022343_en.msgs \
  -cn \
  -h+dist/default/production\final-project-kenton-thomas.X.production.sym \
  --cmf=dist/default/production\final-project-kenton-thomas.X.production.cmf \
  -z -Q18F67K40 \
  -oC:\Users\thoma\AppData\Local\Temp\xcAs11ko.\driver_tmp_3.o \
  --defsym=__MPLAB_BUILD=1 --fixupoverflow=error \
  -Mdist/default/production/final-project-kenton-thomas.X.production.map \
  --md=C:\Users\thoma\AppData\Local\Temp\xcAs11ko.\driver_tmp_0.dat -E1 \
  -ver=XC8 Compiler --acfsm=1493 -ACODE=00h-01FFFFh -ACONST=00h-01FFFFh \
  -ASMALLCONST=0E00h-0EFFhx498 -AMEDIUMCONST=0E00h-0FFFFh,010E00h-01FFFFh \
  -ACOMRAM=01h-05Fh -AABS1=00h-0DE9h -ABIGRAM=01h-0DE9h \
  -ARAM=060h-0FFh,0100h-01FFhx12,0D00h-0DE9h -ABANK0=060h-0FFh \
  -ABANK1=0100h-01FFh -ABANK2=0200h-02FFh -ABANK3=0300h-03FFh \
  -ABANK4=0400h-04FFh -ABANK5=0500h-05FFh -ABANK6=0600h-06FFh \
  -ABANK7=0700h-07FFh -ABANK8=0800h-08FFh -ABANK9=0900h-09FFh \
  -ABANK10=0A00h-0AFFh -ABANK11=0B00h-0BFFh -ABANK12=0C00h-0CFFh \
  -ABANK13=0D00h-0DE9h \
  -ASFR=0DEFh-0DFFh,0E00h-0EFFh,0F00h-0F5Fh,0F60h-0FFFh \
  -ABIGSFR=0DEFh-0FFFh -ACONFIG=0300000h-030000Bh -AIDLOC=0200000h-020000Fh \
  -AEEDATA=0310000h-03103FFh -peeprom_data=EEDATA \
  -preset_vec=00h,intcode=08h,intcodelo,powerup,init -pramtop=0E00h \
  -psmallconst=SMALLCONST -pmediumconst=MEDIUMCONST -pconst=CONST \
  -AFARRAM=00h-00h \
  -prdata=COMRAM,nvrram=COMRAM,nvbit=COMRAM,rbss=COMRAM,rbit=COMRAM \
  -pfarbss=FARRAM,fardata=FARRAM,nvFARRAM=FARRAM \
  -pintsave_regs=BIGRAM,bigbss=BIGRAM,bigdata=BIGRAM -pbss=RAM \
  -pidata=CODE,irdata=CODE,ibigdata=CODE,ifardata=CODE -prparam=COMRAM \
  C:\Users\thoma\AppData\Local\Temp\xcAs11ko.\driver_tmp_9.o \
  dist/default/production\final-project-kenton-thomas.X.production.o 

Object code version is 3.11

Machine type is 18F67K40



                Name                               Link     Load   Length Selector   Space Scale
C:\Users\thoma\AppData\Local\Temp\xcAs11ko.\driver_tmp_9.o
                config                           300000   300000        6        0       4
                init                                 80       80        4        4       0
                reset_vec                             0        0        4        0       0
dist/default/production\final-project-kenton-thomas.X.production.o
                intcode                               8        8       78        4       0
                config                           300000   300000        6        0       4
                temp                                 51       51        1        1       1
                smallconst                          E00      E00        2      700       0
                text43                             2532     2532       26      701       0
                text42                             260C     260C       18      701       0
                text41                             250C     250C       26      701       0
                text40                             24BE     24BE       28      701       0
                text39                             2678     2678        A      701       0
                text38                             266E     266E        A      701       0
                text37                             2644     2644        C      701       0
                text36                             259C     259C       20      701       0
                text35                             2172     2172       7A      701       0
                text33                             2436     2436       36      701       0
                text32                             2624     2624       14      701       0
                text31                             25F4     25F4       18      701       0
                text30                             25DA     25DA       1A      701       0
                text29                             1FA4     1FA4       C4      701       0
                text28                             2328     2328       4E      701       0
                text27                             246C     246C       2A      701       0
                text26                             2496     2496       28      701       0
                text25                             2664     2664        A      701       0
                text24                             265A     265A        A      701       0
                text23                             2638     2638        C      701       0
                text22                             257C     257C       20      701       0
                text21                             20F8     20F8       7A      701       0
                text20                             23FE     23FE       38      701       0
                text19                             22CA     22CA       5E      701       0
                text18                             1CD8     1CD8      10C      701       0
                text17                             2260     2260       6A      701       0
                text16                             1B96     1B96      142      701       0
                text15                             23BC     23BC       42      701       0
                text14                             2650     2650        A      701       0
                text13                             117C     117C      1D6      701       0
                text12                             2068     2068       90      701       0
                text11                             25BC     25BC       1E      701       0
                text10                             21EC     21EC       74      701       0
                text9                              24E6     24E6       26      701       0
                text8                              1A42     1A42      154      701       0
                text7                              1ED2     1ED2       D2      701       0
                text6                              1352     1352      1C4      701       0
                text5                              188C     188C      1B6      701       0
                text4                              16D6     16D6      1B6      701       0
                text3                               E02      E02      37A      701       0
                text2                              1DE4     1DE4       EE      701       0
                text1                              2558     2558       24      701       0
                text0                              1516     1516      1C0      701       0
                cstackCOMRAM                          1        1       36        1       1
                cstackBANK0                          60       60       53       60       1
                bssBANK1                            100      100       28      100       1
                bssBANK0                             B3       B3       3D       60       1
                dataCOMRAM                           4F       4F        2        1       1
                bssCOMRAM                            37       37       18        1       1
                cinit                              2376     2376       46      701       0
                idataCOMRAM                        2682     2682        2      701       0

TOTAL           Name                               Link     Load   Length     Space
        CLASS   CODE           
                intcode                               8        8       78         0
                init                                 80       80        4         0
                reset_vec                             0        0        4         0
                text43                             2532     2532       26         0
                text42                             260C     260C       18         0
                text41                             250C     250C       26         0
                text40                             24BE     24BE       28         0
                text39                             2678     2678        A         0
                text38                             266E     266E        A         0
                text37                             2644     2644        C         0
                text36                             259C     259C       20         0
                text35                             2172     2172       7A         0
                text33                             2436     2436       36         0
                text32                             2624     2624       14         0
                text31                             25F4     25F4       18         0
                text30                             25DA     25DA       1A         0
                text29                             1FA4     1FA4       C4         0
                text28                             2328     2328       4E         0
                text27                             246C     246C       2A         0
                text26                             2496     2496       28         0
                text25                             2664     2664        A         0
                text24                             265A     265A        A         0
                text23                             2638     2638        C         0
                text22                             257C     257C       20         0
                text21                             20F8     20F8       7A         0
                text20                             23FE     23FE       38         0
                text19                             22CA     22CA       5E         0
                text18                             1CD8     1CD8      10C         0
                text17                             2260     2260       6A         0
                text16                             1B96     1B96      142         0
                text15                             23BC     23BC       42         0
                text14                             2650     2650        A         0
                text13                             117C     117C      1D6         0
                text12                             2068     2068       90         0
                text11                             25BC     25BC       1E         0
                text10                             21EC     21EC       74         0
                text9                              24E6     24E6       26         0
                text8                              1A42     1A42      154         0
                text7                              1ED2     1ED2       D2         0
                text6                              1352     1352      1C4         0
                text5                              188C     188C      1B6         0
                text4                              16D6     16D6      1B6         0
                text3                               E02      E02      37A         0
                text2                              1DE4     1DE4       EE         0
                text1                              2558     2558       24         0
                text0                              1516     1516      1C0         0
                cinit                              2376     2376       46         0
                idataCOMRAM                        2682     2682        2         0

        CLASS   CONST          

        CLASS   SMALLCONST     
                smallconst                          E00      E00        2         0

        CLASS   MEDIUMCONST    

        CLASS   COMRAM         
                temp                                 51       51        1         1
                cstackCOMRAM                          1        1       36         1
                dataCOMRAM                           4F       4F        2         1
                bssCOMRAM                            37       37       18         1

        CLASS   ABS1           

        CLASS   BIGRAM         

        CLASS   RAM            

        CLASS   BANK0          
                cstackBANK0                          60       60       53         1
                bssBANK0                             B3       B3       3D         1

        CLASS   BANK1          
                bssBANK1                            100      100       28         1

        CLASS   BANK2          

        CLASS   BANK3          

        CLASS   BANK4          

        CLASS   BANK5          

        CLASS   BANK6          

        CLASS   BANK7          

        CLASS   BANK8          

        CLASS   BANK9          

        CLASS   BANK10         

        CLASS   BANK11         

        CLASS   BANK12         

        CLASS   BANK13         

        CLASS   SFR            

        CLASS   BIGSFR         

        CLASS   CONFIG         
                config                           300000   300000        6         4

        CLASS   IDLOC          

        CLASS   EEDATA         

        CLASS   FARRAM         

        CLASS   HEAP           

        CLASS   STACK          



SEGMENTS        Name                           Load    Length   Top    Selector   Space  Class

                reset_vec                      000000  000004  000004         0       0  CODE    
                cstackCOMRAM                   000001  000051  000052         1       1  COMRAM  
                intcode                        000008  00007C  000084         4       0  CODE    
                cstackBANK0                    000060  000090  0000F0        60       1  BANK0   
                bssBANK1                       000100  000028  000128       100       1  BANK1   
                smallconst                     000E00  000002  000E02       700       0  SMALLCON
                text3                          000E02  001882  002684       701       0  CODE    


UNUSED ADDRESS RANGES

        Name                Unused          Largest block    Delta
        BANK0            0000F0-0000FF               10
        BANK1            000128-0001FF               D8
        BANK10           000A00-000AFF              100
        BANK11           000B00-000BFF              100
        BANK12           000C00-000CFF              100
        BANK13           000D00-000DE9               EA
        BANK2            000200-0002FF              100
        BANK3            000300-0003FF              100
        BANK4            000400-0004FF              100
        BANK5            000500-0005FF              100
        BANK6            000600-0006FF              100
        BANK7            000700-0007FF              100
        BANK8            000800-0008FF              100
        BANK9            000900-0009FF              100
        BIGRAM           000052-00005F                E
                         0000F0-0000FF               10
                         000128-000DE9              CC2
        BIGSFR           000DEF-000FFF              211
        CODE             000004-000007                4
                         000084-000DFF              D7C
                         002684-01FFFF            1D97C
        COMRAM           000052-00005F                E
        CONFIG           300006-30000B                6
        CONST            000004-000007                4
                         000084-000DFF              D7C
                         002684-01FFFF            1D97C
        EEDATA           310000-3103FF              400
        IDLOC            200000-20000F               10
        MEDIUMCONST      002684-00FFFF             D97C
                         010E00-01FFFF             F200
        RAM              0000F0-0000FF               10
                         000128-000DE9              100
        SFR              000DEF-000FFF              100
        SMALLCONST       002684-01FFFF              100

                                  Symbol Table

?___aldiv                                    cstackCOMRAM 000018
?___awdiv                                    cstackCOMRAM 00000C
?___lmul                                     cstackCOMRAM 00000C
?___lwdiv                                    cstackCOMRAM 000012
?___wmul                                     cstackCOMRAM 00000C
ADC_getval@tmpval                            cstackCOMRAM 00000C
I2C_2_Master_Read@ack                        cstackCOMRAM 00000E
I2C_2_Master_Read@tmp                        cstackCOMRAM 00000F
I2C_2_Master_Write@data_byte                 cstackCOMRAM 00000D
_ADCON0bits                                  (abs)        000F60
_ADC_getval                                  text31       0025F4
_ADC_init                                    text30       0025DA
_ADPCH                                       (abs)        000F5F
_ADREFbits                                   (abs)        000F58
_ADRESH                                      (abs)        000F64
_ANSELBbits                                  (abs)        000E9A
_ANSELDbits                                  (abs)        000EA7
_ANSELFbits                                  (abs)        000EB4
_BAUD4CONbits                                (abs)        000EE9
_Buggy_init                                  text33       002436
_CCP1CONbits                                 (abs)        000FAB
_CCP2CONbits                                 (abs)        000FA7
_CCP3CONbits                                 (abs)        000F26
_CCP4CONbits                                 (abs)        000F22
_CCPR1H                                      (abs)        000FAA
_CCPR2H                                      (abs)        000FA6
_CCPR3H                                      (abs)        000F25
_CCPR4H                                      (abs)        000F21
_CCPTMRS0bits                                (abs)        000FAD
_EUSART4RXbuf                                bssCOMRAM    000037
_EUSART4TXbuf                                bssBANK0     0000B3
_HighISR                                     intcode      000008
_I2C_2_Master_Idle                           text26       002496
_I2C_2_Master_Init                           text27       00246C
_I2C_2_Master_Read                           text15       0023BC
_I2C_2_Master_RepStart                       text14       002650
_I2C_2_Master_Start                          text25       002664
_I2C_2_Master_Stop                           text24       00265A
_I2C_2_Master_Write                          text23       002638
_INTCONbits                                  (abs)        000FF2
_IPR0bits                                    (abs)        000E1F
_Interrupts_init                             text32       002624
_LATAbits                                    (abs)        000F79
_LATCbits                                    (abs)        000F7B
_LATDbits                                    (abs)        000F7C
_LATEbits                                    (abs)        000F7D
_LATFbits                                    (abs)        000F7E
_LATGbits                                    (abs)        000F7F
_LATHbits                                    (abs)        000F80
_PIE0bits                                    (abs)        000E29
_PIE4bits                                    (abs)        000E2D
_PIR0bits                                    (abs)        000E33
_PIR4bits                                    (abs)        000E37
_PORTFbits                                   (abs)        000F8E
_RC0PPS                                      (abs)        000E62
_RC4REG                                      (abs)        000EE3
_RC4STAbits                                  (abs)        000EE7
_RC7PPS                                      (abs)        000E69
_RD5PPS                                      (abs)        000E6F
_RD6PPS                                      (abs)        000E70
_RE2PPS                                      (abs)        000E74
_RE4PPS                                      (abs)        000E76
_RG6PPS                                      (abs)        000E88
_RX4PPS                                      (abs)        000E15
_RxBufReadCnt                                bssCOMRAM    00004D
_RxBufWriteCnt                               bssCOMRAM    00004E
_SP4BRGH                                     (abs)        000EE6
_SP4BRGL                                     (abs)        000EE5
_SSP2ADD                                     (abs)        000ED6
_SSP2BUF                                     (abs)        000ED5
_SSP2CLKPPS                                  (abs)        000E1C
_SSP2CON1bits                                (abs)        000ED9
_SSP2CON2                                    (abs)        000EDA
_SSP2CON2bits                                (abs)        000EDA
_SSP2DATPPS                                  (abs)        000E1D
_SSP2STAT                                    (abs)        000ED8
_T2CLKCONbits                                (abs)        000FBF
_T2CONbits                                   (abs)        000FBD
_T2HLTbits                                   (abs)        000FBE
_T2PR                                        (abs)        000FBC
_TRISAbits                                   (abs)        000F81
_TRISBbits                                   (abs)        000F82
_TRISCbits                                   (abs)        000F83
_TRISDbits                                   (abs)        000F84
_TRISEbits                                   (abs)        000F85
_TRISFbits                                   (abs)        000F86
_TRISGbits                                   (abs)        000F87
_TRISHbits                                   (abs)        000F88
_TX4REG                                      (abs)        000EE4
_TX4STAbits                                  (abs)        000EE8
_TxBufReadCnt                                bssCOMRAM    00004B
_TxBufWriteCnt                               bssCOMRAM    00004C
__HRAM                                       (abs)        000000
__H__absolute__                              __absolute__ 000000
__Habs1                                      abs1         000000
__Hbank0                                     bank0        000000
__Hbank1                                     bank1        000000
__Hbank10                                    bank10       000000
__Hbank11                                    bank11       000000
__Hbank12                                    bank12       000000
__Hbank13                                    bank13       000000
__Hbank2                                     bank2        000000
__Hbank3                                     bank3        000000
__Hbank4                                     bank4        000000
__Hbank5                                     bank5        000000
__Hbank6                                     bank6        000000
__Hbank7                                     bank7        000000
__Hbank8                                     bank8        000000
__Hbank9                                     bank9        000000
__Hbigbss                                    bigbss       000000
__Hbigdata                                   bigdata      000000
__Hbigram                                    bigram       000000
__Hbigsfr                                    bigsfr       000000
__Hbss                                       bss          000000
__HbssBANK0                                  bssBANK0     000000
__HbssBANK1                                  bssBANK1     000000
__HbssCOMRAM                                 bssCOMRAM    000000
__Hcinit                                     cinit        000000
__Hclrtext                                   clrtext      000000
__Hcomram                                    comram       000000
__Hconfig                                    config       300006
__Hconst                                     const        000000
__HcstackBANK0                               cstackBANK0  000000
__HcstackCOMRAM                              cstackCOMRAM 000000
__Hdata                                      data         000000
__HdataCOMRAM                                dataCOMRAM   000000
__Heeprom_data                               eeprom_data  000000
__Hfarbss                                    farbss       000000
__Hfardata                                   fardata      000000
__Hheap                                      heap         000000
__Hibigdata                                  ibigdata     000000
__Hidata                                     idata        000000
__HidataCOMRAM                               idataCOMRAM  000000
__Hidloc                                     idloc        000000
__Hifardata                                  ifardata     000000
__Hinit                                      init         000084
__Hintcode                                   intcode      000080
__Hintcode_body                              intcode_body 000000
__Hintcodelo                                 intcodelo    000080
__Hintentry                                  intentry     000000
__Hintret                                    intret       000000
__Hintsave_regs                              intsave_regs 000000
__Hirdata                                    irdata       000000
__Hmediumconst                               mediumconst  000000
__HnvFARRAM                                  nvFARRAM     000000
__Hnvbit                                     nvbit        000000
__Hnvrram                                    nvrram       000000
__Hparam                                     rparam       000000
__Hpowerup                                   powerup      000080
__Hram                                       ram          000000
__Hramtop                                    ramtop       000E00
__Hrbit                                      rbit         000000
__Hrbss                                      rbss         000000
__Hrdata                                     rdata        000000
__Hreset_vec                                 reset_vec    000004
__Hrparam                                    rparam       000000
__Hsfr                                       sfr          000000
__Hsmallconst                                smallconst   000E02
__Hspace_0                                   (abs)        002684
__Hspace_1                                   (abs)        000128
__Hspace_2                                   (abs)        000000
__Hspace_4                                   (abs)        600006
__Hstack                                     stack        000000
__Hstruct                                    struct       000000
__Htemp                                      temp         000052
__Htext                                      text         000000
__Htext0                                     text0        000000
__Htext1                                     text1        000000
__Htext10                                    text10       000000
__Htext11                                    text11       000000
__Htext12                                    text12       000000
__Htext13                                    text13       000000
__Htext14                                    text14       000000
__Htext15                                    text15       000000
__Htext16                                    text16       000000
__Htext17                                    text17       000000
__Htext18                                    text18       000000
__Htext19                                    text19       000000
__Htext2                                     text2        000000
__Htext20                                    text20       000000
__Htext21                                    text21       000000
__Htext22                                    text22       000000
__Htext23                                    text23       000000
__Htext24                                    text24       000000
__Htext25                                    text25       000000
__Htext26                                    text26       000000
__Htext27                                    text27       000000
__Htext28                                    text28       000000
__Htext29                                    text29       000000
__Htext3                                     text3        000000
__Htext30                                    text30       000000
__Htext31                                    text31       000000
__Htext32                                    text32       000000
__Htext33                                    text33       000000
__Htext35                                    text35       000000
__Htext36                                    text36       000000
__Htext37                                    text37       000000
__Htext38                                    text38       000000
__Htext39                                    text39       000000
__Htext4                                     text4        000000
__Htext40                                    text40       000000
__Htext41                                    text41       000000
__Htext42                                    text42       000000
__Htext43                                    text43       000000
__Htext5                                     text5        000000
__Htext6                                     text6        000000
__Htext7                                     text7        000000
__Htext8                                     text8        000000
__Htext9                                     text9        000000
__LRAM                                       (abs)        000001
__L__absolute__                              __absolute__ 000000
__Labs1                                      abs1         000000
__Lbank0                                     bank0        000000
__Lbank1                                     bank1        000000
__Lbank10                                    bank10       000000
__Lbank11                                    bank11       000000
__Lbank12                                    bank12       000000
__Lbank13                                    bank13       000000
__Lbank2                                     bank2        000000
__Lbank3                                     bank3        000000
__Lbank4                                     bank4        000000
__Lbank5                                     bank5        000000
__Lbank6                                     bank6        000000
__Lbank7                                     bank7        000000
__Lbank8                                     bank8        000000
__Lbank9                                     bank9        000000
__Lbigbss                                    bigbss       000000
__Lbigdata                                   bigdata      000000
__Lbigram                                    bigram       000000
__Lbigsfr                                    bigsfr       000000
__Lbss                                       bss          000000
__LbssBANK0                                  bssBANK0     000000
__LbssBANK1                                  bssBANK1     000000
__LbssCOMRAM                                 bssCOMRAM    000000
__Lcinit                                     cinit        000000
__Lclrtext                                   clrtext      000000
__Lcomram                                    comram       000000
__Lconfig                                    config       000000
__Lconst                                     const        000000
__LcstackBANK0                               cstackBANK0  000000
__LcstackCOMRAM                              cstackCOMRAM 000000
__Ldata                                      data         000000
__LdataCOMRAM                                dataCOMRAM   000000
__Leeprom_data                               eeprom_data  000000
__Lfarbss                                    farbss       000000
__Lfardata                                   fardata      000000
__Lheap                                      heap         000000
__Libigdata                                  ibigdata     000000
__Lidata                                     idata        000000
__LidataCOMRAM                               idataCOMRAM  000000
__Lidloc                                     idloc        000000
__Lifardata                                  ifardata     000000
__Linit                                      init         000080
__Lintcode                                   intcode      000008
__Lintcode_body                              intcode_body 000000
__Lintcodelo                                 intcodelo    000080
__Lintentry                                  intentry     000000
__Lintret                                    intret       000000
__Lintsave_regs                              intsave_regs 000000
__Lirdata                                    irdata       000000
__Lmediumconst                               mediumconst  000000
__LnvFARRAM                                  nvFARRAM     000000
__Lnvbit                                     nvbit        000000
__Lnvrram                                    nvrram       000000
__Lparam                                     rparam       000000
__Lpowerup                                   powerup      000080
__Lram                                       ram          000000
__Lramtop                                    ramtop       000E00
__Lrbit                                      rbit         000000
__Lrbss                                      rbss         000000
__Lrdata                                     rdata        000000
__Lreset_vec                                 reset_vec    000000
__Lrparam                                    rparam       000000
__Lsfr                                       sfr          000000
__Lsmallconst                                smallconst   000E00
__Lspace_0                                   (abs)        000000
__Lspace_1                                   (abs)        000000
__Lspace_2                                   (abs)        000000
__Lspace_4                                   (abs)        000000
__Lstack                                     stack        000000
__Lstruct                                    struct       000000
__Ltemp                                      temp         000051
__Ltext                                      text         000000
__Ltext0                                     text0        000000
__Ltext1                                     text1        000000
__Ltext10                                    text10       000000
__Ltext11                                    text11       000000
__Ltext12                                    text12       000000
__Ltext13                                    text13       000000
__Ltext14                                    text14       000000
__Ltext15                                    text15       000000
__Ltext16                                    text16       000000
__Ltext17                                    text17       000000
__Ltext18                                    text18       000000
__Ltext19                                    text19       000000
__Ltext2                                     text2        000000
__Ltext20                                    text20       000000
__Ltext21                                    text21       000000
__Ltext22                                    text22       000000
__Ltext23                                    text23       000000
__Ltext24                                    text24       000000
__Ltext25                                    text25       000000
__Ltext26                                    text26       000000
__Ltext27                                    text27       000000
__Ltext28                                    text28       000000
__Ltext29                                    text29       000000
__Ltext3                                     text3        000000
__Ltext30                                    text30       000000
__Ltext31                                    text31       000000
__Ltext32                                    text32       000000
__Ltext33                                    text33       000000
__Ltext35                                    text35       000000
__Ltext36                                    text36       000000
__Ltext37                                    text37       000000
__Ltext38                                    text38       000000
__Ltext39                                    text39       000000
__Ltext4                                     text4        000000
__Ltext40                                    text40       000000
__Ltext41                                    text41       000000
__Ltext42                                    text42       000000
__Ltext43                                    text43       000000
__Ltext5                                     text5        000000
__Ltext6                                     text6        000000
__Ltext7                                     text7        000000
__Ltext8                                     text8        000000
__Ltext9                                     text9        000000
__S0                                         (abs)        002684
__S1                                         (abs)        000128
__S4                                         (abs)        000000
__S5                                         (abs)        000000
___aldiv                                     text18       001CD8
___aldiv@counter                             cstackCOMRAM 000020
___aldiv@dividend                            cstackCOMRAM 000018
___aldiv@divisor                             cstackCOMRAM 00001C
___aldiv@quotient                            cstackCOMRAM 000022
___aldiv@sign                                cstackCOMRAM 000021
___awdiv                                     text29       001FA4
___awdiv@counter                             cstackCOMRAM 000010
___awdiv@dividend                            cstackCOMRAM 00000C
___awdiv@divisor                             cstackCOMRAM 00000E
___awdiv@quotient                            cstackCOMRAM 000012
___awdiv@sign                                cstackCOMRAM 000011
___heap_hi                                   (abs)        000000
___heap_lo                                   (abs)        000000
___inthi_sp                                  stack        000000
___inthi_stack_hi                            stack        000000
___inthi_stack_lo                            stack        000000
___intlo_sp                                  stack        000000
___intlo_stack_hi                            stack        000000
___intlo_stack_lo                            stack        000000
___lmul                                      text17       002260
___lmul@multiplicand                         cstackCOMRAM 000010
___lmul@multiplier                           cstackCOMRAM 00000C
___lmul@product                              cstackCOMRAM 000014
___lwdiv                                     text10       0021EC
___lwdiv@counter                             cstackCOMRAM 000018
___lwdiv@dividend                            cstackCOMRAM 000012
___lwdiv@divisor                             cstackCOMRAM 000014
___lwdiv@quotient                            cstackCOMRAM 000016
___param_bank                                (abs)        000000
___rparam_used                               (abs)        000001
___sp                                        stack        000000
___stack_hi                                  stack        000000
___stack_lo                                  stack        000000
___wmul                                      text9        0024E6
___wmul@multiplicand                         cstackCOMRAM 00000E
___wmul@multiplier                           cstackCOMRAM 00000C
___wmul@product                              cstackCOMRAM 000010
__accesstop                                  (abs)        000060
__activetblptr                               (abs)        000000
__end_of_ADC_getval                          text31       00260C
__end_of_ADC_init                            text30       0025F4
__end_of_Buggy_init                          text33       00246C
__end_of_HighISR                             intcode      000080
__end_of_I2C_2_Master_Idle                   text26       0024BE
__end_of_I2C_2_Master_Init                   text27       002496
__end_of_I2C_2_Master_Read                   text15       0023FE
__end_of_I2C_2_Master_RepStart               text14       00265A
__end_of_I2C_2_Master_Start                  text25       00266E
__end_of_I2C_2_Master_Stop                   text24       002664
__end_of_I2C_2_Master_Write                  text23       002644
__end_of_Interrupts_init                     text32       002638
__end_of___aldiv                             text18       001DE4
__end_of___awdiv                             text29       002068
__end_of___lmul                              text17       0022CA
__end_of___lwdiv                             text10       002260
__end_of___wmul                              text9        00250C
__end_of__initialization                     cinit        0023B2
__end_of_batteryLevel                        text28       002376
__end_of_color_clear_init_interrupts         text21       002172
__end_of_color_click_init                    text20       002436
__end_of_color_detect                        text19       002328
__end_of_color_normalise                     text16       001CD8
__end_of_color_read                          text13       001352
__end_of_color_writetoaddr                   text22       00259C
__end_of_fullSpeedAhead                      text7        001FA4
__end_of_getCharFromTxBuf                    text43       002558
__end_of_initDCmotorsPWM                     text12       0020F8
__end_of_initUSART4                          text11       0025DA
__end_of_isDataInTxBuf                       text42       002624
__end_of_main                                text0        0016D6
__end_of_move                                text3        00117C
__end_of_putCharToRxBuf                      text41       002532
__end_of_reverseOneSquare                    text6        001516
__end_of_setMotorPWM                         text8        001B96
__end_of_stop                                text2        001ED2
__end_of_turnLeft                            text5        001A42
__end_of_turnRight                           text4        00188C
__end_of_white_Light                         text1        00257C
__end_ofi2_I2C_2_Master_Idle                 text40       0024E6
__end_ofi2_I2C_2_Master_Start                text39       002682
__end_ofi2_I2C_2_Master_Stop                 text38       002678
__end_ofi2_I2C_2_Master_Write                text37       002650
__end_ofi2_color_clear_init_interrupts       text35       0021EC
__end_ofi2_color_writetoaddr                 text36       0025BC
__initialization                             cinit        002376
__mediumconst                                mediumconst  000000
__pbssBANK0                                  bssBANK0     0000B3
__pbssBANK1                                  bssBANK1     000100
__pbssCOMRAM                                 bssCOMRAM    000037
__pcinit                                     cinit        002376
__pcstackBANK0                               cstackBANK0  000060
__pcstackCOMRAM                              cstackCOMRAM 000001
__pdataCOMRAM                                dataCOMRAM   00004F
__pidataCOMRAM                               idataCOMRAM  002682
__pintcode                                   intcode      000008
__psmallconst                                smallconst   000E00
__ptext0                                     text0        001516
__ptext1                                     text1        002558
__ptext10                                    text10       0021EC
__ptext11                                    text11       0025BC
__ptext12                                    text12       002068
__ptext13                                    text13       00117C
__ptext14                                    text14       002650
__ptext15                                    text15       0023BC
__ptext16                                    text16       001B96
__ptext17                                    text17       002260
__ptext18                                    text18       001CD8
__ptext19                                    text19       0022CA
__ptext2                                     text2        001DE4
__ptext20                                    text20       0023FE
__ptext21                                    text21       0020F8
__ptext22                                    text22       00257C
__ptext23                                    text23       002638
__ptext24                                    text24       00265A
__ptext25                                    text25       002664
__ptext26                                    text26       002496
__ptext27                                    text27       00246C
__ptext28                                    text28       002328
__ptext29                                    text29       001FA4
__ptext3                                     text3        000E02
__ptext30                                    text30       0025DA
__ptext31                                    text31       0025F4
__ptext32                                    text32       002624
__ptext33                                    text33       002436
__ptext35                                    text35       002172
__ptext36                                    text36       00259C
__ptext37                                    text37       002644
__ptext38                                    text38       00266E
__ptext39                                    text39       002678
__ptext4                                     text4        0016D6
__ptext40                                    text40       0024BE
__ptext41                                    text41       00250C
__ptext42                                    text42       00260C
__ptext43                                    text43       002532
__ptext5                                     text5        00188C
__ptext6                                     text6        001352
__ptext7                                     text7        001ED2
__ptext8                                     text8        001A42
__ptext9                                     text9        0024E6
__ramtop                                     ramtop       000E00
__smallconst                                 smallconst   000E00
_ambient                                     dataCOMRAM   00004F
_batteryLevel                                text28       002328
_color_clear_init_interrupts                 text21       0020F8
_color_click_init                            text20       0023FE
_color_detect                                text19       0022CA
_color_normalise                             text16       001B96
_color_read                                  text13       00117C
_color_writetoaddr                           text22       00257C
_fullSpeedAhead                              text7        001ED2
_getCharFromTxBuf                            text43       002532
_initDCmotorsPWM                             text12       002068
_initUSART4                                  text11       0025BC
_isDataInTxBuf                               text42       00260C
_main                                        text0        001516
_move                                        text3        000E02
_putCharToRxBuf                              text41       00250C
_reverseOneSquare                            text6        001352
_setMotorPWM                                 text8        001A42
_stop                                        text2        001DE4
_turnLeft                                    text5        00188C
_turnRight                                   text4        0016D6
_wall                                        bssBANK0     0000EF
_white_Light                                 text1        002558
batteryLevel@batteryQuarter                  cstackCOMRAM 000015
batteryLevel@batteryVoltage                  cstackCOMRAM 000014
btemp                                        temp         000051
color_clear_init_interrupts@high_threshold   cstackCOMRAM 000011
color_clear_init_interrupts@low_threshold    cstackCOMRAM 000013
color_detect@RGBC_n                          cstackCOMRAM 00000C
color_detect@color                           cstackCOMRAM 000014
color_normalise@RGBC                         cstackCOMRAM 000026
color_normalise@RGBC_n                       cstackCOMRAM 00002E
color_read@RGBC                              cstackCOMRAM 000010
color_writetoaddr@address                    cstackCOMRAM 00000F
color_writetoaddr@value                      cstackCOMRAM 00000E
end_of_initialization                        cinit        0023B2
fullSpeedAhead@cur_power                     cstackCOMRAM 000027
fullSpeedAhead@i                             cstackCOMRAM 000025
fullSpeedAhead@mL                            cstackCOMRAM 00001E
fullSpeedAhead@mR                            cstackCOMRAM 00001F
fullSpeedAhead@straightRamp                  cstackCOMRAM 000021
fullSpeedAhead@straightSpeed                 cstackCOMRAM 000020
i2I2C_2_Master_Write@data_byte               cstackCOMRAM 000002
i2_I2C_2_Master_Idle                         text40       0024BE
i2_I2C_2_Master_Start                        text39       002678
i2_I2C_2_Master_Stop                         text38       00266E
i2_I2C_2_Master_Write                        text37       002644
i2_color_clear_init_interrupts               text35       002172
i2_color_writetoaddr                         text36       00259C
i2color_clear_init_interrupts@high_threshold cstackCOMRAM 000006
i2color_clear_init_interrupts@low_threshold  cstackCOMRAM 000008
i2color_writetoaddr@address                  cstackCOMRAM 000004
i2color_writetoaddr@value                    cstackCOMRAM 000003
initDCmotorsPWM@PWMperiod                    cstackCOMRAM 00000C
int$flags                                    temp         000051
intlevel0                                    text         000000
intlevel1                                    text         000000
intlevel2                                    text         000000
intlevel3                                    text         000000
isa$std                                      (abs)        000001
isa$xinst                                    (abs)        000000
main@RGBC                                    cstackBANK0  000097
main@RGBC_n                                  cstackBANK0  00008F
main@buf                                     cstackBANK0  000060
main@color                                   cstackBANK0  000088
main@motorL                                  cstackBANK0  0000A9
main@motorR                                  cstackBANK0  00009F
main@reverseDuration                         cstackBANK0  000089
main@straightRamp                            cstackBANK0  00008E
main@straightSpeed                           cstackBANK0  00008D
main@turnDuration                            cstackBANK0  00008B
main@turnRamp                                cstackBANK0  00008C
main@turnSpeed                               cstackBANK0  00008A
move@color                                   cstackCOMRAM 00002C
move@mL                                      cstackCOMRAM 00002A
move@mR                                      cstackCOMRAM 00002B
move@reverseDuration                         cstackCOMRAM 00002E
move@straightRamp                            cstackCOMRAM 00002F
move@straightSpeed                           cstackCOMRAM 00002D
move@turnDuration                            cstackCOMRAM 000031
move@turnRamp                                cstackCOMRAM 000032
move@turnSpeed                               cstackCOMRAM 000030
putCharToRxBuf@byte                          cstackCOMRAM 000001
reverseOneSquare@cur_power                   cstackCOMRAM 000028
reverseOneSquare@i                           cstackCOMRAM 000026
reverseOneSquare@mL                          cstackCOMRAM 00001E
reverseOneSquare@mR                          cstackCOMRAM 00001F
reverseOneSquare@reverseDuration             cstackCOMRAM 000021
reverseOneSquare@straightRamp                cstackCOMRAM 000022
reverseOneSquare@straightSpeed               cstackCOMRAM 000020
setMotorPWM@m                                cstackCOMRAM 000019
setMotorPWM@negDuty                          cstackCOMRAM 00001D
setMotorPWM@posDuty                          cstackCOMRAM 00001C
stackhi                                      (abs)        000000
stacklo                                      (abs)        000000
start                                        init         000080
start_initialization                         cinit        002376
stop@cur_power                               cstackCOMRAM 000026
stop@i                                       cstackCOMRAM 000024
stop@mL                                      cstackCOMRAM 00001E
stop@mR                                      cstackCOMRAM 00001F
stop@straightRamp                            cstackCOMRAM 000020
ttemp5                                       temp         000052
ttemp6                                       temp         000055
ttemp7                                       temp         000059
turnLeft@cur_power                           cstackCOMRAM 000028
turnLeft@i                                   cstackCOMRAM 000026
turnLeft@mL                                  cstackCOMRAM 00001E
turnLeft@mR                                  cstackCOMRAM 00001F
turnLeft@turnDuration                        cstackCOMRAM 000021
turnLeft@turnRamp                            cstackCOMRAM 000022
turnLeft@turnSpeed                           cstackCOMRAM 000020
turnRight@cur_power                          cstackCOMRAM 000028
turnRight@i                                  cstackCOMRAM 000026
turnRight@mL                                 cstackCOMRAM 00001E
turnRight@mR                                 cstackCOMRAM 00001F
turnRight@turnDuration                       cstackCOMRAM 000021
turnRight@turnRamp                           cstackCOMRAM 000022
turnRight@turnSpeed                          cstackCOMRAM 000020
white_Light@state                            cstackCOMRAM 00000C
wtemp8                                       temp         000052


MODULE INFORMATION

Module		Function		Class		Link	Load	Size
C:\Program Files\Microchip\xc8\v2.45\pic\sources\c99\common\aldiv.c
		___aldiv       		CODE           	1CD8	0000	268

C:\Program Files\Microchip\xc8\v2.45\pic\sources\c99\common\aldiv.c estimated size: 268

C:\Program Files\Microchip\xc8\v2.45\pic\sources\c99\common\Umul16.c
		___wmul        		CODE           	24E6	0000	38

C:\Program Files\Microchip\xc8\v2.45\pic\sources\c99\common\Umul16.c estimated size: 38

serial.c
		_putCharToRxBuf		CODE           	250C	0000	38
		_isDataInTxBuf 		CODE           	260C	0000	24
		_getCharFromTxBuf		CODE           	2532	0000	38
		_initUSART4    		CODE           	25BC	0000	30

serial.c estimated size: 130

color.c
		_color_writetoaddr		CODE           	257C	0000	32
		_color_normalise		CODE           	1B96	0000	322
		_color_click_init		CODE           	23FE	0000	56
		_color_clear_init_interrupts		CODE           	20F8	0000	122
		_color_read    		CODE           	117C	0000	470
		_white_Light   		CODE           	2558	0000	36
		_color_detect  		CODE           	22CA	0000	94

color.c estimated size: 1132

dc_motor.c
		_fullSpeedAhead		CODE           	1ED2	0000	210
		_turnLeft      		CODE           	188C	0000	438
		_stop          		CODE           	1DE4	0000	238
		_initDCmotorsPWM		CODE           	2068	0000	144
		_turnRight     		CODE           	16D6	0000	438
		_move          		CODE           	0E02	0000	890
		_setMotorPWM   		CODE           	1A42	0000	340
		_reverseOneSquare		CODE           	1352	0000	452

dc_motor.c estimated size: 3150

interrupts.c
		_Interrupts_init		CODE           	2624	0000	20
		_HighISR       		CODE           	0008	0000	120

interrupts.c estimated size: 140

i2c.c
		_I2C_2_Master_Start		CODE           	2664	0000	10
		_I2C_2_Master_Read		CODE           	23BC	0000	66
		_I2C_2_Master_Idle		CODE           	2496	0000	40
		_I2C_2_Master_Init		CODE           	246C	0000	42
		_I2C_2_Master_Stop		CODE           	265A	0000	10
		_I2C_2_Master_RepStart		CODE           	2650	0000	10
		_I2C_2_Master_Write		CODE           	2638	0000	12

i2c.c estimated size: 190

C:\Program Files\Microchip\xc8\v2.45\pic\sources\c99\common\Umul32.c
		___lmul        		CODE           	2260	0000	106

C:\Program Files\Microchip\xc8\v2.45\pic\sources\c99\common\Umul32.c estimated size: 106

buggysetup.c
		_Buggy_init    		CODE           	2436	0000	54

buggysetup.c estimated size: 54

battery.c
		_batteryLevel  		CODE           	2328	0000	78

battery.c estimated size: 78

shared
		i2_color_clear_init_interrupts		CODE           	2172	0000	122
		i2_I2C_2_Master_Stop		CODE           	266E	0000	10
		i2_I2C_2_Master_Idle		CODE           	24BE	0000	40
		__initialization		CODE           	2376	0000	60
		i2_I2C_2_Master_Write		CODE           	2644	0000	12
		i2_color_writetoaddr		CODE           	259C	0000	32
		i2_I2C_2_Master_Start		CODE           	2678	0000	10

shared estimated size: 286

ADC.c
		_ADC_init      		CODE           	25DA	0000	26
		_ADC_getval    		CODE           	25F4	0000	24

ADC.c estimated size: 50

main.c
		_main          		CODE           	1516	0000	448

main.c estimated size: 448

C:\Program Files\Microchip\xc8\v2.45\pic\sources\c99\common\lwdiv.c
		___lwdiv       		CODE           	21EC	0000	116

C:\Program Files\Microchip\xc8\v2.45\pic\sources\c99\common\lwdiv.c estimated size: 116

C:\Program Files\Microchip\xc8\v2.45\pic\sources\c99\common\awdiv.c
		___awdiv       		CODE           	1FA4	0000	196

C:\Program Files\Microchip\xc8\v2.45\pic\sources\c99\common\awdiv.c estimated size: 196

