Microchip MPLAB XC8 Compiler V2.45

Linker command line:

-W-3 \
  --edf=C:\Program Files\Microchip\xc8\v2.45\pic\dat\20230818022343_en.msgs \
  -cn \
  -h+dist/default/production\final-project-kenton-thomas.X.production.sym \
  --cmf=dist/default/production\final-project-kenton-thomas.X.production.cmf \
  -z -Q18F67K40 \
  -oC:\Users\thoma\AppData\Local\Temp\xcBsovk.1\driver_tmp_3.o \
  --defsym=__MPLAB_BUILD=1 --fixupoverflow=error \
  -Mdist/default/production/final-project-kenton-thomas.X.production.map \
  --md=C:\Users\thoma\AppData\Local\Temp\xcBsovk.1\driver_tmp_0.dat -E1 \
  -ver=XC8 Compiler --acfsm=1493 -ACODE=00h-01FFFFh -ACONST=00h-01FFFFh \
  -ASMALLCONST=0E00h-0EFFhx498 -AMEDIUMCONST=0E00h-0FFFFh,010E00h-01FFFFh \
  -ACOMRAM=01h-05Fh -AABS1=00h-0DE9h -ABIGRAM=01h-0DE9h \
  -ARAM=060h-0FFh,0100h-01FFhx12,0D00h-0DE9h -ABANK0=060h-0FFh \
  -ABANK1=0100h-01FFh -ABANK2=0200h-02FFh -ABANK3=0300h-03FFh \
  -ABANK4=0400h-04FFh -ABANK5=0500h-05FFh -ABANK6=0600h-06FFh \
  -ABANK7=0700h-07FFh -ABANK8=0800h-08FFh -ABANK9=0900h-09FFh \
  -ABANK10=0A00h-0AFFh -ABANK11=0B00h-0BFFh -ABANK12=0C00h-0CFFh \
  -ABANK13=0D00h-0DE9h \
  -ASFR=0DEFh-0DFFh,0E00h-0EFFh,0F00h-0F5Fh,0F60h-0FFFh \
  -ABIGSFR=0DEFh-0FFFh -ACONFIG=0300000h-030000Bh -AIDLOC=0200000h-020000Fh \
  -AEEDATA=0310000h-03103FFh -peeprom_data=EEDATA \
  -preset_vec=00h,intcode=08h,intcodelo,powerup,init -pramtop=0E00h \
  -psmallconst=SMALLCONST -pmediumconst=MEDIUMCONST -pconst=CONST \
  -AFARRAM=00h-00h \
  -prdata=COMRAM,nvrram=COMRAM,nvbit=COMRAM,rbss=COMRAM,rbit=COMRAM \
  -pfarbss=FARRAM,fardata=FARRAM,nvFARRAM=FARRAM \
  -pintsave_regs=BIGRAM,bigbss=BIGRAM,bigdata=BIGRAM -pbss=RAM \
  -pidata=CODE,irdata=CODE,ibigdata=CODE,ifardata=CODE -prparam=COMRAM \
  C:\Users\thoma\AppData\Local\Temp\xcBsovk.1\driver_tmp_14.o \
  dist/default/production\final-project-kenton-thomas.X.production.o 

Object code version is 3.11

Machine type is 18F67K40



                Name                               Link     Load   Length Selector   Space Scale
C:\Users\thoma\AppData\Local\Temp\xcBsovk.1\driver_tmp_14.o
                config                           300000   300000        6        0       4
                init                                 64       64        4        4       0
                reset_vec                             0        0        4        0       0
dist/default/production\final-project-kenton-thomas.X.production.o
                intcode                               8        8       5C        4       0
                config                           300000   300000        6        0       4
                temp                                 59       59        1        1       1
                smallconst                          E00      E00       2C      700       0
                text33                             19EE     19EE       26      716       0
                text32                             19C8     19C8       26      716       0
                text31                             1AA8     1AA8       18      716       0
                text29                             184C     184C       36      716       0
                text28                             1AEA     1AEA        A      716       0
                text27                             19A2     19A2       26      716       0
                text26                             176A     176A       62      716       0
                text25                             1950     1950       2A      716       0
                text24                             197A     197A       28      716       0
                text23                             1AE0     1AE0        A      716       0
                text22                             1AD6     1AD6        A      716       0
                text21                             1AC0     1AC0        C      716       0
                text20                             1A38     1A38       20      716       0
                text19                             18EA     18EA       34      716       0
                text18                             12FC     12FC      10C      716       0
                text17                             1700     1700       6A      716       0
                text16                             11BA     11BA      142      716       0
                text15                             17CC     17CC       42      716       0
                text14                             1ACC     1ACC        A      716       0
                text13                              E2C      E2C      1D6      716       0
                text12                             1A58     1A58       1E      716       0
                text11                             1A90     1A90       18      716       0
                text10                             1A76     1A76       1A      716       0
                text9                              14E2     14E2       C4      716       0
                text8                              15A6     15A6       B0      716       0
                text7                              18B6     18B6       34      716       0
                text6                              1AF4     1AF4        2      716       0
                text5                              1656     1656       AA      716       0
                text4                              1002     1002      1B8      716       0
                text3                              180E     180E       3E      716       0
                text2                              1882     1882       34      716       0
                text1                              1A14     1A14       24      716       0
                text0                              1408     1408       DA      716       0
                cstackCOMRAM                          1        1       3B        1       1
                cstackBANK0                          BC       BC       38       60       1
                bssBANK1                            100      100       28      100       1
                bssBANK0                             60       60       5C       60       1
                bssCOMRAM                            3C       3C       1D        1       1
                cinit                              191E     191E       32      716       0

TOTAL           Name                               Link     Load   Length     Space
        CLASS   CODE           
                intcode                               8        8       5C         0
                init                                 64       64        4         0
                reset_vec                             0        0        4         0
                text33                             19EE     19EE       26         0
                text32                             19C8     19C8       26         0
                text31                             1AA8     1AA8       18         0
                text29                             184C     184C       36         0
                text28                             1AEA     1AEA        A         0
                text27                             19A2     19A2       26         0
                text26                             176A     176A       62         0
                text25                             1950     1950       2A         0
                text24                             197A     197A       28         0
                text23                             1AE0     1AE0        A         0
                text22                             1AD6     1AD6        A         0
                text21                             1AC0     1AC0        C         0
                text20                             1A38     1A38       20         0
                text19                             18EA     18EA       34         0
                text18                             12FC     12FC      10C         0
                text17                             1700     1700       6A         0
                text16                             11BA     11BA      142         0
                text15                             17CC     17CC       42         0
                text14                             1ACC     1ACC        A         0
                text13                              E2C      E2C      1D6         0
                text12                             1A58     1A58       1E         0
                text11                             1A90     1A90       18         0
                text10                             1A76     1A76       1A         0
                text9                              14E2     14E2       C4         0
                text8                              15A6     15A6       B0         0
                text7                              18B6     18B6       34         0
                text6                              1AF4     1AF4        2         0
                text5                              1656     1656       AA         0
                text4                              1002     1002      1B8         0
                text3                              180E     180E       3E         0
                text2                              1882     1882       34         0
                text1                              1A14     1A14       24         0
                text0                              1408     1408       DA         0
                cinit                              191E     191E       32         0

        CLASS   CONST          

        CLASS   SMALLCONST     
                smallconst                          E00      E00       2C         0

        CLASS   MEDIUMCONST    

        CLASS   COMRAM         
                temp                                 59       59        1         1
                cstackCOMRAM                          1        1       3B         1
                bssCOMRAM                            3C       3C       1D         1

        CLASS   ABS1           

        CLASS   BIGRAM         

        CLASS   RAM            

        CLASS   BANK0          
                cstackBANK0                          BC       BC       38         1
                bssBANK0                             60       60       5C         1

        CLASS   BANK1          
                bssBANK1                            100      100       28         1

        CLASS   BANK2          

        CLASS   BANK3          

        CLASS   BANK4          

        CLASS   BANK5          

        CLASS   BANK6          

        CLASS   BANK7          

        CLASS   BANK8          

        CLASS   BANK9          

        CLASS   BANK10         

        CLASS   BANK11         

        CLASS   BANK12         

        CLASS   BANK13         

        CLASS   SFR            

        CLASS   BIGSFR         

        CLASS   CONFIG         
                config                           300000   300000        6         4

        CLASS   IDLOC          

        CLASS   EEDATA         

        CLASS   FARRAM         

        CLASS   HEAP           

        CLASS   STACK          



SEGMENTS        Name                           Load    Length   Top    Selector   Space  Class

                reset_vec                      000000  000004  000004         0       0  CODE    
                cstackCOMRAM                   000001  000059  00005A         1       1  COMRAM  
                intcode                        000008  000060  000068         4       0  CODE    
                bssBANK0                       000060  000094  0000F4        60       1  BANK0   
                bssBANK1                       000100  000028  000128       100       1  BANK1   
                smallconst                     000E00  00002C  000E2C       700       0  SMALLCON
                text13                         000E2C  000CCA  001AF6       716       0  CODE    


UNUSED ADDRESS RANGES

        Name                Unused          Largest block    Delta
        BANK0            0000F4-0000FF                C
        BANK1            000128-0001FF               D8
        BANK10           000A00-000AFF              100
        BANK11           000B00-000BFF              100
        BANK12           000C00-000CFF              100
        BANK13           000D00-000DE9               EA
        BANK2            000200-0002FF              100
        BANK3            000300-0003FF              100
        BANK4            000400-0004FF              100
        BANK5            000500-0005FF              100
        BANK6            000600-0006FF              100
        BANK7            000700-0007FF              100
        BANK8            000800-0008FF              100
        BANK9            000900-0009FF              100
        BIGRAM           00005A-00005F                6
                         0000F4-0000FF                C
                         000128-000DE9              CC2
        BIGSFR           000DEF-000FFF              211
        CODE             000004-000007                4
                         000068-000DFF              D98
                         001AF6-01FFFF            1E50A
        COMRAM           00005A-00005F                6
        CONFIG           300006-30000B                6
        CONST            000004-000007                4
                         000068-000DFF              D98
                         001AF6-01FFFF            1E50A
        EEDATA           310000-3103FF              400
        IDLOC            200000-20000F               10
        MEDIUMCONST      001AF6-00FFFF             E50A
                         010E00-01FFFF             F200
        RAM              0000F4-0000FF                C
                         000128-000DE9              100
        SFR              000DEF-000FFF              100
        SMALLCONST       001AF6-01FFFF              100

                                  Symbol Table

?___aldiv                      cstackCOMRAM 000010
?___awdiv                      cstackCOMRAM 000004
?___awmod                      cstackCOMRAM 000004
?___lmul                       cstackCOMRAM 000004
?_abs                          cstackCOMRAM 00000A
?_sprintf                      cstackCOMRAM 00001D
?_vfprintf                     cstackCOMRAM 000019
I2C_2_Master_Read@ack          cstackCOMRAM 000006
I2C_2_Master_Read@tmp          cstackCOMRAM 000007
I2C_2_Master_Write@data_byte   cstackCOMRAM 000005
TxBufferedString@string        cstackCOMRAM 000005
_ANSELDbits                    (abs)        000EA7
_ANSELFbits                    (abs)        000EB4
_BAUD4CONbits                  (abs)        000EE9
_Buggy_init                    text29       00184C
_EUSART4RXbuf                  bssCOMRAM    00003C
_EUSART4TXbuf                  bssBANK0     000060
_HighISR                       intcode      000008
_I2C_2_Master_Idle             text24       00197A
_I2C_2_Master_Init             text25       001950
_I2C_2_Master_Read             text15       0017CC
_I2C_2_Master_RepStart         text14       001ACC
_I2C_2_Master_Start            text23       001AE0
_I2C_2_Master_Stop             text22       001AD6
_I2C_2_Master_Write            text21       001AC0
_INTCONbits                    (abs)        000FF2
_Interrupts_init               text28       001AEA
_LATAbits                      (abs)        000F79
_LATDbits                      (abs)        000F7C
_LATEbits                      (abs)        000F7D
_LATFbits                      (abs)        000F7E
_LATGbits                      (abs)        000F7F
_LATHbits                      (abs)        000F80
_PIE4bits                      (abs)        000E2D
_PIR4bits                      (abs)        000E37
_PORTFbits                     (abs)        000F8E
_RC0PPS                        (abs)        000E62
_RC4REG                        (abs)        000EE3
_RC4STAbits                    (abs)        000EE7
_RD5PPS                        (abs)        000E6F
_RD6PPS                        (abs)        000E70
_RX4PPS                        (abs)        000E15
_RxBufReadCnt                  bssCOMRAM    000057
_RxBufWriteCnt                 bssCOMRAM    000058
_SP4BRGH                       (abs)        000EE6
_SP4BRGL                       (abs)        000EE5
_SSP2ADD                       (abs)        000ED6
_SSP2BUF                       (abs)        000ED5
_SSP2CLKPPS                    (abs)        000E1C
_SSP2CON1bits                  (abs)        000ED9
_SSP2CON2                      (abs)        000EDA
_SSP2CON2bits                  (abs)        000EDA
_SSP2DATPPS                    (abs)        000E1D
_SSP2STAT                      (abs)        000ED8
_TRISAbits                     (abs)        000F81
_TRISDbits                     (abs)        000F84
_TRISEbits                     (abs)        000F85
_TRISFbits                     (abs)        000F86
_TRISGbits                     (abs)        000F87
_TRISHbits                     (abs)        000F88
_TX4REG                        (abs)        000EE4
_TX4STAbits                    (abs)        000EE8
_TxBufReadCnt                  bssCOMRAM    000055
_TxBufWriteCnt                 bssCOMRAM    000056
_TxBufferedString              text26       00176A
__HRAM                         (abs)        000000
__H__absolute__                __absolute__ 000000
__Habs1                        abs1         000000
__Hbank0                       bank0        000000
__Hbank1                       bank1        000000
__Hbank10                      bank10       000000
__Hbank11                      bank11       000000
__Hbank12                      bank12       000000
__Hbank13                      bank13       000000
__Hbank2                       bank2        000000
__Hbank3                       bank3        000000
__Hbank4                       bank4        000000
__Hbank5                       bank5        000000
__Hbank6                       bank6        000000
__Hbank7                       bank7        000000
__Hbank8                       bank8        000000
__Hbank9                       bank9        000000
__Hbigbss                      bigbss       000000
__Hbigdata                     bigdata      000000
__Hbigram                      bigram       000000
__Hbigsfr                      bigsfr       000000
__Hbss                         bss          000000
__HbssBANK0                    bssBANK0     000000
__HbssBANK1                    bssBANK1     000000
__HbssCOMRAM                   bssCOMRAM    000000
__Hcinit                       cinit        000000
__Hclrtext                     clrtext      000000
__Hcomram                      comram       000000
__Hconfig                      config       300006
__Hconst                       const        000000
__HcstackBANK0                 cstackBANK0  000000
__HcstackCOMRAM                cstackCOMRAM 000000
__Hdata                        data         000000
__Heeprom_data                 eeprom_data  000000
__Hfarbss                      farbss       000000
__Hfardata                     fardata      000000
__Hheap                        heap         000000
__Hibigdata                    ibigdata     000000
__Hidata                       idata        000000
__Hidloc                       idloc        000000
__Hifardata                    ifardata     000000
__Hinit                        init         000068
__Hintcode                     intcode      000064
__Hintcode_body                intcode_body 000000
__Hintcodelo                   intcodelo    000064
__Hintentry                    intentry     000000
__Hintret                      intret       000000
__Hintsave_regs                intsave_regs 000000
__Hirdata                      irdata       000000
__Hmediumconst                 mediumconst  000000
__HnvFARRAM                    nvFARRAM     000000
__Hnvbit                       nvbit        000000
__Hnvrram                      nvrram       000000
__Hparam                       rparam       000000
__Hpowerup                     powerup      000064
__Hram                         ram          000000
__Hramtop                      ramtop       000E00
__Hrbit                        rbit         000000
__Hrbss                        rbss         000000
__Hrdata                       rdata        000000
__Hreset_vec                   reset_vec    000004
__Hrparam                      rparam       000000
__Hsfr                         sfr          000000
__Hsmallconst                  smallconst   000E2C
__Hspace_0                     (abs)        001AF6
__Hspace_1                     (abs)        000128
__Hspace_2                     (abs)        000000
__Hspace_4                     (abs)        600006
__Hstack                       stack        000000
__Hstruct                      struct       000000
__Htemp                        temp         00005A
__Htext                        text         000000
__Htext0                       text0        000000
__Htext1                       text1        000000
__Htext10                      text10       000000
__Htext11                      text11       000000
__Htext12                      text12       000000
__Htext13                      text13       000000
__Htext14                      text14       000000
__Htext15                      text15       000000
__Htext16                      text16       000000
__Htext17                      text17       000000
__Htext18                      text18       000000
__Htext19                      text19       000000
__Htext2                       text2        000000
__Htext20                      text20       000000
__Htext21                      text21       000000
__Htext22                      text22       000000
__Htext23                      text23       000000
__Htext24                      text24       000000
__Htext25                      text25       000000
__Htext26                      text26       000000
__Htext27                      text27       000000
__Htext28                      text28       000000
__Htext29                      text29       000000
__Htext3                       text3        000000
__Htext31                      text31       000000
__Htext32                      text32       000000
__Htext33                      text33       000000
__Htext4                       text4        000000
__Htext5                       text5        000000
__Htext6                       text6        000000
__Htext7                       text7        000000
__Htext8                       text8        000000
__Htext9                       text9        000000
__LRAM                         (abs)        000001
__L__absolute__                __absolute__ 000000
__Labs1                        abs1         000000
__Lbank0                       bank0        000000
__Lbank1                       bank1        000000
__Lbank10                      bank10       000000
__Lbank11                      bank11       000000
__Lbank12                      bank12       000000
__Lbank13                      bank13       000000
__Lbank2                       bank2        000000
__Lbank3                       bank3        000000
__Lbank4                       bank4        000000
__Lbank5                       bank5        000000
__Lbank6                       bank6        000000
__Lbank7                       bank7        000000
__Lbank8                       bank8        000000
__Lbank9                       bank9        000000
__Lbigbss                      bigbss       000000
__Lbigdata                     bigdata      000000
__Lbigram                      bigram       000000
__Lbigsfr                      bigsfr       000000
__Lbss                         bss          000000
__LbssBANK0                    bssBANK0     000000
__LbssBANK1                    bssBANK1     000000
__LbssCOMRAM                   bssCOMRAM    000000
__Lcinit                       cinit        000000
__Lclrtext                     clrtext      000000
__Lcomram                      comram       000000
__Lconfig                      config       000000
__Lconst                       const        000000
__LcstackBANK0                 cstackBANK0  000000
__LcstackCOMRAM                cstackCOMRAM 000000
__Ldata                        data         000000
__Leeprom_data                 eeprom_data  000000
__Lfarbss                      farbss       000000
__Lfardata                     fardata      000000
__Lheap                        heap         000000
__Libigdata                    ibigdata     000000
__Lidata                       idata        000000
__Lidloc                       idloc        000000
__Lifardata                    ifardata     000000
__Linit                        init         000064
__Lintcode                     intcode      000008
__Lintcode_body                intcode_body 000000
__Lintcodelo                   intcodelo    000064
__Lintentry                    intentry     000000
__Lintret                      intret       000000
__Lintsave_regs                intsave_regs 000000
__Lirdata                      irdata       000000
__Lmediumconst                 mediumconst  000000
__LnvFARRAM                    nvFARRAM     000000
__Lnvbit                       nvbit        000000
__Lnvrram                      nvrram       000000
__Lparam                       rparam       000000
__Lpowerup                     powerup      000064
__Lram                         ram          000000
__Lramtop                      ramtop       000E00
__Lrbit                        rbit         000000
__Lrbss                        rbss         000000
__Lrdata                       rdata        000000
__Lreset_vec                   reset_vec    000000
__Lrparam                      rparam       000000
__Lsfr                         sfr          000000
__Lsmallconst                  smallconst   000E00
__Lspace_0                     (abs)        000000
__Lspace_1                     (abs)        000000
__Lspace_2                     (abs)        000000
__Lspace_4                     (abs)        000000
__Lstack                       stack        000000
__Lstruct                      struct       000000
__Ltemp                        temp         000059
__Ltext                        text         000000
__Ltext0                       text0        000000
__Ltext1                       text1        000000
__Ltext10                      text10       000000
__Ltext11                      text11       000000
__Ltext12                      text12       000000
__Ltext13                      text13       000000
__Ltext14                      text14       000000
__Ltext15                      text15       000000
__Ltext16                      text16       000000
__Ltext17                      text17       000000
__Ltext18                      text18       000000
__Ltext19                      text19       000000
__Ltext2                       text2        000000
__Ltext20                      text20       000000
__Ltext21                      text21       000000
__Ltext22                      text22       000000
__Ltext23                      text23       000000
__Ltext24                      text24       000000
__Ltext25                      text25       000000
__Ltext26                      text26       000000
__Ltext27                      text27       000000
__Ltext28                      text28       000000
__Ltext29                      text29       000000
__Ltext3                       text3        000000
__Ltext31                      text31       000000
__Ltext32                      text32       000000
__Ltext33                      text33       000000
__Ltext4                       text4        000000
__Ltext5                       text5        000000
__Ltext6                       text6        000000
__Ltext7                       text7        000000
__Ltext8                       text8        000000
__Ltext9                       text9        000000
__S0                           (abs)        001AF6
__S1                           (abs)        000128
__S4                           (abs)        000000
__S5                           (abs)        000000
___aldiv                       text18       0012FC
___aldiv@counter               cstackCOMRAM 000018
___aldiv@dividend              cstackCOMRAM 000010
___aldiv@divisor               cstackCOMRAM 000014
___aldiv@quotient              cstackCOMRAM 00001A
___aldiv@sign                  cstackCOMRAM 000019
___awdiv                       text9        0014E2
___awdiv@counter               cstackCOMRAM 000008
___awdiv@dividend              cstackCOMRAM 000004
___awdiv@divisor               cstackCOMRAM 000006
___awdiv@quotient              cstackCOMRAM 00000A
___awdiv@sign                  cstackCOMRAM 000009
___awmod                       text8        0015A6
___awmod@counter               cstackCOMRAM 000008
___awmod@dividend              cstackCOMRAM 000004
___awmod@divisor               cstackCOMRAM 000006
___awmod@sign                  cstackCOMRAM 000009
___heap_hi                     (abs)        000000
___heap_lo                     (abs)        000000
___inthi_sp                    stack        000000
___inthi_stack_hi              stack        000000
___inthi_stack_lo              stack        000000
___intlo_sp                    stack        000000
___intlo_stack_hi              stack        000000
___intlo_stack_lo              stack        000000
___lmul                        text17       001700
___lmul@multiplicand           cstackCOMRAM 000008
___lmul@multiplier             cstackCOMRAM 000004
___lmul@product                cstackCOMRAM 00000C
___param_bank                  (abs)        000000
___rparam_used                 (abs)        000001
___sp                          stack        000000
___stack_hi                    stack        000000
___stack_lo                    stack        000000
__accesstop                    (abs)        000060
__activetblptr                 (abs)        000002
__end_of_Buggy_init            text29       001882
__end_of_HighISR               intcode      000064
__end_of_I2C_2_Master_Idle     text24       0019A2
__end_of_I2C_2_Master_Init     text25       00197A
__end_of_I2C_2_Master_Read     text15       00180E
__end_of_I2C_2_Master_RepStart text14       001AD6
__end_of_I2C_2_Master_Start    text23       001AEA
__end_of_I2C_2_Master_Stop     text22       001AE0
__end_of_I2C_2_Master_Write    text21       001ACC
__end_of_Interrupts_init       text28       001AF4
__end_of_TxBufferedString      text26       0017CC
__end_of___aldiv               text18       001408
__end_of___awdiv               text9        0015A6
__end_of___awmod               text8        001656
__end_of___lmul                text17       00176A
__end_of__initialization       cinit        001942
__end_of_abs                   text7        0018EA
__end_of_color_click_init      text19       00191E
__end_of_color_normalise       text16       0012FC
__end_of_color_read            text13       001002
__end_of_color_writetoaddr     text20       001A58
__end_of_fputc                 text5        001700
__end_of_getCharFromTxBuf      text33       001A14
__end_of_initUSART4            text12       001A76
__end_of_isDataInTxBuf         text11       001AA8
__end_of_main                  text0        0014E2
__end_of_putCharToRxBuf        text32       0019EE
__end_of_putCharToTxBuf        text27       0019C8
__end_of_putch                 text6        001AF6
__end_of_sendTxBuf             text10       001A90
__end_of_sprintf               text2        0018B6
__end_of_vfpfcnvrt             text4        0011BA
__end_of_vfprintf              text3        00184C
__end_of_white_Light           text1        001A38
__end_ofi2_isDataInTxBuf       text31       001AC0
__initialization               cinit        00191E
__mediumconst                  mediumconst  000000
__pbssBANK0                    bssBANK0     000060
__pbssBANK1                    bssBANK1     000100
__pbssCOMRAM                   bssCOMRAM    00003C
__pcinit                       cinit        00191E
__pcstackBANK0                 cstackBANK0  0000BC
__pcstackCOMRAM                cstackCOMRAM 000001
__pintcode                     intcode      000008
__psmallconst                  smallconst   000E00
__ptext0                       text0        001408
__ptext1                       text1        001A14
__ptext10                      text10       001A76
__ptext11                      text11       001A90
__ptext12                      text12       001A58
__ptext13                      text13       000E2C
__ptext14                      text14       001ACC
__ptext15                      text15       0017CC
__ptext16                      text16       0011BA
__ptext17                      text17       001700
__ptext18                      text18       0012FC
__ptext19                      text19       0018EA
__ptext2                       text2        001882
__ptext20                      text20       001A38
__ptext21                      text21       001AC0
__ptext22                      text22       001AD6
__ptext23                      text23       001AE0
__ptext24                      text24       00197A
__ptext25                      text25       001950
__ptext26                      text26       00176A
__ptext27                      text27       0019A2
__ptext28                      text28       001AEA
__ptext29                      text29       00184C
__ptext3                       text3        00180E
__ptext31                      text31       001AA8
__ptext32                      text32       0019C8
__ptext33                      text33       0019EE
__ptext4                       text4        001002
__ptext5                       text5        001656
__ptext6                       text6        001AF4
__ptext7                       text7        0018B6
__ptext8                       text8        0015A6
__ptext9                       text9        0014E2
__ramtop                       ramtop       000E00
__smallconst                   smallconst   000E00
_abs                           text7        0018B6
_color_click_init              text19       0018EA
_color_normalise               text16       0011BA
_color_read                    text13       000E2C
_color_writetoaddr             text20       001A38
_dbuf                          bssBANK0     00009C
_flags                         bssCOMRAM    000054
_fputc                         text5        001656
_getCharFromTxBuf              text33       0019EE
_initUSART4                    text12       001A58
_isDataInTxBuf                 text11       001A90
_main                          text0        001408
_prec                          bssCOMRAM    000052
_putCharToRxBuf                text32       0019C8
_putCharToTxBuf                text27       0019A2
_putch                         text6        001AF4
_sendTxBuf                     text10       001A76
_sprintf                       text2        001882
_vfpfcnvrt                     text4        001002
_vfprintf                      text3        00180E
_white_Light                   text1        001A14
_width                         bssCOMRAM    000050
abs@a                          cstackCOMRAM 00000A
btemp                          temp         000059
color_normalise@RGBC           cstackCOMRAM 00001E
color_normalise@RGBC_n         cstackCOMRAM 000026
color_read@RGBC                cstackCOMRAM 000008
color_writetoaddr@address      cstackCOMRAM 000007
color_writetoaddr@value        cstackCOMRAM 000006
end_of_initialization          cinit        001942
fputc@c                        cstackCOMRAM 000004
fputc@fp                       cstackCOMRAM 000006
i2_isDataInTxBuf               text31       001AA8
int$flags                      temp         000059
intlevel0                      text         000000
intlevel1                      text         000000
intlevel2                      text         000000
intlevel3                      text         000000
isa$std                        (abs)        000001
isa$xinst                      (abs)        000000
main@RGBC                      cstackBANK0  0000EC
main@RGBC_n                    cstackBANK0  0000E4
main@buf                       cstackBANK0  0000BC
putCharToRxBuf@byte            cstackCOMRAM 000001
putCharToTxBuf@byte            cstackCOMRAM 000004
sprintf@ap                     cstackCOMRAM 00002D
sprintf@f                      cstackCOMRAM 00002E
sprintf@fmt                    cstackCOMRAM 00001E
sprintf@s                      cstackCOMRAM 00001D
stackhi                        (abs)        000000
stacklo                        (abs)        000000
start                          init         000064
start_initialization           cinit        00191E
ttemp5                         temp         00005A
ttemp6                         temp         00005D
ttemp7                         temp         000061
vfpfcnvrt@ap                   cstackCOMRAM 000010
vfpfcnvrt@c                    cstackCOMRAM 000018
vfpfcnvrt@convarg              cstackCOMRAM 000014
vfpfcnvrt@cp                   cstackCOMRAM 000013
vfpfcnvrt@done                 cstackCOMRAM 000012
vfpfcnvrt@fmt                  cstackCOMRAM 00000F
vfpfcnvrt@fp                   cstackCOMRAM 00000E
vfprintf@ap                    cstackCOMRAM 00001B
vfprintf@cfmt                  cstackCOMRAM 00001C
vfprintf@fmt                   cstackCOMRAM 00001A
vfprintf@fp                    cstackCOMRAM 000019
white_Light@state              cstackCOMRAM 000004
wtemp8                         temp         00005A


MODULE INFORMATION

Module		Function		Class		Link	Load	Size
C:\Program Files\Microchip\xc8\v2.45\pic\sources\c99\common\aldiv.c
		___aldiv       		CODE           	12FC	0000	268

C:\Program Files\Microchip\xc8\v2.45\pic\sources\c99\common\aldiv.c estimated size: 268

serial.c
		_putCharToRxBuf		CODE           	19C8	0000	38
		_putCharToTxBuf		CODE           	19A2	0000	38
		_isDataInTxBuf 		CODE           	1A90	0000	24
		_TxBufferedString		CODE           	176A	0000	98
		_getCharFromTxBuf		CODE           	19EE	0000	38
		_sendTxBuf     		CODE           	1A76	0000	26
		_initUSART4    		CODE           	1A58	0000	30

serial.c estimated size: 292

color.c
		_color_writetoaddr		CODE           	1A38	0000	32
		_color_normalise		CODE           	11BA	0000	322
		_color_click_init		CODE           	18EA	0000	52
		_color_read    		CODE           	0E2C	0000	470
		_white_Light   		CODE           	1A14	0000	36

color.c estimated size: 912

interrupts.c
		_Interrupts_init		CODE           	1AEA	0000	10
		_HighISR       		CODE           	0008	0000	92

interrupts.c estimated size: 102

i2c.c
		_I2C_2_Master_Start		CODE           	1AE0	0000	10
		_I2C_2_Master_Read		CODE           	17CC	0000	66
		_I2C_2_Master_Idle		CODE           	197A	0000	40
		_I2C_2_Master_Init		CODE           	1950	0000	42
		_I2C_2_Master_Stop		CODE           	1AD6	0000	10
		_I2C_2_Master_RepStart		CODE           	1ACC	0000	10
		_I2C_2_Master_Write		CODE           	1AC0	0000	12

i2c.c estimated size: 190

C:\Program Files\Microchip\xc8\v2.45\pic\sources\c99\common\Umul32.c
		___lmul        		CODE           	1700	0000	106

C:\Program Files\Microchip\xc8\v2.45\pic\sources\c99\common\Umul32.c estimated size: 106

buggysetup.c
		_Buggy_init    		CODE           	184C	0000	54

buggysetup.c estimated size: 54

C:\Program Files\Microchip\xc8\v2.45\pic\sources\c99\common\nf_sprintf.c
		_sprintf       		CODE           	1882	0000	52

C:\Program Files\Microchip\xc8\v2.45\pic\sources\c99\common\nf_sprintf.c estimated size: 52

C:\Program Files\Microchip\xc8\v2.45\pic\sources\c99\common\awmod.c
		___awmod       		CODE           	15A6	0000	176

C:\Program Files\Microchip\xc8\v2.45\pic\sources\c99\common\awmod.c estimated size: 176

C:\Program Files\Microchip\xc8\v2.45\pic\sources\c99\common\putch.c
		_putch         		CODE           	1AF4	0000	2

C:\Program Files\Microchip\xc8\v2.45\pic\sources\c99\common\putch.c estimated size: 2

shared
		__initialization		CODE           	191E	0000	36
		i2_isDataInTxBuf		CODE           	1AA8	0000	24

shared estimated size: 60

C:\Program Files\Microchip\xc8\v2.45\pic\sources\c99\common\abs.c
		_abs           		CODE           	18B6	0000	52

C:\Program Files\Microchip\xc8\v2.45\pic\sources\c99\common\abs.c estimated size: 52

main.c
		_main          		CODE           	1408	0000	218

main.c estimated size: 218

C:\Program Files\Microchip\xc8\v2.45\pic\sources\c99\common\nf_fputc.c
		_fputc         		CODE           	1656	0000	170

C:\Program Files\Microchip\xc8\v2.45\pic\sources\c99\common\nf_fputc.c estimated size: 170

C:\Program Files\Microchip\xc8\v2.45\pic\sources\c99\common\doprnt.c
		_vfpfcnvrt     		CODE           	1002	0000	440
		_vfprintf      		CODE           	180E	0000	62

C:\Program Files\Microchip\xc8\v2.45\pic\sources\c99\common\doprnt.c estimated size: 502

C:\Program Files\Microchip\xc8\v2.45\pic\sources\c99\common\awdiv.c
		___awdiv       		CODE           	14E2	0000	196

C:\Program Files\Microchip\xc8\v2.45\pic\sources\c99\common\awdiv.c estimated size: 196

