Microchip MPLAB XC8 Compiler V2.45

Linker command line:

-W-3 \
  --edf=C:\Program Files\Microchip\xc8\v2.45\pic\dat\20230818022343_en.msgs \
  -cn \
  -h+dist/default/production\final-project-kenton-thomas.X.production.sym \
  --cmf=dist/default/production\final-project-kenton-thomas.X.production.cmf \
  -z -Q18F67K40 -oC:\Users\thoma\AppData\Local\Temp\xcAspsk.\driver_tmp_3.o \
  --defsym=__MPLAB_BUILD=1 --fixupoverflow=error \
  -Mdist/default/production/final-project-kenton-thomas.X.production.map \
  --md=C:\Users\thoma\AppData\Local\Temp\xcAspsk.\driver_tmp_0.dat -E1 \
  -ver=XC8 Compiler --acfsm=1493 -ACODE=00h-01FFFFh -ACONST=00h-01FFFFh \
  -ASMALLCONST=0E00h-0EFFhx498 -AMEDIUMCONST=0E00h-0FFFFh,010E00h-01FFFFh \
  -ACOMRAM=01h-05Fh -AABS1=00h-0DE9h -ABIGRAM=01h-0DE9h \
  -ARAM=060h-0FFh,0100h-01FFhx12,0D00h-0DE9h -ABANK0=060h-0FFh \
  -ABANK1=0100h-01FFh -ABANK2=0200h-02FFh -ABANK3=0300h-03FFh \
  -ABANK4=0400h-04FFh -ABANK5=0500h-05FFh -ABANK6=0600h-06FFh \
  -ABANK7=0700h-07FFh -ABANK8=0800h-08FFh -ABANK9=0900h-09FFh \
  -ABANK10=0A00h-0AFFh -ABANK11=0B00h-0BFFh -ABANK12=0C00h-0CFFh \
  -ABANK13=0D00h-0DE9h \
  -ASFR=0DEFh-0DFFh,0E00h-0EFFh,0F00h-0F5Fh,0F60h-0FFFh \
  -ABIGSFR=0DEFh-0FFFh -ACONFIG=0300000h-030000Bh -AIDLOC=0200000h-020000Fh \
  -AEEDATA=0310000h-03103FFh -peeprom_data=EEDATA \
  -preset_vec=00h,intcode=08h,intcodelo,powerup,init -pramtop=0E00h \
  -psmallconst=SMALLCONST -pmediumconst=MEDIUMCONST -pconst=CONST \
  -AFARRAM=00h-00h \
  -prdata=COMRAM,nvrram=COMRAM,nvbit=COMRAM,rbss=COMRAM,rbit=COMRAM \
  -pfarbss=FARRAM,fardata=FARRAM,nvFARRAM=FARRAM \
  -pintsave_regs=BIGRAM,bigbss=BIGRAM,bigdata=BIGRAM -pbss=RAM \
  -pidata=CODE,irdata=CODE,ibigdata=CODE,ifardata=CODE -prparam=COMRAM \
  C:\Users\thoma\AppData\Local\Temp\xcAspsk.\driver_tmp_9.o \
  dist/default/production\final-project-kenton-thomas.X.production.o 

Object code version is 3.11

Machine type is 18F67K40



                Name                               Link     Load   Length Selector   Space Scale
C:\Users\thoma\AppData\Local\Temp\xcAspsk.\driver_tmp_9.o
                config                           300000   300000        6        0       4
                init                                 98       98        4        4       0
                reset_vec                             0        0        4        0       0
dist/default/production\final-project-kenton-thomas.X.production.o
                intcode                               8        8       90        4       0
                config                           300000   300000        6        0       4
                temp                                 4B       4B        1        1       1
                smallconst                          E00      E00        2      700       0
                text48                             3A32     3A32       26      701       0
                text47                             3B2C     3B2C       18      701       0
                text46                             3A0C     3A0C       26      701       0
                text45                             39BE     39BE       28      701       0
                text44                             3BA4     3BA4        A      701       0
                text43                             3B9A     3B9A        A      701       0
                text42                             3B66     3B66        C      701       0
                text41                             3ABC     3ABC       20      701       0
                text40                             3680     3680       7A      701       0
                text38                             390E     390E       36      701       0
                text37                             3B44     3B44       16      701       0
                text36                             3A9C     3A9C       20      701       0
                text35                             3B14     3B14       18      701       0
                text34                             3AFA     3AFA       1A      701       0
                text33                             34B2     34B2       C4      701       0
                text32                             3846     3846       4E      701       0
                text31                             36FA     36FA       74      701       0
                text30                             39E6     39E6       26      701       0
                text29                             2F04     2F04      16C      701       0
                text28                             2D30     2D30      1D4      701       0
                text27                             2B5C     2B5C      1D4      701       0
                text26                             24EE     24EE      29A      701       0
                text25                             3944     3944       2A      701       0
                text24                             3996     3996       28      701       0
                text23                             3B90     3B90        A      701       0
                text22                             3B86     3B86        A      701       0
                text21                             3B5A     3B5A        C      701       0
                text20                             3A7C     3A7C       20      701       0
                text19                             3606     3606       7A      701       0
                text18                             38D6     38D6       38      701       0
                text17                             31BA     31BA      10C      701       0
                text16                             37DC     37DC       6A      701       0
                text15                             3070     3070      14A      701       0
                text14                             3894     3894       42      701       0
                text13                             3B7C     3B7C        A      701       0
                text12                             2788     2788      1EE      701       0
                text11                             3576     3576       90      701       0
                text10                             3ADC     3ADC       1E      701       0
                text9                              33CE     33CE       E4      701       0
                text8                              396E     396E       28      701       0
                text7                              3B72     3B72        A      701       0
                text6                              2976     2976      1E6      701       0
                text5                              32C6     32C6      108      701       0
                text4                              14BE     14BE      6A0      701       0
                text3                               E02      E02      6BC      701       0
                text2                              1B5E     1B5E      656      701       0
                text1                              3A58     3A58       24      701       0
                text0                              21B4     21B4      33A      701       0
                cstackCOMRAM                          1        1       44        1       1
                cstackBANK0                          D8       D8       10       60       1
                cstackBANK1                         100      100       D2      100       1
                bssBANK2                            200      200       52      200       1
                dataBANK1                           1FC      1FC        4      100       1
                bssBANK1                            1D2      1D2       2A      100       1
                bssBANK0                             60       60       78       60       1
                dataCOMRAM                           49       49        2        1       1
                bssCOMRAM                            45       45        4        1       1
                cinit                              376E     376E       6E      701       0
                idataBANK1                         3BAE     3BAE        4      701       0
                idataCOMRAM                        3BB2     3BB2        2      701       0

TOTAL           Name                               Link     Load   Length     Space
        CLASS   CODE           
                intcode                               8        8       90         0
                init                                 98       98        4         0
                reset_vec                             0        0        4         0
                text48                             3A32     3A32       26         0
                text47                             3B2C     3B2C       18         0
                text46                             3A0C     3A0C       26         0
                text45                             39BE     39BE       28         0
                text44                             3BA4     3BA4        A         0
                text43                             3B9A     3B9A        A         0
                text42                             3B66     3B66        C         0
                text41                             3ABC     3ABC       20         0
                text40                             3680     3680       7A         0
                text38                             390E     390E       36         0
                text37                             3B44     3B44       16         0
                text36                             3A9C     3A9C       20         0
                text35                             3B14     3B14       18         0
                text34                             3AFA     3AFA       1A         0
                text33                             34B2     34B2       C4         0
                text32                             3846     3846       4E         0
                text31                             36FA     36FA       74         0
                text30                             39E6     39E6       26         0
                text29                             2F04     2F04      16C         0
                text28                             2D30     2D30      1D4         0
                text27                             2B5C     2B5C      1D4         0
                text26                             24EE     24EE      29A         0
                text25                             3944     3944       2A         0
                text24                             3996     3996       28         0
                text23                             3B90     3B90        A         0
                text22                             3B86     3B86        A         0
                text21                             3B5A     3B5A        C         0
                text20                             3A7C     3A7C       20         0
                text19                             3606     3606       7A         0
                text18                             38D6     38D6       38         0
                text17                             31BA     31BA      10C         0
                text16                             37DC     37DC       6A         0
                text15                             3070     3070      14A         0
                text14                             3894     3894       42         0
                text13                             3B7C     3B7C        A         0
                text12                             2788     2788      1EE         0
                text11                             3576     3576       90         0
                text10                             3ADC     3ADC       1E         0
                text9                              33CE     33CE       E4         0
                text8                              396E     396E       28         0
                text7                              3B72     3B72        A         0
                text6                              2976     2976      1E6         0
                text5                              32C6     32C6      108         0
                text4                              14BE     14BE      6A0         0
                text3                               E02      E02      6BC         0
                text2                              1B5E     1B5E      656         0
                text1                              3A58     3A58       24         0
                text0                              21B4     21B4      33A         0
                cinit                              376E     376E       6E         0
                idataBANK1                         3BAE     3BAE        4         0
                idataCOMRAM                        3BB2     3BB2        2         0

        CLASS   CONST          

        CLASS   SMALLCONST     
                smallconst                          E00      E00        2         0

        CLASS   MEDIUMCONST    

        CLASS   COMRAM         
                temp                                 4B       4B        1         1
                cstackCOMRAM                          1        1       44         1
                dataCOMRAM                           49       49        2         1
                bssCOMRAM                            45       45        4         1

        CLASS   ABS1           

        CLASS   BIGRAM         

        CLASS   RAM            

        CLASS   BANK0          
                cstackBANK0                          D8       D8       10         1
                bssBANK0                             60       60       78         1

        CLASS   BANK1          
                cstackBANK1                         100      100       D2         1
                dataBANK1                           1FC      1FC        4         1
                bssBANK1                            1D2      1D2       2A         1

        CLASS   BANK2          
                bssBANK2                            200      200       52         1

        CLASS   BANK3          

        CLASS   BANK4          

        CLASS   BANK5          

        CLASS   BANK6          

        CLASS   BANK7          

        CLASS   BANK8          

        CLASS   BANK9          

        CLASS   BANK10         

        CLASS   BANK11         

        CLASS   BANK12         

        CLASS   BANK13         

        CLASS   SFR            

        CLASS   BIGSFR         

        CLASS   CONFIG         
                config                           300000   300000        6         4

        CLASS   IDLOC          

        CLASS   EEDATA         

        CLASS   FARRAM         

        CLASS   HEAP           

        CLASS   STACK          



SEGMENTS        Name                           Load    Length   Top    Selector   Space  Class

                reset_vec                      000000  000004  000004         0       0  CODE    
                cstackCOMRAM                   000001  00004B  00004C         1       1  COMRAM  
                intcode                        000008  000094  00009C         4       0  CODE    
                bssBANK0                       000060  000088  0000E8        60       1  BANK0   
                cstackBANK1                    000100  000100  000200       100       1  BANK1   
                bssBANK2                       000200  000052  000252       200       1  BANK2   
                smallconst                     000E00  000002  000E02       700       0  SMALLCON
                text3                          000E02  002DB2  003BB4       701       0  CODE    


UNUSED ADDRESS RANGES

        Name                Unused          Largest block    Delta
        BANK0            0000E8-0000FF               18
        BANK10           000A00-000AFF              100
        BANK11           000B00-000BFF              100
        BANK12           000C00-000CFF              100
        BANK13           000D00-000DE9               EA
        BANK2            000252-0002FF               AE
        BANK3            000300-0003FF              100
        BANK4            000400-0004FF              100
        BANK5            000500-0005FF              100
        BANK6            000600-0006FF              100
        BANK7            000700-0007FF              100
        BANK8            000800-0008FF              100
        BANK9            000900-0009FF              100
        BIGRAM           00004C-00005F               14
                         0000E8-0000FF               18
                         000252-000DE9              B98
        BIGSFR           000DEF-000FFF              211
        CODE             000004-000007                4
                         00009C-000DFF              D64
                         003BB4-01FFFF            1C44C
        COMRAM           00004C-00005F               14
        CONFIG           300006-30000B                6
        CONST            000004-000007                4
                         00009C-000DFF              D64
                         003BB4-01FFFF            1C44C
        EEDATA           310000-3103FF              400
        IDLOC            200000-20000F               10
        MEDIUMCONST      003BB4-00FFFF             C44C
                         010E00-01FFFF             F200
        RAM              0000E8-0000FF               18
                         000252-000DE9              100
        SFR              000DEF-000FFF              100
        SMALLCONST       003BB4-01FFFF              100

                                  Symbol Table

?___aldiv                                    cstackCOMRAM 000018
?___awdiv                                    cstackCOMRAM 00000C
?___lmul                                     cstackCOMRAM 00000C
?___lwdiv                                    cstackCOMRAM 000012
?___wmul                                     cstackCOMRAM 00000C
?_get16bitTMR0val                            cstackCOMRAM 00000C
ADC_getval@tmpval                            cstackCOMRAM 00000C
I2C_2_Master_Read@ack                        cstackCOMRAM 00000E
I2C_2_Master_Read@tmp                        cstackCOMRAM 00000F
I2C_2_Master_Write@data_byte                 cstackCOMRAM 00000D
_ADCON0bits                                  (abs)        000F60
_ADC_getval                                  text35       003B14
_ADC_init                                    text34       003AFA
_ADPCH                                       (abs)        000F5F
_ADREFbits                                   (abs)        000F58
_ADRESH                                      (abs)        000F64
_ANSELBbits                                  (abs)        000E9A
_ANSELDbits                                  (abs)        000EA7
_ANSELFbits                                  (abs)        000EB4
_BAUD4CONbits                                (abs)        000EE9
_Buggy_init                                  text38       00390E
_CCP1CONbits                                 (abs)        000FAB
_CCP2CONbits                                 (abs)        000FA7
_CCP3CONbits                                 (abs)        000F26
_CCP4CONbits                                 (abs)        000F22
_CCPR1H                                      (abs)        000FAA
_CCPR2H                                      (abs)        000FA6
_CCPR3H                                      (abs)        000F25
_CCPR4H                                      (abs)        000F21
_CCPTMRS0bits                                (abs)        000FAD
_EUSART4RXbuf                                bssBANK0     0000C4
_EUSART4TXbuf                                bssBANK0     000060
_HighISR                                     intcode      000008
_I2C_2_Master_Idle                           text24       003996
_I2C_2_Master_Init                           text25       003944
_I2C_2_Master_Read                           text14       003894
_I2C_2_Master_RepStart                       text13       003B7C
_I2C_2_Master_Start                          text23       003B90
_I2C_2_Master_Stop                           text22       003B86
_I2C_2_Master_Write                          text21       003B5A
_INTCONbits                                  (abs)        000FF2
_IPR0bits                                    (abs)        000E1F
_Interrupts_init                             text37       003B44
_LATAbits                                    (abs)        000F79
_LATCbits                                    (abs)        000F7B
_LATDbits                                    (abs)        000F7C
_LATEbits                                    (abs)        000F7D
_LATFbits                                    (abs)        000F7E
_LATGbits                                    (abs)        000F7F
_LATHbits                                    (abs)        000F80
_PIE0bits                                    (abs)        000E29
_PIE4bits                                    (abs)        000E2D
_PIR0bits                                    (abs)        000E33
_PIR4bits                                    (abs)        000E37
_PORTFbits                                   (abs)        000F8E
_RC0PPS                                      (abs)        000E62
_RC4REG                                      (abs)        000EE3
_RC4STAbits                                  (abs)        000EE7
_RC7PPS                                      (abs)        000E69
_RD5PPS                                      (abs)        000E6F
_RD6PPS                                      (abs)        000E70
_RE2PPS                                      (abs)        000E74
_RE4PPS                                      (abs)        000E76
_RG6PPS                                      (abs)        000E88
_RX4PPS                                      (abs)        000E15
_RxBufReadCnt                                bssCOMRAM    000047
_RxBufWriteCnt                               bssCOMRAM    000048
_SP4BRGH                                     (abs)        000EE6
_SP4BRGL                                     (abs)        000EE5
_SSP2ADD                                     (abs)        000ED6
_SSP2BUF                                     (abs)        000ED5
_SSP2CLKPPS                                  (abs)        000E1C
_SSP2CON1bits                                (abs)        000ED9
_SSP2CON2                                    (abs)        000EDA
_SSP2CON2bits                                (abs)        000EDA
_SSP2DATPPS                                  (abs)        000E1D
_SSP2STAT                                    (abs)        000ED8
_T0CON0bits                                  (abs)        000FD5
_T0CON1bits                                  (abs)        000FD6
_T2CLKCONbits                                (abs)        000FBF
_T2CONbits                                   (abs)        000FBD
_T2HLTbits                                   (abs)        000FBE
_T2PR                                        (abs)        000FBC
_TMR0H                                       (abs)        000FD4
_TMR0IE                                      (abs)        00714D
_TMR0IF                                      (abs)        00719D
_TMR0L                                       (abs)        000FD3
_TRISAbits                                   (abs)        000F81
_TRISBbits                                   (abs)        000F82
_TRISCbits                                   (abs)        000F83
_TRISDbits                                   (abs)        000F84
_TRISEbits                                   (abs)        000F85
_TRISFbits                                   (abs)        000F86
_TRISGbits                                   (abs)        000F87
_TRISHbits                                   (abs)        000F88
_TX4REG                                      (abs)        000EE4
_TX4STAbits                                  (abs)        000EE8
_Timer0_init                                 text36       003A9C
_TxBufReadCnt                                bssCOMRAM    000045
_TxBufWriteCnt                               bssCOMRAM    000046
__HRAM                                       (abs)        000000
__H__absolute__                              __absolute__ 000000
__Habs1                                      abs1         000000
__Hbank0                                     bank0        000000
__Hbank1                                     bank1        000000
__Hbank10                                    bank10       000000
__Hbank11                                    bank11       000000
__Hbank12                                    bank12       000000
__Hbank13                                    bank13       000000
__Hbank2                                     bank2        000000
__Hbank3                                     bank3        000000
__Hbank4                                     bank4        000000
__Hbank5                                     bank5        000000
__Hbank6                                     bank6        000000
__Hbank7                                     bank7        000000
__Hbank8                                     bank8        000000
__Hbank9                                     bank9        000000
__Hbigbss                                    bigbss       000000
__Hbigdata                                   bigdata      000000
__Hbigram                                    bigram       000000
__Hbigsfr                                    bigsfr       000000
__Hbss                                       bss          000000
__HbssBANK0                                  bssBANK0     000000
__HbssBANK1                                  bssBANK1     000000
__HbssBANK2                                  bssBANK2     000000
__HbssCOMRAM                                 bssCOMRAM    000000
__Hcinit                                     cinit        000000
__Hclrtext                                   clrtext      000000
__Hcomram                                    comram       000000
__Hconfig                                    config       300006
__Hconst                                     const        000000
__HcstackBANK0                               cstackBANK0  000000
__HcstackBANK1                               cstackBANK1  000000
__HcstackCOMRAM                              cstackCOMRAM 000000
__Hdata                                      data         000000
__HdataBANK1                                 dataBANK1    000000
__HdataCOMRAM                                dataCOMRAM   000000
__Heeprom_data                               eeprom_data  000000
__Hfarbss                                    farbss       000000
__Hfardata                                   fardata      000000
__Hheap                                      heap         000000
__Hibigdata                                  ibigdata     000000
__Hidata                                     idata        000000
__HidataBANK1                                idataBANK1   000000
__HidataCOMRAM                               idataCOMRAM  000000
__Hidloc                                     idloc        000000
__Hifardata                                  ifardata     000000
__Hinit                                      init         00009C
__Hintcode                                   intcode      000098
__Hintcode_body                              intcode_body 000000
__Hintcodelo                                 intcodelo    000098
__Hintentry                                  intentry     000000
__Hintret                                    intret       000000
__Hintsave_regs                              intsave_regs 000000
__Hirdata                                    irdata       000000
__Hmediumconst                               mediumconst  000000
__HnvFARRAM                                  nvFARRAM     000000
__Hnvbit                                     nvbit        000000
__Hnvrram                                    nvrram       000000
__Hparam                                     rparam       000000
__Hpowerup                                   powerup      000098
__Hram                                       ram          000000
__Hramtop                                    ramtop       000E00
__Hrbit                                      rbit         000000
__Hrbss                                      rbss         000000
__Hrdata                                     rdata        000000
__Hreset_vec                                 reset_vec    000004
__Hrparam                                    rparam       000000
__Hsfr                                       sfr          000000
__Hsmallconst                                smallconst   000E02
__Hspace_0                                   (abs)        003BB4
__Hspace_1                                   (abs)        000252
__Hspace_2                                   (abs)        000000
__Hspace_4                                   (abs)        600006
__Hstack                                     stack        000000
__Hstruct                                    struct       000000
__Htemp                                      temp         00004C
__Htext                                      text         000000
__Htext0                                     text0        000000
__Htext1                                     text1        000000
__Htext10                                    text10       000000
__Htext11                                    text11       000000
__Htext12                                    text12       000000
__Htext13                                    text13       000000
__Htext14                                    text14       000000
__Htext15                                    text15       000000
__Htext16                                    text16       000000
__Htext17                                    text17       000000
__Htext18                                    text18       000000
__Htext19                                    text19       000000
__Htext2                                     text2        000000
__Htext20                                    text20       000000
__Htext21                                    text21       000000
__Htext22                                    text22       000000
__Htext23                                    text23       000000
__Htext24                                    text24       000000
__Htext25                                    text25       000000
__Htext26                                    text26       000000
__Htext27                                    text27       000000
__Htext28                                    text28       000000
__Htext29                                    text29       000000
__Htext3                                     text3        000000
__Htext30                                    text30       000000
__Htext31                                    text31       000000
__Htext32                                    text32       000000
__Htext33                                    text33       000000
__Htext34                                    text34       000000
__Htext35                                    text35       000000
__Htext36                                    text36       000000
__Htext37                                    text37       000000
__Htext38                                    text38       000000
__Htext4                                     text4        000000
__Htext40                                    text40       000000
__Htext41                                    text41       000000
__Htext42                                    text42       000000
__Htext43                                    text43       000000
__Htext44                                    text44       000000
__Htext45                                    text45       000000
__Htext46                                    text46       000000
__Htext47                                    text47       000000
__Htext48                                    text48       000000
__Htext5                                     text5        000000
__Htext6                                     text6        000000
__Htext7                                     text7        000000
__Htext8                                     text8        000000
__Htext9                                     text9        000000
__LRAM                                       (abs)        000001
__L__absolute__                              __absolute__ 000000
__Labs1                                      abs1         000000
__Lbank0                                     bank0        000000
__Lbank1                                     bank1        000000
__Lbank10                                    bank10       000000
__Lbank11                                    bank11       000000
__Lbank12                                    bank12       000000
__Lbank13                                    bank13       000000
__Lbank2                                     bank2        000000
__Lbank3                                     bank3        000000
__Lbank4                                     bank4        000000
__Lbank5                                     bank5        000000
__Lbank6                                     bank6        000000
__Lbank7                                     bank7        000000
__Lbank8                                     bank8        000000
__Lbank9                                     bank9        000000
__Lbigbss                                    bigbss       000000
__Lbigdata                                   bigdata      000000
__Lbigram                                    bigram       000000
__Lbigsfr                                    bigsfr       000000
__Lbss                                       bss          000000
__LbssBANK0                                  bssBANK0     000000
__LbssBANK1                                  bssBANK1     000000
__LbssBANK2                                  bssBANK2     000000
__LbssCOMRAM                                 bssCOMRAM    000000
__Lcinit                                     cinit        000000
__Lclrtext                                   clrtext      000000
__Lcomram                                    comram       000000
__Lconfig                                    config       000000
__Lconst                                     const        000000
__LcstackBANK0                               cstackBANK0  000000
__LcstackBANK1                               cstackBANK1  000000
__LcstackCOMRAM                              cstackCOMRAM 000000
__Ldata                                      data         000000
__LdataBANK1                                 dataBANK1    000000
__LdataCOMRAM                                dataCOMRAM   000000
__Leeprom_data                               eeprom_data  000000
__Lfarbss                                    farbss       000000
__Lfardata                                   fardata      000000
__Lheap                                      heap         000000
__Libigdata                                  ibigdata     000000
__Lidata                                     idata        000000
__LidataBANK1                                idataBANK1   000000
__LidataCOMRAM                               idataCOMRAM  000000
__Lidloc                                     idloc        000000
__Lifardata                                  ifardata     000000
__Linit                                      init         000098
__Lintcode                                   intcode      000008
__Lintcode_body                              intcode_body 000000
__Lintcodelo                                 intcodelo    000098
__Lintentry                                  intentry     000000
__Lintret                                    intret       000000
__Lintsave_regs                              intsave_regs 000000
__Lirdata                                    irdata       000000
__Lmediumconst                               mediumconst  000000
__LnvFARRAM                                  nvFARRAM     000000
__Lnvbit                                     nvbit        000000
__Lnvrram                                    nvrram       000000
__Lparam                                     rparam       000000
__Lpowerup                                   powerup      000098
__Lram                                       ram          000000
__Lramtop                                    ramtop       000E00
__Lrbit                                      rbit         000000
__Lrbss                                      rbss         000000
__Lrdata                                     rdata        000000
__Lreset_vec                                 reset_vec    000000
__Lrparam                                    rparam       000000
__Lsfr                                       sfr          000000
__Lsmallconst                                smallconst   000E00
__Lspace_0                                   (abs)        000000
__Lspace_1                                   (abs)        000000
__Lspace_2                                   (abs)        000000
__Lspace_4                                   (abs)        000000
__Lstack                                     stack        000000
__Lstruct                                    struct       000000
__Ltemp                                      temp         00004B
__Ltext                                      text         000000
__Ltext0                                     text0        000000
__Ltext1                                     text1        000000
__Ltext10                                    text10       000000
__Ltext11                                    text11       000000
__Ltext12                                    text12       000000
__Ltext13                                    text13       000000
__Ltext14                                    text14       000000
__Ltext15                                    text15       000000
__Ltext16                                    text16       000000
__Ltext17                                    text17       000000
__Ltext18                                    text18       000000
__Ltext19                                    text19       000000
__Ltext2                                     text2        000000
__Ltext20                                    text20       000000
__Ltext21                                    text21       000000
__Ltext22                                    text22       000000
__Ltext23                                    text23       000000
__Ltext24                                    text24       000000
__Ltext25                                    text25       000000
__Ltext26                                    text26       000000
__Ltext27                                    text27       000000
__Ltext28                                    text28       000000
__Ltext29                                    text29       000000
__Ltext3                                     text3        000000
__Ltext30                                    text30       000000
__Ltext31                                    text31       000000
__Ltext32                                    text32       000000
__Ltext33                                    text33       000000
__Ltext34                                    text34       000000
__Ltext35                                    text35       000000
__Ltext36                                    text36       000000
__Ltext37                                    text37       000000
__Ltext38                                    text38       000000
__Ltext4                                     text4        000000
__Ltext40                                    text40       000000
__Ltext41                                    text41       000000
__Ltext42                                    text42       000000
__Ltext43                                    text43       000000
__Ltext44                                    text44       000000
__Ltext45                                    text45       000000
__Ltext46                                    text46       000000
__Ltext47                                    text47       000000
__Ltext48                                    text48       000000
__Ltext5                                     text5        000000
__Ltext6                                     text6        000000
__Ltext7                                     text7        000000
__Ltext8                                     text8        000000
__Ltext9                                     text9        000000
__S0                                         (abs)        003BB4
__S1                                         (abs)        000252
__S4                                         (abs)        000000
__S5                                         (abs)        000000
___aldiv                                     text17       0031BA
___aldiv@counter                             cstackCOMRAM 000020
___aldiv@dividend                            cstackCOMRAM 000018
___aldiv@divisor                             cstackCOMRAM 00001C
___aldiv@quotient                            cstackCOMRAM 000022
___aldiv@sign                                cstackCOMRAM 000021
___awdiv                                     text33       0034B2
___awdiv@counter                             cstackCOMRAM 000010
___awdiv@dividend                            cstackCOMRAM 00000C
___awdiv@divisor                             cstackCOMRAM 00000E
___awdiv@quotient                            cstackCOMRAM 000012
___awdiv@sign                                cstackCOMRAM 000011
___heap_hi                                   (abs)        000000
___heap_lo                                   (abs)        000000
___inthi_sp                                  stack        000000
___inthi_stack_hi                            stack        000000
___inthi_stack_lo                            stack        000000
___intlo_sp                                  stack        000000
___intlo_stack_hi                            stack        000000
___intlo_stack_lo                            stack        000000
___lmul                                      text16       0037DC
___lmul@multiplicand                         cstackCOMRAM 000010
___lmul@multiplier                           cstackCOMRAM 00000C
___lmul@product                              cstackCOMRAM 000014
___lwdiv                                     text31       0036FA
___lwdiv@counter                             cstackCOMRAM 000018
___lwdiv@dividend                            cstackCOMRAM 000012
___lwdiv@divisor                             cstackCOMRAM 000014
___lwdiv@quotient                            cstackCOMRAM 000016
___param_bank                                (abs)        000000
___rparam_used                               (abs)        000001
___sp                                        stack        000000
___stack_hi                                  stack        000000
___stack_lo                                  stack        000000
___wmul                                      text30       0039E6
___wmul@multiplicand                         cstackCOMRAM 00000E
___wmul@multiplier                           cstackCOMRAM 00000C
___wmul@product                              cstackCOMRAM 000010
__accesstop                                  (abs)        000060
__activetblptr                               (abs)        000000
__end_of_ADC_getval                          text35       003B2C
__end_of_ADC_init                            text34       003B14
__end_of_Buggy_init                          text38       003944
__end_of_HighISR                             intcode      000098
__end_of_I2C_2_Master_Idle                   text24       0039BE
__end_of_I2C_2_Master_Init                   text25       00396E
__end_of_I2C_2_Master_Read                   text14       0038D6
__end_of_I2C_2_Master_RepStart               text13       003B86
__end_of_I2C_2_Master_Start                  text23       003B9A
__end_of_I2C_2_Master_Stop                   text22       003B90
__end_of_I2C_2_Master_Write                  text21       003B66
__end_of_Interrupts_init                     text37       003B5A
__end_of_Timer0_init                         text36       003ABC
__end_of___aldiv                             text17       0032C6
__end_of___awdiv                             text33       003576
__end_of___lmul                              text16       003846
__end_of___lwdiv                             text31       00376E
__end_of___wmul                              text30       003A0C
__end_of__initialization                     cinit        0037D2
__end_of_batteryLevel                        text32       003894
__end_of_calibration                         text26       002788
__end_of_color_clear_init_interrupts         text19       003680
__end_of_color_click_init                    text18       00390E
__end_of_color_normalise                     text15       0031BA
__end_of_color_read                          text12       002976
__end_of_color_writetoaddr                   text20       003A9C
__end_of_fullSpeedAhead                      text9        0034B2
__end_of_get16bitTMR0val                     text8        003996
__end_of_getCharFromTxBuf                    text48       003A58
__end_of_initDCmotorsPWM                     text11       003606
__end_of_initUSART4                          text10       003AFA
__end_of_isDataInTxBuf                       text47       003B44
__end_of_lostReturnHome                      text4        001B5E
__end_of_main                                text0        0024EE
__end_of_move                                text2        0021B4
__end_of_putCharToRxBuf                      text46       003A32
__end_of_resetTimer                          text7        003B7C
__end_of_returnHome                          text3        0014BE
__end_of_reverseOneSquare                    text6        002B5C
__end_of_setMotorPWM                         text29       003070
__end_of_stop                                text5        0033CE
__end_of_turnLeft                            text28       002F04
__end_of_turnRight                           text27       002D30
__end_of_white_Light                         text1        003A7C
__end_ofi2_I2C_2_Master_Idle                 text45       0039E6
__end_ofi2_I2C_2_Master_Start                text44       003BAE
__end_ofi2_I2C_2_Master_Stop                 text43       003BA4
__end_ofi2_I2C_2_Master_Write                text42       003B72
__end_ofi2_color_clear_init_interrupts       text40       0036FA
__end_ofi2_color_writetoaddr                 text41       003ADC
__initialization                             cinit        00376E
__mediumconst                                mediumconst  000000
__pbssBANK0                                  bssBANK0     000060
__pbssBANK1                                  bssBANK1     0001D2
__pbssBANK2                                  bssBANK2     000200
__pbssCOMRAM                                 bssCOMRAM    000045
__pcinit                                     cinit        00376E
__pcstackBANK0                               cstackBANK0  0000D8
__pcstackBANK1                               cstackBANK1  000100
__pcstackCOMRAM                              cstackCOMRAM 000001
__pdataBANK1                                 dataBANK1    0001FC
__pdataCOMRAM                                dataCOMRAM   000049
__pidataBANK1                                idataBANK1   003BAE
__pidataCOMRAM                               idataCOMRAM  003BB2
__pintcode                                   intcode      000008
__psmallconst                                smallconst   000E00
__ptext0                                     text0        0021B4
__ptext1                                     text1        003A58
__ptext10                                    text10       003ADC
__ptext11                                    text11       003576
__ptext12                                    text12       002788
__ptext13                                    text13       003B7C
__ptext14                                    text14       003894
__ptext15                                    text15       003070
__ptext16                                    text16       0037DC
__ptext17                                    text17       0031BA
__ptext18                                    text18       0038D6
__ptext19                                    text19       003606
__ptext2                                     text2        001B5E
__ptext20                                    text20       003A7C
__ptext21                                    text21       003B5A
__ptext22                                    text22       003B86
__ptext23                                    text23       003B90
__ptext24                                    text24       003996
__ptext25                                    text25       003944
__ptext26                                    text26       0024EE
__ptext27                                    text27       002B5C
__ptext28                                    text28       002D30
__ptext29                                    text29       002F04
__ptext3                                     text3        000E02
__ptext30                                    text30       0039E6
__ptext31                                    text31       0036FA
__ptext32                                    text32       003846
__ptext33                                    text33       0034B2
__ptext34                                    text34       003AFA
__ptext35                                    text35       003B14
__ptext36                                    text36       003A9C
__ptext37                                    text37       003B44
__ptext38                                    text38       00390E
__ptext4                                     text4        0014BE
__ptext40                                    text40       003680
__ptext41                                    text41       003ABC
__ptext42                                    text42       003B66
__ptext43                                    text43       003B9A
__ptext44                                    text44       003BA4
__ptext45                                    text45       0039BE
__ptext46                                    text46       003A0C
__ptext47                                    text47       003B2C
__ptext48                                    text48       003A32
__ptext5                                     text5        0032C6
__ptext6                                     text6        002976
__ptext7                                     text7        003B72
__ptext8                                     text8        00396E
__ptext9                                     text9        0033CE
__ramtop                                     ramtop       000E00
__smallconst                                 smallconst   000E00
_ambient                                     dataCOMRAM   000049
_batteryLevel                                text32       003846
_calibration                                 text26       0024EE
_color_clear_init_interrupts                 text19       003606
_color_click_init                            text18       0038D6
_color_normalise                             text15       003070
_color_read                                  text12       002788
_color_writetoaddr                           text20       003A7C
_fullSpeedAhead                              text9        0033CE
_get16bitTMR0val                             text8        00396E
_getCharFromTxBuf                            text48       003A32
_initDCmotorsPWM                             text11       003576
_initUSART4                                  text10       003ADC
_isDataInTxBuf                               text47       003B2C
_lost                                        bssBANK1     0001FA
_lostReturnHome                              text4        0014BE
_main                                        text0        0021B4
_move                                        text2        001B5E
_putCharToRxBuf                              text46       003A0C
_resetTimer                                  text7        003B72
_returnHome                                  text3        000E02
_reverseOneSquare                            text6        002976
_setMotorPWM                                 text29       002F04
_stop                                        text5        0032C6
_turnLeft                                    text28       002D30
_turnRight                                   text27       002B5C
_wall                                        bssBANK1     0001FB
_white_Light                                 text1        003A58
batteryLevel@batteryQuarter                  cstackCOMRAM 000015
batteryLevel@batteryVoltage                  cstackCOMRAM 000014
btemp                                        temp         00004B
calibration@mL                               cstackCOMRAM 00002D
calibration@mR                               cstackCOMRAM 00002F
calibration@turnDuration                     cstackCOMRAM 000032
calibration@turnRamp                         cstackCOMRAM 000034
calibration@turnSpeed                        cstackCOMRAM 000031
color_clear_init_interrupts@high_threshold   cstackCOMRAM 000011
color_clear_init_interrupts@low_threshold    cstackCOMRAM 000013
color_normalise@RGBC                         cstackCOMRAM 000026
color_normalise@RGBC_n                       cstackCOMRAM 00002E
color_read@RGBC                              cstackCOMRAM 000010
color_writetoaddr@address                    cstackCOMRAM 00000F
color_writetoaddr@value                      cstackCOMRAM 00000E
end_of_initialization                        cinit        0037D2
fullSpeedAhead@cur_power                     cstackCOMRAM 00002A
fullSpeedAhead@i                             cstackCOMRAM 000028
fullSpeedAhead@mL                            cstackCOMRAM 00001F
fullSpeedAhead@mR                            cstackCOMRAM 000021
fullSpeedAhead@straightRamp                  cstackCOMRAM 000024
fullSpeedAhead@straightSpeed                 cstackCOMRAM 000023
get16bitTMR0val@timer_high                   cstackCOMRAM 000012
get16bitTMR0val@timer_low                    cstackCOMRAM 000010
get16bitTMR0val@timer_val                    cstackCOMRAM 000014
i2I2C_2_Master_Write@data_byte               cstackCOMRAM 000002
i2_I2C_2_Master_Idle                         text45       0039BE
i2_I2C_2_Master_Start                        text44       003BA4
i2_I2C_2_Master_Stop                         text43       003B9A
i2_I2C_2_Master_Write                        text42       003B66
i2_color_clear_init_interrupts               text40       003680
i2_color_writetoaddr                         text41       003ABC
i2color_clear_init_interrupts@high_threshold cstackCOMRAM 000006
i2color_clear_init_interrupts@low_threshold  cstackCOMRAM 000008
i2color_writetoaddr@address                  cstackCOMRAM 000004
i2color_writetoaddr@value                    cstackCOMRAM 000003
initDCmotorsPWM@PWMperiod                    cstackCOMRAM 00000C
int$flags                                    temp         00004B
intlevel0                                    text         000000
intlevel1                                    text         000000
intlevel2                                    text         000000
intlevel3                                    text         000000
isa$std                                      (abs)        000001
isa$xinst                                    (abs)        000000
lostReturnHome@curMove                       cstackCOMRAM 000035
lostReturnHome@i                             cstackCOMRAM 000040
lostReturnHome@mL                            cstackCOMRAM 00002D
lostReturnHome@mR                            cstackCOMRAM 00002F
lostReturnHome@moveSequence                  cstackCOMRAM 000031
lostReturnHome@reverseDuration               cstackCOMRAM 000037
lostReturnHome@straightRamp                  cstackCOMRAM 000038
lostReturnHome@straightSpeed                 cstackCOMRAM 000036
lostReturnHome@straightTime                  cstackCOMRAM 000033
lostReturnHome@turnDuration                  cstackCOMRAM 00003A
lostReturnHome@turnRamp                      cstackCOMRAM 00003B
lostReturnHome@turnSpeed                     cstackCOMRAM 000039
main@F14616                                  dataBANK1    0001FC
main@RGBC                                    cstackBANK1  0001B6
main@RGBC_n                                  cstackBANK1  0001A6
main@buf                                     cstackBANK1  000100
main@color                                   cstackBANK1  0001B2
main@curMove                                 cstackBANK1  0001B4
main@motorL                                  cstackBANK1  0001C8
main@motorR                                  cstackBANK1  0001BE
main@moveSequence                            cstackBANK1  00017A
main@reverseDuration                         cstackBANK1  0001AE
main@straightRamp                            cstackBANK1  0001B3
main@straightSpeed                           cstackBANK1  0001AF
main@straightTime                            cstackBANK1  000128
main@testSequence                            cstackBANK1  0001A2
main@turnDuration                            cstackBANK1  0001B5
main@turnRamp                                cstackBANK1  0001B1
main@turnSpeed                               cstackBANK1  0001B0
move@color                                   cstackBANK0  0000DC
move@curMove                                 cstackBANK0  0000E1
move@mL                                      cstackBANK0  0000D8
move@mR                                      cstackBANK0  0000DA
move@moveSequence                            cstackBANK0  0000DD
move@reverseDuration                         cstackBANK0  0000E3
move@straightRamp                            cstackBANK0  0000E4
move@straightSpeed                           cstackBANK0  0000E2
move@straightTime                            cstackBANK0  0000DF
move@turnDuration                            cstackBANK0  0000E6
move@turnRamp                                cstackBANK0  0000E7
move@turnSpeed                               cstackBANK0  0000E5
putCharToRxBuf@byte                          cstackCOMRAM 000001
returnHome@curMove                           cstackCOMRAM 000035
returnHome@i                                 cstackCOMRAM 000040
returnHome@mL                                cstackCOMRAM 00002D
returnHome@mR                                cstackCOMRAM 00002F
returnHome@moveSequence                      cstackCOMRAM 000031
returnHome@reverseDuration                   cstackCOMRAM 000037
returnHome@straightRamp                      cstackCOMRAM 000038
returnHome@straightSpeed                     cstackCOMRAM 000036
returnHome@straightTime                      cstackCOMRAM 000033
returnHome@turnDuration                      cstackCOMRAM 00003A
returnHome@turnRamp                          cstackCOMRAM 00003B
returnHome@turnSpeed                         cstackCOMRAM 000039
reverseOneSquare@cur_power                   cstackCOMRAM 00002B
reverseOneSquare@i                           cstackCOMRAM 000029
reverseOneSquare@mL                          cstackCOMRAM 00001F
reverseOneSquare@mR                          cstackCOMRAM 000021
reverseOneSquare@reverseDuration             cstackCOMRAM 000024
reverseOneSquare@straightRamp                cstackCOMRAM 000025
reverseOneSquare@straightSpeed               cstackCOMRAM 000023
setMotorPWM@m                                cstackCOMRAM 000019
setMotorPWM@negDuty                          cstackCOMRAM 00001E
setMotorPWM@posDuty                          cstackCOMRAM 00001D
stackhi                                      (abs)        000000
stacklo                                      (abs)        000000
start                                        init         000098
start_initialization                         cinit        00376E
stop@cur_power                               cstackCOMRAM 000029
stop@i                                       cstackCOMRAM 000027
stop@mL                                      cstackCOMRAM 00001F
stop@mR                                      cstackCOMRAM 000021
stop@straightRamp                            cstackCOMRAM 000023
ttemp5                                       temp         00004C
ttemp6                                       temp         00004F
ttemp7                                       temp         000053
turnLeft@cur_power                           cstackCOMRAM 00002B
turnLeft@i                                   cstackCOMRAM 000029
turnLeft@mL                                  cstackCOMRAM 00001F
turnLeft@mR                                  cstackCOMRAM 000021
turnLeft@turnDuration                        cstackCOMRAM 000024
turnLeft@turnRamp                            cstackCOMRAM 000025
turnLeft@turnSpeed                           cstackCOMRAM 000023
turnRight@cur_power                          cstackCOMRAM 00002B
turnRight@i                                  cstackCOMRAM 000029
turnRight@mL                                 cstackCOMRAM 00001F
turnRight@mR                                 cstackCOMRAM 000021
turnRight@turnDuration                       cstackCOMRAM 000024
turnRight@turnRamp                           cstackCOMRAM 000025
turnRight@turnSpeed                          cstackCOMRAM 000023
white_Light@state                            cstackCOMRAM 00000C
wtemp8                                       temp         00004C


MODULE INFORMATION

Module		Function		Class		Link	Load	Size
C:\Program Files\Microchip\xc8\v2.45\pic\sources\c99\common\aldiv.c
		___aldiv       		CODE           	31BA	0000	268

C:\Program Files\Microchip\xc8\v2.45\pic\sources\c99\common\aldiv.c estimated size: 268

C:\Program Files\Microchip\xc8\v2.45\pic\sources\c99\common\Umul16.c
		___wmul        		CODE           	39E6	0000	38

C:\Program Files\Microchip\xc8\v2.45\pic\sources\c99\common\Umul16.c estimated size: 38

serial.c
		_putCharToRxBuf		CODE           	3A0C	0000	38
		_isDataInTxBuf 		CODE           	3B2C	0000	24
		_getCharFromTxBuf		CODE           	3A32	0000	38
		_initUSART4    		CODE           	3ADC	0000	30

serial.c estimated size: 130

timers.c
		_Timer0_init   		CODE           	3A9C	0000	32
		_resetTimer    		CODE           	3B72	0000	10
		_get16bitTMR0val		CODE           	396E	0000	40

timers.c estimated size: 82

color.c
		_color_writetoaddr		CODE           	3A7C	0000	32
		_color_normalise		CODE           	3070	0000	330
		_color_click_init		CODE           	38D6	0000	56
		_color_clear_init_interrupts		CODE           	3606	0000	122
		_color_read    		CODE           	2788	0000	494
		_white_Light   		CODE           	3A58	0000	36

color.c estimated size: 1070

dc_motor.c
		_fullSpeedAhead		CODE           	33CE	0000	228
		_turnLeft      		CODE           	2D30	0000	468
		_stop          		CODE           	32C6	0000	264
		_initDCmotorsPWM		CODE           	3576	0000	144
		_turnRight     		CODE           	2B5C	0000	468
		_move          		CODE           	1B5E	0000	1622
		_lostReturnHome		CODE           	14BE	0000	1696
		_setMotorPWM   		CODE           	2F04	0000	364
		_returnHome    		CODE           	0E02	0000	1724
		_calibration   		CODE           	24EE	0000	666
		_reverseOneSquare		CODE           	2976	0000	486

dc_motor.c estimated size: 8130

interrupts.c
		_Interrupts_init		CODE           	3B44	0000	22
		_HighISR       		CODE           	0008	0000	144

interrupts.c estimated size: 166

i2c.c
		_I2C_2_Master_Start		CODE           	3B90	0000	10
		_I2C_2_Master_Read		CODE           	3894	0000	66
		_I2C_2_Master_Idle		CODE           	3996	0000	40
		_I2C_2_Master_Init		CODE           	3944	0000	42
		_I2C_2_Master_Stop		CODE           	3B86	0000	10
		_I2C_2_Master_RepStart		CODE           	3B7C	0000	10
		_I2C_2_Master_Write		CODE           	3B5A	0000	12

i2c.c estimated size: 190

C:\Program Files\Microchip\xc8\v2.45\pic\sources\c99\common\Umul32.c
		___lmul        		CODE           	37DC	0000	106

C:\Program Files\Microchip\xc8\v2.45\pic\sources\c99\common\Umul32.c estimated size: 106

buggysetup.c
		_Buggy_init    		CODE           	390E	0000	54

buggysetup.c estimated size: 54

battery.c
		_batteryLevel  		CODE           	3846	0000	78

battery.c estimated size: 78

shared
		i2_color_clear_init_interrupts		CODE           	3680	0000	122
		i2_I2C_2_Master_Stop		CODE           	3B9A	0000	10
		i2_I2C_2_Master_Idle		CODE           	39BE	0000	40
		__initialization		CODE           	376E	0000	100
		i2_I2C_2_Master_Write		CODE           	3B66	0000	12
		i2_color_writetoaddr		CODE           	3ABC	0000	32
		i2_I2C_2_Master_Start		CODE           	3BA4	0000	10

shared estimated size: 326

ADC.c
		_ADC_init      		CODE           	3AFA	0000	26
		_ADC_getval    		CODE           	3B14	0000	24

ADC.c estimated size: 50

main.c
		_main          		CODE           	21B4	0000	826

main.c estimated size: 826

C:\Program Files\Microchip\xc8\v2.45\pic\sources\c99\common\lwdiv.c
		___lwdiv       		CODE           	36FA	0000	116

C:\Program Files\Microchip\xc8\v2.45\pic\sources\c99\common\lwdiv.c estimated size: 116

C:\Program Files\Microchip\xc8\v2.45\pic\sources\c99\common\awdiv.c
		___awdiv       		CODE           	34B2	0000	196

C:\Program Files\Microchip\xc8\v2.45\pic\sources\c99\common\awdiv.c estimated size: 196

