Microchip MPLAB XC8 Compiler V2.45

Linker command line:

-W-3 \
  --edf=C:\Program Files\Microchip\xc8\v2.45\pic\dat\20230818022343_en.msgs \
  -cn \
  -h+dist/default/production\final-project-kenton-thomas.X.production.sym \
  --cmf=dist/default/production\final-project-kenton-thomas.X.production.cmf \
  -z -Q18F67K40 -oC:\Users\thoma\AppData\Local\Temp\xcAsvlk.\driver_tmp_3.o \
  --defsym=__MPLAB_BUILD=1 --fixupoverflow=error \
  -Mdist/default/production/final-project-kenton-thomas.X.production.map \
  --md=C:\Users\thoma\AppData\Local\Temp\xcAsvlk.\driver_tmp_0.dat -E1 \
  -ver=XC8 Compiler --acfsm=1493 -ACODE=00h-01FFFFh -ACONST=00h-01FFFFh \
  -ASMALLCONST=0E00h-0EFFhx498 -AMEDIUMCONST=0E00h-0FFFFh,010E00h-01FFFFh \
  -ACOMRAM=01h-05Fh -AABS1=00h-0DE9h -ABIGRAM=01h-0DE9h \
  -ARAM=060h-0FFh,0100h-01FFhx12,0D00h-0DE9h -ABANK0=060h-0FFh \
  -ABANK1=0100h-01FFh -ABANK2=0200h-02FFh -ABANK3=0300h-03FFh \
  -ABANK4=0400h-04FFh -ABANK5=0500h-05FFh -ABANK6=0600h-06FFh \
  -ABANK7=0700h-07FFh -ABANK8=0800h-08FFh -ABANK9=0900h-09FFh \
  -ABANK10=0A00h-0AFFh -ABANK11=0B00h-0BFFh -ABANK12=0C00h-0CFFh \
  -ABANK13=0D00h-0DE9h \
  -ASFR=0DEFh-0DFFh,0E00h-0EFFh,0F00h-0F5Fh,0F60h-0FFFh \
  -ABIGSFR=0DEFh-0FFFh -ACONFIG=0300000h-030000Bh -AIDLOC=0200000h-020000Fh \
  -AEEDATA=0310000h-03103FFh -peeprom_data=EEDATA \
  -preset_vec=00h,intcode,intcodelo,powerup,init -pramtop=0E00h \
  -psmallconst=SMALLCONST -pmediumconst=MEDIUMCONST -pconst=CONST \
  -AFARRAM=00h-00h \
  -prdata=COMRAM,nvrram=COMRAM,nvbit=COMRAM,rbss=COMRAM,rbit=COMRAM \
  -pfarbss=FARRAM,fardata=FARRAM,nvFARRAM=FARRAM \
  -pintsave_regs=BIGRAM,bigbss=BIGRAM,bigdata=BIGRAM -pbss=RAM \
  -pidata=CODE,irdata=CODE,ibigdata=CODE,ifardata=CODE -prparam=COMRAM \
  C:\Users\thoma\AppData\Local\Temp\xcAsvlk.\driver_tmp_9.o \
  dist/default/production\final-project-kenton-thomas.X.production.o 

Object code version is 3.11

Machine type is 18F67K40



                Name                               Link     Load   Length Selector   Space Scale
C:\Users\thoma\AppData\Local\Temp\xcAsvlk.\driver_tmp_9.o
                config                           300000   300000        6        0       4
                init                                  0        0        4        0       0
dist/default/production\final-project-kenton-thomas.X.production.o
                config                           300000   300000        6        0       4
                smallconst                          E00      E00        2      700       0
                text9                              1862     1862       74      701       0
                text8                              18D6     18D6       26      701       0
                text7                              14BE     14BE      154      701       0
                text6                              1700     1700       D2      701       0
                text5                              17D2     17D2       90      701       0
                text4                               E02      E02      1C4      701       0
                text3                              1612     1612       EE      701       0
                text2                              117C     117C      1B6      701       0
                text1                               FC6      FC6      1B6      701       0
                text0                              1332     1332      18C      701       0
                cstackCOMRAM                          1        1       3A        1       1
                cinit                              18FC     18FC        6      701       0

TOTAL           Name                               Link     Load   Length     Space
        CLASS   CODE           
                init                                  0        0        4         0
                text9                              1862     1862       74         0
                text8                              18D6     18D6       26         0
                text7                              14BE     14BE      154         0
                text6                              1700     1700       D2         0
                text5                              17D2     17D2       90         0
                text4                               E02      E02      1C4         0
                text3                              1612     1612       EE         0
                text2                              117C     117C      1B6         0
                text1                               FC6      FC6      1B6         0
                text0                              1332     1332      18C         0
                cinit                              18FC     18FC        6         0

        CLASS   CONST          

        CLASS   SMALLCONST     
                smallconst                          E00      E00        2         0

        CLASS   MEDIUMCONST    

        CLASS   COMRAM         
                cstackCOMRAM                          1        1       3A         1

        CLASS   ABS1           

        CLASS   BIGRAM         

        CLASS   RAM            

        CLASS   BANK0          

        CLASS   BANK1          

        CLASS   BANK2          

        CLASS   BANK3          

        CLASS   BANK4          

        CLASS   BANK5          

        CLASS   BANK6          

        CLASS   BANK7          

        CLASS   BANK8          

        CLASS   BANK9          

        CLASS   BANK10         

        CLASS   BANK11         

        CLASS   BANK12         

        CLASS   BANK13         

        CLASS   SFR            

        CLASS   BIGSFR         

        CLASS   CONFIG         
                config                           300000   300000        6         4

        CLASS   IDLOC          

        CLASS   EEDATA         

        CLASS   FARRAM         

        CLASS   HEAP           

        CLASS   STACK          



SEGMENTS        Name                           Load    Length   Top    Selector   Space  Class

                reset_vec                      000000  000004  000004         0       0  CODE    
                cstackCOMRAM                   000001  00003A  00003B         1       1  COMRAM  
                smallconst                     000E00  000002  000E02       700       0  SMALLCON
                text4                          000E02  000B00  001902       701       0  CODE    


UNUSED ADDRESS RANGES

        Name                Unused          Largest block    Delta
        BANK0            000060-0000FF               A0
        BANK1            000100-0001FF              100
        BANK10           000A00-000AFF              100
        BANK11           000B00-000BFF              100
        BANK12           000C00-000CFF              100
        BANK13           000D00-000DE9               EA
        BANK2            000200-0002FF              100
        BANK3            000300-0003FF              100
        BANK4            000400-0004FF              100
        BANK5            000500-0005FF              100
        BANK6            000600-0006FF              100
        BANK7            000700-0007FF              100
        BANK8            000800-0008FF              100
        BANK9            000900-0009FF              100
        BIGRAM           00003B-000DE9              DAF
        BIGSFR           000DEF-000FFF              211
        CODE             000004-000DFF              DFC
                         001902-01FFFF            1E6FE
        COMRAM           00003B-00005F               25
        CONFIG           300006-30000B                6
        CONST            000004-000DFF              DFC
                         001902-01FFFF            1E6FE
        EEDATA           310000-3103FF              400
        IDLOC            200000-20000F               10
        MEDIUMCONST      001902-00FFFF             E6FE
                         010E00-01FFFF             F200
        RAM              000060-000DE9              100
        SFR              000DEF-000FFF              100
        SMALLCONST       001902-01FFFF              100

                                  Symbol Table

?___lwdiv                        cstackCOMRAM 000007
?___wmul                         cstackCOMRAM 000001
_ANSELFbits                      (abs)        000EB4
_CCP1CONbits                     (abs)        000FAB
_CCP2CONbits                     (abs)        000FA7
_CCP3CONbits                     (abs)        000F26
_CCP4CONbits                     (abs)        000F22
_CCPR1H                          (abs)        000FAA
_CCPR2H                          (abs)        000FA6
_CCPR3H                          (abs)        000F25
_CCPR4H                          (abs)        000F21
_CCPTMRS0bits                    (abs)        000FAD
_LATCbits                        (abs)        000F7B
_LATEbits                        (abs)        000F7D
_LATGbits                        (abs)        000F7F
_PORTFbits                       (abs)        000F8E
_RC7PPS                          (abs)        000E69
_RE2PPS                          (abs)        000E74
_RE4PPS                          (abs)        000E76
_RG6PPS                          (abs)        000E88
_T2CLKCONbits                    (abs)        000FBF
_T2CONbits                       (abs)        000FBD
_T2HLTbits                       (abs)        000FBE
_T2PR                            (abs)        000FBC
_TRISCbits                       (abs)        000F83
_TRISEbits                       (abs)        000F85
_TRISFbits                       (abs)        000F86
_TRISGbits                       (abs)        000F87
__HRAM                           (abs)        000000
__H__absolute__                  __absolute__ 000000
__Habs1                          abs1         000000
__Hbank0                         bank0        000000
__Hbank1                         bank1        000000
__Hbank10                        bank10       000000
__Hbank11                        bank11       000000
__Hbank12                        bank12       000000
__Hbank13                        bank13       000000
__Hbank2                         bank2        000000
__Hbank3                         bank3        000000
__Hbank4                         bank4        000000
__Hbank5                         bank5        000000
__Hbank6                         bank6        000000
__Hbank7                         bank7        000000
__Hbank8                         bank8        000000
__Hbank9                         bank9        000000
__Hbigbss                        bigbss       000000
__Hbigdata                       bigdata      000000
__Hbigram                        bigram       000000
__Hbigsfr                        bigsfr       000000
__Hbss                           bss          000000
__Hcinit                         cinit        000000
__Hclrtext                       clrtext      000000
__Hcomram                        comram       000000
__Hconfig                        config       300006
__Hconst                         const        000000
__HcstackCOMRAM                  cstackCOMRAM 000000
__Hdata                          data         000000
__Heeprom_data                   eeprom_data  000000
__Hfarbss                        farbss       000000
__Hfardata                       fardata      000000
__Hheap                          heap         000000
__Hibigdata                      ibigdata     000000
__Hidata                         idata        000000
__Hidloc                         idloc        000000
__Hifardata                      ifardata     000000
__Hinit                          init         000004
__Hintcode                       intcode      000000
__Hintcode_body                  intcode_body 000000
__Hintcodelo                     intcodelo    000000
__Hintentry                      intentry     000000
__Hintret                        intret       000000
__Hintsave_regs                  intsave_regs 000000
__Hirdata                        irdata       000000
__Hmediumconst                   mediumconst  000000
__HnvFARRAM                      nvFARRAM     000000
__Hnvbit                         nvbit        000000
__Hnvrram                        nvrram       000000
__Hparam                         rparam       000000
__Hpowerup                       powerup      000000
__Hram                           ram          000000
__Hramtop                        ramtop       000E00
__Hrbit                          rbit         000000
__Hrbss                          rbss         000000
__Hrdata                         rdata        000000
__Hreset_vec                     reset_vec    000000
__Hrparam                        rparam       000000
__Hsfr                           sfr          000000
__Hsmallconst                    smallconst   000E02
__Hspace_0                       (abs)        001902
__Hspace_1                       (abs)        00003B
__Hspace_2                       (abs)        000000
__Hspace_4                       (abs)        600006
__Hstack                         stack        000000
__Hstruct                        struct       000000
__Htemp                          temp         000000
__Htext                          text         000000
__Htext0                         text0        000000
__Htext1                         text1        000000
__Htext2                         text2        000000
__Htext3                         text3        000000
__Htext4                         text4        000000
__Htext5                         text5        000000
__Htext6                         text6        000000
__Htext7                         text7        000000
__Htext8                         text8        000000
__Htext9                         text9        000000
__LRAM                           (abs)        000001
__L__absolute__                  __absolute__ 000000
__Labs1                          abs1         000000
__Lbank0                         bank0        000000
__Lbank1                         bank1        000000
__Lbank10                        bank10       000000
__Lbank11                        bank11       000000
__Lbank12                        bank12       000000
__Lbank13                        bank13       000000
__Lbank2                         bank2        000000
__Lbank3                         bank3        000000
__Lbank4                         bank4        000000
__Lbank5                         bank5        000000
__Lbank6                         bank6        000000
__Lbank7                         bank7        000000
__Lbank8                         bank8        000000
__Lbank9                         bank9        000000
__Lbigbss                        bigbss       000000
__Lbigdata                       bigdata      000000
__Lbigram                        bigram       000000
__Lbigsfr                        bigsfr       000000
__Lbss                           bss          000000
__Lcinit                         cinit        000000
__Lclrtext                       clrtext      000000
__Lcomram                        comram       000000
__Lconfig                        config       000000
__Lconst                         const        000000
__LcstackCOMRAM                  cstackCOMRAM 000000
__Ldata                          data         000000
__Leeprom_data                   eeprom_data  000000
__Lfarbss                        farbss       000000
__Lfardata                       fardata      000000
__Lheap                          heap         000000
__Libigdata                      ibigdata     000000
__Lidata                         idata        000000
__Lidloc                         idloc        000000
__Lifardata                      ifardata     000000
__Linit                          init         000000
__Lintcode                       intcode      000000
__Lintcode_body                  intcode_body 000000
__Lintcodelo                     intcodelo    000000
__Lintentry                      intentry     000000
__Lintret                        intret       000000
__Lintsave_regs                  intsave_regs 000000
__Lirdata                        irdata       000000
__Lmediumconst                   mediumconst  000000
__LnvFARRAM                      nvFARRAM     000000
__Lnvbit                         nvbit        000000
__Lnvrram                        nvrram       000000
__Lparam                         rparam       000000
__Lpowerup                       powerup      000000
__Lram                           ram          000000
__Lramtop                        ramtop       000E00
__Lrbit                          rbit         000000
__Lrbss                          rbss         000000
__Lrdata                         rdata        000000
__Lreset_vec                     reset_vec    000000
__Lrparam                        rparam       000000
__Lsfr                           sfr          000000
__Lsmallconst                    smallconst   000E00
__Lspace_0                       (abs)        000000
__Lspace_1                       (abs)        000000
__Lspace_2                       (abs)        000000
__Lspace_4                       (abs)        000000
__Lstack                         stack        000000
__Lstruct                        struct       000000
__Ltemp                          temp         000000
__Ltext                          text         000000
__Ltext0                         text0        000000
__Ltext1                         text1        000000
__Ltext2                         text2        000000
__Ltext3                         text3        000000
__Ltext4                         text4        000000
__Ltext5                         text5        000000
__Ltext6                         text6        000000
__Ltext7                         text7        000000
__Ltext8                         text8        000000
__Ltext9                         text9        000000
__S0                             (abs)        001902
__S1                             (abs)        00003B
__S4                             (abs)        000000
__S5                             (abs)        000000
___heap_hi                       (abs)        000000
___heap_lo                       (abs)        000000
___inthi_sp                      stack        000000
___inthi_stack_hi                stack        000000
___inthi_stack_lo                stack        000000
___intlo_sp                      stack        000000
___intlo_stack_hi                stack        000000
___intlo_stack_lo                stack        000000
___lwdiv                         text9        001862
___lwdiv@counter                 cstackCOMRAM 00000D
___lwdiv@dividend                cstackCOMRAM 000007
___lwdiv@divisor                 cstackCOMRAM 000009
___lwdiv@quotient                cstackCOMRAM 00000B
___param_bank                    (abs)        000000
___rparam_used                   (abs)        000001
___sp                            stack        000000
___stack_hi                      stack        000000
___stack_lo                      stack        000000
___wmul                          text8        0018D6
___wmul@multiplicand             cstackCOMRAM 000003
___wmul@multiplier               cstackCOMRAM 000001
___wmul@product                  cstackCOMRAM 000005
__accesstop                      (abs)        000060
__activetblptr                   (abs)        000000
__end_of___lwdiv                 text9        0018D6
__end_of___wmul                  text8        0018FC
__end_of__initialization         cinit        0018FC
__end_of_fullSpeedAhead          text6        0017D2
__end_of_initDCmotorsPWM         text5        001862
__end_of_main                    text0        0014BE
__end_of_reverseOneSquare        text4        000FC6
__end_of_setMotorPWM             text7        001612
__end_of_stop                    text3        001700
__end_of_turnLeft                text2        001332
__end_of_turnRight               text1        00117C
__initialization                 cinit        0018FC
__mediumconst                    mediumconst  000000
__pcinit                         cinit        0018FC
__pcstackCOMRAM                  cstackCOMRAM 000001
__psmallconst                    smallconst   000E00
__ptext0                         text0        001332
__ptext1                         text1        000FC6
__ptext2                         text2        00117C
__ptext3                         text3        001612
__ptext4                         text4        000E02
__ptext5                         text5        0017D2
__ptext6                         text6        001700
__ptext7                         text7        0014BE
__ptext8                         text8        0018D6
__ptext9                         text9        001862
__ramtop                         ramtop       000E00
__smallconst                     smallconst   000E00
_fullSpeedAhead                  text6        001700
_initDCmotorsPWM                 text5        0017D2
_main                            text0        001332
_reverseOneSquare                text4        000E02
_setMotorPWM                     text7        0014BE
_stop                            text3        001612
_turnLeft                        text2        00117C
_turnRight                       text1        000FC6
end_of_initialization            cinit        0018FC
fullSpeedAhead@cur_power         cstackCOMRAM 00001C
fullSpeedAhead@i                 cstackCOMRAM 00001A
fullSpeedAhead@mL                cstackCOMRAM 000013
fullSpeedAhead@mR                cstackCOMRAM 000014
fullSpeedAhead@straightRamp      cstackCOMRAM 000016
fullSpeedAhead@straightSpeed     cstackCOMRAM 000015
initDCmotorsPWM@PWMperiod        cstackCOMRAM 000001
intlevel0                        text         000000
intlevel1                        text         000000
intlevel2                        text         000000
intlevel3                        text         000000
isa$std                          (abs)        000001
isa$xinst                        (abs)        000000
main@motorL                      cstackCOMRAM 000031
main@motorR                      cstackCOMRAM 000027
main@reverseDuration             cstackCOMRAM 000021
main@straightRamp                cstackCOMRAM 000026
main@straightSpeed               cstackCOMRAM 000022
main@turnDuration                cstackCOMRAM 000024
main@turnRamp                    cstackCOMRAM 000025
main@turnSpeed                   cstackCOMRAM 000023
reverseOneSquare@cur_power       cstackCOMRAM 00001D
reverseOneSquare@i               cstackCOMRAM 00001B
reverseOneSquare@mL              cstackCOMRAM 000013
reverseOneSquare@mR              cstackCOMRAM 000014
reverseOneSquare@reverseDuration cstackCOMRAM 000016
reverseOneSquare@straightRamp    cstackCOMRAM 000017
reverseOneSquare@straightSpeed   cstackCOMRAM 000015
setMotorPWM@m                    cstackCOMRAM 00000E
setMotorPWM@negDuty              cstackCOMRAM 000012
setMotorPWM@posDuty              cstackCOMRAM 000011
stackhi                          (abs)        000000
stacklo                          (abs)        000000
start                            init         000000
start_initialization             cinit        0018FC
stop@cur_power                   cstackCOMRAM 00001B
stop@i                           cstackCOMRAM 000019
stop@mL                          cstackCOMRAM 000013
stop@mR                          cstackCOMRAM 000014
stop@straightRamp                cstackCOMRAM 000015
turnLeft@cur_power               cstackCOMRAM 00001D
turnLeft@i                       cstackCOMRAM 00001B
turnLeft@mL                      cstackCOMRAM 000013
turnLeft@mR                      cstackCOMRAM 000014
turnLeft@turnDuration            cstackCOMRAM 000016
turnLeft@turnRamp                cstackCOMRAM 000017
turnLeft@turnSpeed               cstackCOMRAM 000015
turnRight@cur_power              cstackCOMRAM 00001D
turnRight@i                      cstackCOMRAM 00001B
turnRight@mL                     cstackCOMRAM 000013
turnRight@mR                     cstackCOMRAM 000014
turnRight@turnDuration           cstackCOMRAM 000016
turnRight@turnRamp               cstackCOMRAM 000017
turnRight@turnSpeed              cstackCOMRAM 000015


MODULE INFORMATION

Module		Function		Class		Link	Load	Size
C:\Program Files\Microchip\xc8\v2.45\pic\sources\c99\common\Umul16.c
		___wmul        		CODE           	18D6	0000	38

C:\Program Files\Microchip\xc8\v2.45\pic\sources\c99\common\Umul16.c estimated size: 38

dc_motor.c
		_fullSpeedAhead		CODE           	1700	0000	210
		_turnLeft      		CODE           	117C	0000	438
		_stop          		CODE           	1612	0000	238
		_initDCmotorsPWM		CODE           	17D2	0000	144
		_turnRight     		CODE           	0FC6	0000	438
		_setMotorPWM   		CODE           	14BE	0000	340
		_reverseOneSquare		CODE           	0E02	0000	452

dc_motor.c estimated size: 2260

shared
		__initialization		CODE           	18FC	0000	1

shared estimated size: 1

main.c
		_main          		CODE           	1332	0000	396

main.c estimated size: 396

C:\Program Files\Microchip\xc8\v2.45\pic\sources\c99\common\lwdiv.c
		___lwdiv       		CODE           	1862	0000	116

C:\Program Files\Microchip\xc8\v2.45\pic\sources\c99\common\lwdiv.c estimated size: 116

